Archive member included to satisfy reference by file (symbol)

/Users/chenguanming/Desktop/Course/Embedded/STM32CubeIDE.app/Contents/Eclipse/plugins/com.st.stm32cube.ide.mcu.externaltools.gnu-tools-for-stm32.12.3.rel1.macos64_1.1.0.202410301201/tools/bin/../lib/gcc/arm-none-eabi/12.3.1/../../../../arm-none-eabi/lib/thumb/v7e-m+fp/hard/libc_nano.a(libc_a-exit.o)
                              /Users/chenguanming/Desktop/Course/Embedded/STM32CubeIDE.app/Contents/Eclipse/plugins/com.st.stm32cube.ide.mcu.externaltools.gnu-tools-for-stm32.12.3.rel1.macos64_1.1.0.202410301201/tools/bin/../lib/gcc/arm-none-eabi/12.3.1/../../../../arm-none-eabi/lib/thumb/v7e-m+fp/hard/crt0.o (exit)
/Users/chenguanming/Desktop/Course/Embedded/STM32CubeIDE.app/Contents/Eclipse/plugins/com.st.stm32cube.ide.mcu.externaltools.gnu-tools-for-stm32.12.3.rel1.macos64_1.1.0.202410301201/tools/bin/../lib/gcc/arm-none-eabi/12.3.1/../../../../arm-none-eabi/lib/thumb/v7e-m+fp/hard/libc_nano.a(libc_a-findfp.o)
                              /Users/chenguanming/Desktop/Course/Embedded/STM32CubeIDE.app/Contents/Eclipse/plugins/com.st.stm32cube.ide.mcu.externaltools.gnu-tools-for-stm32.12.3.rel1.macos64_1.1.0.202410301201/tools/bin/../lib/gcc/arm-none-eabi/12.3.1/../../../../arm-none-eabi/lib/thumb/v7e-m+fp/hard/libc_nano.a(libc_a-exit.o) (__stdio_exit_handler)
/Users/chenguanming/Desktop/Course/Embedded/STM32CubeIDE.app/Contents/Eclipse/plugins/com.st.stm32cube.ide.mcu.externaltools.gnu-tools-for-stm32.12.3.rel1.macos64_1.1.0.202410301201/tools/bin/../lib/gcc/arm-none-eabi/12.3.1/../../../../arm-none-eabi/lib/thumb/v7e-m+fp/hard/libc_nano.a(libc_a-fwalk.o)
                              /Users/chenguanming/Desktop/Course/Embedded/STM32CubeIDE.app/Contents/Eclipse/plugins/com.st.stm32cube.ide.mcu.externaltools.gnu-tools-for-stm32.12.3.rel1.macos64_1.1.0.202410301201/tools/bin/../lib/gcc/arm-none-eabi/12.3.1/../../../../arm-none-eabi/lib/thumb/v7e-m+fp/hard/libc_nano.a(libc_a-findfp.o) (_fwalk_sglue)
/Users/chenguanming/Desktop/Course/Embedded/STM32CubeIDE.app/Contents/Eclipse/plugins/com.st.stm32cube.ide.mcu.externaltools.gnu-tools-for-stm32.12.3.rel1.macos64_1.1.0.202410301201/tools/bin/../lib/gcc/arm-none-eabi/12.3.1/../../../../arm-none-eabi/lib/thumb/v7e-m+fp/hard/libc_nano.a(libc_a-vsnprintf.o)
                              ./Core/Src/main.o (vsnprintf)
/Users/chenguanming/Desktop/Course/Embedded/STM32CubeIDE.app/Contents/Eclipse/plugins/com.st.stm32cube.ide.mcu.externaltools.gnu-tools-for-stm32.12.3.rel1.macos64_1.1.0.202410301201/tools/bin/../lib/gcc/arm-none-eabi/12.3.1/../../../../arm-none-eabi/lib/thumb/v7e-m+fp/hard/libc_nano.a(libc_a-strncpy.o)
                              ./Core/Src/File_Handling.o (strncpy)
/Users/chenguanming/Desktop/Course/Embedded/STM32CubeIDE.app/Contents/Eclipse/plugins/com.st.stm32cube.ide.mcu.externaltools.gnu-tools-for-stm32.12.3.rel1.macos64_1.1.0.202410301201/tools/bin/../lib/gcc/arm-none-eabi/12.3.1/../../../../arm-none-eabi/lib/thumb/v7e-m+fp/hard/libc_nano.a(libc_a-strstr.o)
                              ./Core/Src/File_Handling.o (strstr)
/Users/chenguanming/Desktop/Course/Embedded/STM32CubeIDE.app/Contents/Eclipse/plugins/com.st.stm32cube.ide.mcu.externaltools.gnu-tools-for-stm32.12.3.rel1.macos64_1.1.0.202410301201/tools/bin/../lib/gcc/arm-none-eabi/12.3.1/../../../../arm-none-eabi/lib/thumb/v7e-m+fp/hard/libc_nano.a(libc_a-memset.o)
                              /Users/chenguanming/Desktop/Course/Embedded/STM32CubeIDE.app/Contents/Eclipse/plugins/com.st.stm32cube.ide.mcu.externaltools.gnu-tools-for-stm32.12.3.rel1.macos64_1.1.0.202410301201/tools/bin/../lib/gcc/arm-none-eabi/12.3.1/../../../../arm-none-eabi/lib/thumb/v7e-m+fp/hard/crt0.o (memset)
/Users/chenguanming/Desktop/Course/Embedded/STM32CubeIDE.app/Contents/Eclipse/plugins/com.st.stm32cube.ide.mcu.externaltools.gnu-tools-for-stm32.12.3.rel1.macos64_1.1.0.202410301201/tools/bin/../lib/gcc/arm-none-eabi/12.3.1/../../../../arm-none-eabi/lib/thumb/v7e-m+fp/hard/libc_nano.a(libc_a-impure.o)
                              /Users/chenguanming/Desktop/Course/Embedded/STM32CubeIDE.app/Contents/Eclipse/plugins/com.st.stm32cube.ide.mcu.externaltools.gnu-tools-for-stm32.12.3.rel1.macos64_1.1.0.202410301201/tools/bin/../lib/gcc/arm-none-eabi/12.3.1/../../../../arm-none-eabi/lib/thumb/v7e-m+fp/hard/libc_nano.a(libc_a-vsnprintf.o) (_impure_ptr)
/Users/chenguanming/Desktop/Course/Embedded/STM32CubeIDE.app/Contents/Eclipse/plugins/com.st.stm32cube.ide.mcu.externaltools.gnu-tools-for-stm32.12.3.rel1.macos64_1.1.0.202410301201/tools/bin/../lib/gcc/arm-none-eabi/12.3.1/../../../../arm-none-eabi/lib/thumb/v7e-m+fp/hard/libc_nano.a(libc_a-errno.o)
                              ./Core/Src/syscalls.o (__errno)
[...]
Memory Configuration

Name             Origin             Length             Attributes
CCMRAM           0x10000000         0x00010000         xrw
RAM              0x20000000         0x00020000         xrw
FLASH            0x08000000         0x00100000         xr
*default*        0x00000000         0xffffffff

Linker script and memory map

LOAD /Users/chenguanming/Desktop/Course/Embedded/STM32CubeIDE.app/Contents/Eclipse/plugins/com.st.stm32cube.ide.mcu.externaltools.gnu-tools-for-stm32.12.3.rel1.macos64_1.1.0.202410301201/tools/bin/../lib/gcc/arm-none-eabi/12.3.1/thumb/v7e-m+fp/hard/crti.o
LOAD /Users/chenguanming/Desktop/Course/Embedded/STM32CubeIDE.app/Contents/Eclipse/plugins/com.st.stm32cube.ide.mcu.externaltools.gnu-tools-for-stm32.12.3.rel1.macos64_1.1.0.202410301201/tools/bin/../lib/gcc/arm-none-eabi/12.3.1/thumb/v7e-m+fp/hard/crtbegin.o
LOAD /Users/chenguanming/Desktop/Course/Embedded/STM32CubeIDE.app/Contents/Eclipse/plugins/com.st.stm32cube.ide.mcu.externaltools.gnu-tools-for-stm32.12.3.rel1.macos64_1.1.0.202410301201/tools/bin/../lib/gcc/arm-none-eabi/12.3.1/../../../../arm-none-eabi/lib/thumb/v7e-m+fp/hard/crt0.o
LOAD ./Core/Src/AUDIO.o
LOAD ./Core/Src/AUDIO_LINK.o
LOAD ./Core/Src/File_Handling.o
LOAD ./Core/Src/cs43l22.o
LOAD ./Core/Src/main.o
LOAD ./Core/Src/myprintf.o
LOAD ./Core/Src/stm32f4xx_hal_msp.o
LOAD ./Core/Src/stm32f4xx_hal_timebase_tim.o
LOAD ./Core/Src/stm32f4xx_it.o
LOAD ./Core/Src/syscalls.o
LOAD ./Core/Src/sysmem.o
LOAD ./Core/Src/system_stm32f4xx.o
LOAD ./Core/Src/waveplayer.o
LOAD ./Core/Startup/startup_stm32f407vgtx.o
LOAD ./Drivers/STM32F4xx_HAL_Driver/Src/stm32f4xx_hal.o
LOAD ./Drivers/STM32F4xx_HAL_Driver/Src/stm32f4xx_hal_cortex.o
LOAD ./Drivers/STM32F4xx_HAL_Driver/Src/stm32f4xx_hal_dma.o
LOAD ./Drivers/STM32F4xx_HAL_Driver/Src/stm32f4xx_hal_dma_ex.o
LOAD ./Drivers/STM32F4xx_HAL_Driver/Src/stm32f4xx_hal_exti.o
LOAD ./Drivers/STM32F4xx_HAL_Driver/Src/stm32f4xx_hal_flash.o
LOAD ./Drivers/STM32F4xx_HAL_Driver/Src/stm32f4xx_hal_flash_ex.o
LOAD ./Drivers/STM32F4xx_HAL_Driver/Src/stm32f4xx_hal_flash_ramfunc.o
LOAD ./Drivers/STM32F4xx_HAL_Driver/Src/stm32f4xx_hal_gpio.o
LOAD ./Drivers/STM32F4xx_HAL_Driver/Src/stm32f4xx_hal_i2c.o
LOAD ./Drivers/STM32F4xx_HAL_Driver/Src/stm32f4xx_hal_i2c_ex.o
LOAD ./Drivers/STM32F4xx_HAL_Driver/Src/stm32f4xx_hal_i2s.o
LOAD ./Drivers/STM32F4xx_HAL_Driver/Src/stm32f4xx_hal_i2s_ex.o
LOAD ./Drivers/STM32F4xx_HAL_Driver/Src/stm32f4xx_hal_pwr.o
LOAD ./Drivers/STM32F4xx_HAL_Driver/Src/stm32f4xx_hal_pwr_ex.o
LOAD ./Drivers/STM32F4xx_HAL_Driver/Src/stm32f4xx_hal_rcc.o
LOAD ./Drivers/STM32F4xx_HAL_Driver/Src/stm32f4xx_hal_rcc_ex.o
LOAD ./Drivers/STM32F4xx_HAL_Driver/Src/stm32f4xx_hal_spi.o
LOAD ./Drivers/STM32F4xx_HAL_Driver/Src/stm32f4xx_hal_tim.o
LOAD ./Drivers/STM32F4xx_HAL_Driver/Src/stm32f4xx_hal_tim_ex.o
LOAD ./Drivers/STM32F4xx_HAL_Driver/Src/stm32f4xx_hal_uart.o
LOAD ./FATFS/App/fatfs.o
LOAD ./FATFS/Target/user_diskio.o
LOAD ./FATFS/Target/user_diskio_spi.o
LOAD ./FreeRTOS/croutine.o
LOAD ./FreeRTOS/event_groups.o
LOAD ./FreeRTOS/list.o
LOAD ./FreeRTOS/queue.o
LOAD ./FreeRTOS/stream_buffer.o
LOAD ./FreeRTOS/tasks.o
LOAD ./FreeRTOS/timers.o
LOAD ./FreeRTOS/portable/ARM_CM4F/port.o
LOAD ./FreeRTOS/portable/MemMang/heap_4.o
LOAD ./Middlewares/Third_Party/FatFs/src/diskio.o
LOAD ./Middlewares/Third_Party/FatFs/src/ff.o
LOAD ./Middlewares/Third_Party/FatFs/src/ff_gen_drv.o
LOAD ./Middlewares/Third_Party/FatFs/src/option/syscall.o
START GROUP
LOAD /Users/chenguanming/Desktop/Course/Embedded/STM32CubeIDE.app/Contents/Eclipse/plugins/com.st.stm32cube.ide.mcu.externaltools.gnu-tools-for-stm32.12.3.rel1.macos64_1.1.0.202410301201/tools/bin/../lib/gcc/arm-none-eabi/12.3.1/../../../../arm-none-eabi/lib/thumb/v7e-m+fp/hard/libc_nano.a
LOAD /Users/chenguanming/Desktop/Course/Embedded/STM32CubeIDE.app/Contents/Eclipse/plugins/com.st.stm32cube.ide.mcu.externaltools.gnu-tools-for-stm32.12.3.rel1.macos64_1.1.0.202410301201/tools/bin/../lib/gcc/arm-none-eabi/12.3.1/../../../../arm-none-eabi/lib/thumb/v7e-m+fp/hard/libm.a
END GROUP
START GROUP
LOAD /Users/chenguanming/Desktop/Course/Embedded/STM32CubeIDE.app/Contents/Eclipse/plugins/com.st.stm32cube.ide.mcu.externaltools.gnu-tools-for-stm32.12.3.rel1.macos64_1.1.0.202410301201/tools/bin/../lib/gcc/arm-none-eabi/12.3.1/thumb/v7e-m+fp/hard/libgcc.a
LOAD /Users/chenguanming/Desktop/Course/Embedded/STM32CubeIDE.app/Contents/Eclipse/plugins/com.st.stm32cube.ide.mcu.externaltools.gnu-tools-for-stm32.12.3.rel1.macos64_1.1.0.202410301201/tools/bin/../lib/gcc/arm-none-eabi/12.3.1/../../../../arm-none-eabi/lib/thumb/v7e-m+fp/hard/libc_nano.a
END GROUP
START GROUP
LOAD /Users/chenguanming/Desktop/Course/Embedded/STM32CubeIDE.app/Contents/Eclipse/plugins/com.st.stm32cube.ide.mcu.externaltools.gnu-tools-for-stm32.12.3.rel1.macos64_1.1.0.202410301201/tools/bin/../lib/gcc/arm-none-eabi/12.3.1/thumb/v7e-m+fp/hard/libgcc.a
LOAD /Users/chenguanming/Desktop/Course/Embedded/STM32CubeIDE.app/Contents/Eclipse/plugins/com.st.stm32cube.ide.mcu.externaltools.gnu-tools-for-stm32.12.3.rel1.macos64_1.1.0.202410301201/tools/bin/../lib/gcc/arm-none-eabi/12.3.1/../../../../arm-none-eabi/lib/thumb/v7e-m+fp/hard/libc_nano.a
LOAD /Users/chenguanming/Desktop/Course/Embedded/STM32CubeIDE.app/Contents/Eclipse/plugins/com.st.stm32cube.ide.mcu.externaltools.gnu-tools-for-stm32.12.3.rel1.macos64_1.1.0.202410301201/tools/bin/../lib/gcc/arm-none-eabi/12.3.1/../../../../arm-none-eabi/lib/thumb/v7e-m+fp/hard/libnosys.a
END GROUP
START GROUP
LOAD /Users/chenguanming/Desktop/Course/Embedded/STM32CubeIDE.app/Contents/Eclipse/plugins/com.st.stm32cube.ide.mcu.externaltools.gnu-tools-for-stm32.12.3.rel1.macos64_1.1.0.202410301201/tools/bin/../lib/gcc/arm-none-eabi/12.3.1/thumb/v7e-m+fp/hard/libgcc.a
LOAD /Users/chenguanming/Desktop/Course/Embedded/STM32CubeIDE.app/Contents/Eclipse/plugins/com.st.stm32cube.ide.mcu.externaltools.gnu-tools-for-stm32.12.3.rel1.macos64_1.1.0.202410301201/tools/bin/../lib/gcc/arm-none-eabi/12.3.1/../../../../arm-none-eabi/lib/thumb/v7e-m+fp/hard/libc_nano.a
LOAD /Users/chenguanming/Desktop/Course/Embedded/STM32CubeIDE.app/Contents/Eclipse/plugins/com.st.stm32cube.ide.mcu.externaltools.gnu-tools-for-stm32.12.3.rel1.macos64_1.1.0.202410301201/tools/bin/../lib/gcc/arm-none-eabi/12.3.1/../../../../arm-none-eabi/lib/thumb/v7e-m+fp/hard/libnosys.a
END GROUP
LOAD /Users/chenguanming/Desktop/Course/Embedded/STM32CubeIDE.app/Contents/Eclipse/plugins/com.st.stm32cube.ide.mcu.externaltools.gnu-tools-for-stm32.12.3.rel1.macos64_1.1.0.202410301201/tools/bin/../lib/gcc/arm-none-eabi/12.3.1/thumb/v7e-m+fp/hard/crtend.o
LOAD /Users/chenguanming/Desktop/Course/Embedded/STM32CubeIDE.app/Contents/Eclipse/plugins/com.st.stm32cube.ide.mcu.externaltools.gnu-tools-for-stm32.12.3.rel1.macos64_1.1.0.202410301201/tools/bin/../lib/gcc/arm-none-eabi/12.3.1/thumb/v7e-m+fp/hard/crtn.o
                0x20020000                        _estack = (ORIGIN (RAM) + LENGTH (RAM))
                0x00000200                        _Min_Heap_Size = 0x200
                0x00000400                        _Min_Stack_Size = 0x400

.isr_vector     0x08000000      0x188
                0x08000000                        . = ALIGN (0x4)
 *(.isr_vector)
 .isr_vector    0x08000000      0x188 ./Core/Startup/startup_stm32f407vgtx.o
                0x08000000                g_pfnVectors
                0x08000188                        . = ALIGN (0x4)

.text           0x08000190     0xee4c
                0x08000190                        . = ALIGN (0x4)
 *(.text)
 .text          0x08000190       0x40 /Users/chenguanming/Desktop/Course/Embedded/STM32CubeIDE.app/Contents/Eclipse/plugins/com.st.stm32cube.ide.mcu.externaltools.gnu-tools-for-stm32.12.3.rel1.macos64_1.1.0.202410301201/tools/bin/../lib/gcc/arm-none-eabi/12.3.1/thumb/v7e-m+fp/hard/crtbegin.o
 .text          0x080001d0       0x10 /Users/chenguanming/Desktop/Course/Embedded/STM32CubeIDE.app/Contents/Eclipse/plugins/com.st.stm32cube.ide.mcu.externaltools.gnu-tools-for-stm32.12.3.rel1.macos64_1.1.0.202410301201/tools/bin/../lib/gcc/arm-none-eabi/12.3.1/../../../../arm-none-eabi/lib/thumb/v7e-m+fp/hard/libc_nano.a(libc_a-strlen.o)
                0x080001d0                strlen
 .text          0x080001e0       0xa0 /Users/chenguanming/Desktop/Course/Embedded/STM32CubeIDE.app/Contents/Eclipse/plugins/com.st.stm32cube.ide.mcu.externaltools.gnu-tools-for-stm32.12.3.rel1.macos64_1.1.0.202410301201/tools/bin/../lib/gcc/arm-none-eabi/12.3.1/../../../../arm-none-eabi/lib/thumb/v7e-m+fp/hard/libc_nano.a(libc_a-memchr.o)
                0x080001e0                memchr
 .text          0x08000280       0x30 /Users/chenguanming/Desktop/Course/Embedded/STM32CubeIDE.app/Contents/Eclipse/plugins/com.st.stm32cube.ide.mcu.externaltools.gnu-tools-for-stm32.12.3.rel1.macos64_1.1.0.202410301201/tools/bin/../lib/gcc/arm-none-eabi/12.3.1/thumb/v7e-m+fp/hard/libgcc.a(_aeabi_uldivmod.o)
                0x08000280                __aeabi_uldivmod
 .text          0x080002b0      0x2bc /Users/chenguanming/Desktop/Course/Embedded/STM32CubeIDE.app/Contents/Eclipse/plugins/com.st.stm32cube.ide.mcu.externaltools.gnu-tools-for-stm32.12.3.rel1.macos64_1.1.0.202410301201/tools/bin/../lib/gcc/arm-none-eabi/12.3.1/thumb/v7e-m+fp/hard/libgcc.a(_udivmoddi4.o)
                0x080002b0                __udivmoddi4
 .text          0x0800056c        0x4 /Users/chenguanming/Desktop/Course/Embedded/STM32CubeIDE.app/Contents/Eclipse/plugins/com.st.stm32cube.ide.mcu.externaltools.gnu-tools-for-stm32.12.3.rel1.macos64_1.1.0.202410301201/tools/bin/../lib/gcc/arm-none-eabi/12.3.1/thumb/v7e-m+fp/hard/libgcc.a(_dvmd_tls.o)
                0x0800056c                __aeabi_ldiv0
                0x0800056c                __aeabi_idiv0
 *(.text*)
 .text.AUDIO_OUT_Init
                0x08000570       0x9c ./Core/Src/AUDIO.o
                0x08000570                AUDIO_OUT_Init
 .text.AUDIO_OUT_Play
                0x0800060c       0x54 ./Core/Src/AUDIO.o
                0x0800060c                AUDIO_OUT_Play
 .text.AUDIO_OUT_Pause
                0x08000660       0x2c ./Core/Src/AUDIO.o
                0x08000660                AUDIO_OUT_Pause
 .text.AUDIO_OUT_Resume
                0x0800068c       0x2c ./Core/Src/AUDIO.o
                0x0800068c                AUDIO_OUT_Resume
 .text.AUDIO_OUT_Stop
                0x080006b8       0x50 ./Core/Src/AUDIO.o
                0x080006b8                AUDIO_OUT_Stop
 .text.AUDIO_OUT_SetVolume
                0x08000708       0x30 ./Core/Src/AUDIO.o
                0x08000708                AUDIO_OUT_SetVolume
 .text.HAL_I2S_TxCpltCallback
                0x08000738       0x24 ./Core/Src/AUDIO.o
                0x08000738                HAL_I2S_TxCpltCallback
 .text.HAL_I2S_TxHalfCpltCallback
                0x0800075c       0x24 ./Core/Src/AUDIO.o
                0x0800075c                HAL_I2S_TxHalfCpltCallback
 .text.AUDIO_OUT_ClockConfig
                0x08000780       0xb4 ./Core/Src/AUDIO.o
                0x08000780                AUDIO_OUT_ClockConfig
 .text.AUDIO_OUT_MspInit
                0x08000834      0x180 ./Core/Src/AUDIO.o
                0x08000834                AUDIO_OUT_MspInit
 .text.AUDIO_OUT_Error_CallBack
                0x080009b4        0xe ./Core/Src/AUDIO.o
                0x080009b4                AUDIO_OUT_Error_CallBack
 *fill*         0x080009c2        0x2 
 .text.I2S3_Init
                0x080009c4       0x70 ./Core/Src/AUDIO.o
 .text.HAL_I2S_ErrorCallback
                0x08000a34       0x24 ./Core/Src/AUDIO.o
                0x08000a34                HAL_I2S_ErrorCallback
 .text.I2Cx_Init
                0x08000a58       0x64 ./Core/Src/AUDIO_LINK.o
 .text.I2Cx_WriteData
                0x08000abc       0x50 ./Core/Src/AUDIO_LINK.o
 .text.I2Cx_ReadData
                0x08000b0c       0x58 ./Core/Src/AUDIO_LINK.o
 .text.I2Cx_Error
                0x08000b64       0x18 ./Core/Src/AUDIO_LINK.o
 .text.I2Cx_MspInit
                0x08000b7c       0xac ./Core/Src/AUDIO_LINK.o
 .text.AUDIO_IO_Init
                0x08000c28       0x70 ./Core/Src/AUDIO_LINK.o
                0x08000c28                AUDIO_IO_Init
 .text.AUDIO_IO_DeInit
                0x08000c98        0xe ./Core/Src/AUDIO_LINK.o
                0x08000c98                AUDIO_IO_DeInit
 .text.AUDIO_IO_Write
                0x08000ca6       0x28 ./Core/Src/AUDIO_LINK.o
                0x08000ca6                AUDIO_IO_Write
 .text.AUDIO_IO_Read
                0x08000cce       0x28 ./Core/Src/AUDIO_LINK.o
                0x08000cce                AUDIO_IO_Read
 *fill*         0x08000cf6        0x2 
 .text.AUDIO_StorageParse
                0x08000cf8      0x15c ./Core/Src/File_Handling.o
                0x08000cf8                AUDIO_StorageParse
 .text.AUDIO_GetWavObjectNumber
                0x08000e54       0x20 ./Core/Src/File_Handling.o
                0x08000e54                AUDIO_GetWavObjectNumber
 .text.Mount_SD
                0x08000e74       0x4c ./Core/Src/File_Handling.o
                0x08000e74                Mount_SD
 .text.cs43l22_Init
                0x08000ec0      0x1c8 ./Core/Src/cs43l22.o
                0x08000ec0                cs43l22_Init
 .text.cs43l22_DeInit
                0x08001088        0xc ./Core/Src/cs43l22.o
                0x08001088                cs43l22_DeInit
 .text.cs43l22_ReadID
                0x08001094       0x30 ./Core/Src/cs43l22.o
                0x08001094                cs43l22_ReadID
 .text.cs43l22_Play
                0x080010c4       0x74 ./Core/Src/cs43l22.o
                0x080010c4                cs43l22_Play
 .text.cs43l22_Pause
                0x08001138       0x42 ./Core/Src/cs43l22.o
                0x08001138                cs43l22_Pause
 *fill*         0x0800117a        0x2 
 .text.cs43l22_Resume
                0x0800117c       0x78 ./Core/Src/cs43l22.o
                0x0800117c                cs43l22_Resume
 .text.cs43l22_Stop
                0x080011f4       0x68 ./Core/Src/cs43l22.o
                0x080011f4                cs43l22_Stop
 .text.cs43l22_SetVolume
                0x0800125c       0xbc ./Core/Src/cs43l22.o
                0x0800125c                cs43l22_SetVolume
 .text.cs43l22_SetFrequency
                0x08001318       0x1a ./Core/Src/cs43l22.o
                0x08001318                cs43l22_SetFrequency
 *fill*         0x08001332        0x2 
 .text.cs43l22_SetMute
                0x08001334       0xbc ./Core/Src/cs43l22.o
                0x08001334                cs43l22_SetMute
 .text.cs43l22_SetOutputMode
                0x080013f0       0xe4 ./Core/Src/cs43l22.o
                0x080013f0                cs43l22_SetOutputMode
 .text.cs43l22_Reset
                0x080014d4       0x18 ./Core/Src/cs43l22.o
                0x080014d4                cs43l22_Reset
 .text.CODEC_IO_Write
                0x080014ec       0x2e ./Core/Src/cs43l22.o
 *fill*         0x0800151a        0x2 
 .text.LogOperation
                0x0800151c       0x50 ./Core/Src/main.o
                0x0800151c                LogOperation
 .text.PrintLogFile
                0x0800156c       0xe8 ./Core/Src/main.o
                0x0800156c                PrintLogFile
 .text.LogTask  0x08001654      0x194 ./Core/Src/main.o
                0x08001654                LogTask
 .text.buttonState
                0x080017e8       0x98 ./Core/Src/main.o
                0x080017e8                buttonState
 .text.getButtonEvent
                0x08001880      0x118 ./Core/Src/main.o
                0x08001880                getButtonEvent
 .text.ButtonTask
                0x08001998      0x184 ./Core/Src/main.o
                0x08001998                ButtonTask
 .text.AudioPlayerTask
                0x08001b1c       0x9c ./Core/Src/main.o
                0x08001b1c                AudioPlayerTask
 .text.HAL_GPIO_EXTI_Callback
                0x08001bb8       0x54 ./Core/Src/main.o
                0x08001bb8                HAL_GPIO_EXTI_Callback
 .text.main     0x08001c0c       0xdc ./Core/Src/main.o
                0x08001c0c                main
 .text.SystemClock_Config
                0x08001ce8       0xd4 ./Core/Src/main.o
                0x08001ce8                SystemClock_Config
 .text.MX_I2C1_Init
                0x08001dbc       0x5c ./Core/Src/main.o
 .text.MX_I2S3_Init
                0x08001e18       0x5c ./Core/Src/main.o
 .text.MX_SPI2_Init
                0x08001e74       0x6c ./Core/Src/main.o
 .text.MX_USART2_UART_Init
                0x08001ee0       0x54 ./Core/Src/main.o
 .text.MX_DMA_Init
                0x08001f34       0x40 ./Core/Src/main.o
 .text.MX_GPIO_Init
                0x08001f74       0xec ./Core/Src/main.o
 .text.HAL_TIM_PeriodElapsedCallback
                0x08002060       0x1e ./Core/Src/main.o
                0x08002060                HAL_TIM_PeriodElapsedCallback
 .text.Error_Handler
                0x0800207e        0xc ./Core/Src/main.o
                0x0800207e                Error_Handler
 *fill*         0x0800208a        0x2 
 .text.myprintf
                0x0800208c       0x4c ./Core/Src/myprintf.o
                0x0800208c                myprintf
 .text.HAL_MspInit
                0x080020d8       0x50 ./Core/Src/stm32f4xx_hal_msp.o
                0x080020d8                HAL_MspInit
 .text.HAL_I2C_MspInit
                0x08002128       0x90 ./Core/Src/stm32f4xx_hal_msp.o
                0x08002128                HAL_I2C_MspInit
 .text.HAL_I2C_MspDeInit
                0x080021b8       0x44 ./Core/Src/stm32f4xx_hal_msp.o
                0x080021b8                HAL_I2C_MspDeInit
 .text.HAL_I2S_MspInit
                0x080021fc      0x17c ./Core/Src/stm32f4xx_hal_msp.o
                0x080021fc                HAL_I2S_MspInit
 .text.HAL_SPI_MspInit
                0x08002378       0x90 ./Core/Src/stm32f4xx_hal_msp.o
                0x08002378                HAL_SPI_MspInit
 .text.HAL_UART_MspInit
                0x08002408       0x90 ./Core/Src/stm32f4xx_hal_msp.o
                0x08002408                HAL_UART_MspInit
 .text.HAL_InitTick
                0x08002498       0xf8 ./Core/Src/stm32f4xx_hal_timebase_tim.o
                0x08002498                HAL_InitTick
 .text.NMI_Handler
                0x08002590        0x8 ./Core/Src/stm32f4xx_it.o
                0x08002590                NMI_Handler
 .text.HardFault_Handler
                0x08002598        0x8 ./Core/Src/stm32f4xx_it.o
                0x08002598                HardFault_Handler
 .text.MemManage_Handler
                0x080025a0        0x8 ./Core/Src/stm32f4xx_it.o
                0x080025a0                MemManage_Handler
 .text.BusFault_Handler
                0x080025a8        0x8 ./Core/Src/stm32f4xx_it.o
                0x080025a8                BusFault_Handler
 .text.UsageFault_Handler
                0x080025b0        0x8 ./Core/Src/stm32f4xx_it.o
                0x080025b0                UsageFault_Handler
 .text.DebugMon_Handler
                0x080025b8        0xe ./Core/Src/stm32f4xx_it.o
                0x080025b8                DebugMon_Handler
 .text.EXTI0_IRQHandler
                0x080025c6        0xe ./Core/Src/stm32f4xx_it.o
                0x080025c6                EXTI0_IRQHandler
 .text.DMA1_Stream5_IRQHandler
                0x080025d4       0x14 ./Core/Src/stm32f4xx_it.o
                0x080025d4                DMA1_Stream5_IRQHandler
 .text.TIM2_IRQHandler
                0x080025e8       0x14 ./Core/Src/stm32f4xx_it.o
                0x080025e8                TIM2_IRQHandler
 .text._sbrk    0x080025fc       0x6c ./Core/Src/sysmem.o
                0x080025fc                _sbrk
 .text.SystemInit
                0x08002668       0x24 ./Core/Src/system_stm32f4xx.o
                0x08002668                SystemInit
 .text.PlayerInit
                0x0800268c       0x30 ./Core/Src/waveplayer.o
                0x0800268c                PlayerInit
 .text.AUDIO_PLAYER_Start
                0x080026bc       0xc0 ./Core/Src/waveplayer.o
                0x080026bc                AUDIO_PLAYER_Start
 .text.AUDIO_PLAYER_Process
                0x0800277c      0x234 ./Core/Src/waveplayer.o
                0x0800277c                AUDIO_PLAYER_Process
 .text.AUDIO_OUT_TransferComplete_CallBack
                0x080029b0       0x28 ./Core/Src/waveplayer.o
                0x080029b0                AUDIO_OUT_TransferComplete_CallBack
 .text.AUDIO_OUT_HalfTransfer_CallBack
                0x080029d8       0x28 ./Core/Src/waveplayer.o
                0x080029d8                AUDIO_OUT_HalfTransfer_CallBack
 .text.Reset_Handler
                0x08002a00       0x50 ./Core/Startup/startup_stm32f407vgtx.o
                0x08002a00                Reset_Handler
 .text.Default_Handler
                0x08002a50        0x2 ./Core/Startup/startup_stm32f407vgtx.o
                0x08002a50                DMA1_Stream3_IRQHandler
                0x08002a50                HASH_RNG_IRQHandler
                0x08002a50                EXTI2_IRQHandler
                0x08002a50                TIM8_CC_IRQHandler
                0x08002a50                TIM1_CC_IRQHandler
                0x08002a50                DMA2_Stream5_IRQHandler
                0x08002a50                PVD_IRQHandler
                0x08002a50                SDIO_IRQHandler
                0x08002a50                TAMP_STAMP_IRQHandler
                0x08002a50                CAN2_RX1_IRQHandler
                0x08002a50                EXTI3_IRQHandler
                0x08002a50                TIM8_TRG_COM_TIM14_IRQHandler
                0x08002a50                TIM1_UP_TIM10_IRQHandler
                0x08002a50                TIM8_UP_TIM13_IRQHandler
                0x08002a50                I2C3_ER_IRQHandler
                0x08002a50                I2C2_EV_IRQHandler
                0x08002a50                DMA1_Stream2_IRQHandler
                0x08002a50                CAN1_RX0_IRQHandler
                0x08002a50                FPU_IRQHandler
                0x08002a50                OTG_HS_WKUP_IRQHandler
                0x08002a50                CAN2_SCE_IRQHandler
                0x08002a50                DMA2_Stream2_IRQHandler
                0x08002a50                SPI1_IRQHandler
                0x08002a50                TIM6_DAC_IRQHandler
                0x08002a50                TIM1_BRK_TIM9_IRQHandler
                0x08002a50                DCMI_IRQHandler
                0x08002a50                CAN2_RX0_IRQHandler
                0x08002a50                DMA2_Stream3_IRQHandler
                0x08002a50                USART6_IRQHandler
                0x08002a50                USART3_IRQHandler
                0x08002a50                CAN1_RX1_IRQHandler
                0x08002a50                UART5_IRQHandler
                0x08002a50                DMA2_Stream0_IRQHandler
                0x08002a50                TIM4_IRQHandler
                0x08002a50                I2C1_EV_IRQHandler
                0x08002a50                DMA1_Stream6_IRQHandler
                0x08002a50                DMA1_Stream1_IRQHandler
                0x08002a50                UART4_IRQHandler
                0x08002a50                TIM3_IRQHandler
                0x08002a50                RCC_IRQHandler
                0x08002a50                TIM8_BRK_TIM12_IRQHandler
                0x08002a50                Default_Handler
                0x08002a50                EXTI15_10_IRQHandler
                0x08002a50                ADC_IRQHandler
                0x08002a50                DMA1_Stream7_IRQHandler
                0x08002a50                TIM7_IRQHandler
                0x08002a50                CAN2_TX_IRQHandler
                0x08002a50                TIM5_IRQHandler
                0x08002a50                DMA2_Stream7_IRQHandler
                0x08002a50                I2C3_EV_IRQHandler
                0x08002a50                EXTI9_5_IRQHandler
                0x08002a50                RTC_WKUP_IRQHandler
                0x08002a50                ETH_WKUP_IRQHandler
                0x08002a50                SPI2_IRQHandler
                0x08002a50                OTG_HS_EP1_IN_IRQHandler
                0x08002a50                DMA1_Stream0_IRQHandler
                0x08002a50                CAN1_TX_IRQHandler
                0x08002a50                EXTI4_IRQHandler
                0x08002a50                FSMC_IRQHandler
                0x08002a50                ETH_IRQHandler
                0x08002a50                OTG_HS_EP1_OUT_IRQHandler
                0x08002a50                WWDG_IRQHandler
                0x08002a50                OTG_FS_WKUP_IRQHandler
                0x08002a50                TIM1_TRG_COM_TIM11_IRQHandler
                0x08002a50                OTG_HS_IRQHandler
                0x08002a50                EXTI1_IRQHandler
                0x08002a50                USART2_IRQHandler
                0x08002a50                I2C2_ER_IRQHandler
                0x08002a50                DMA2_Stream1_IRQHandler
                0x08002a50                CAN1_SCE_IRQHandler
                0x08002a50                FLASH_IRQHandler
                0x08002a50                DMA2_Stream4_IRQHandler
                0x08002a50                USART1_IRQHandler
                0x08002a50                OTG_FS_IRQHandler
                0x08002a50                SPI3_IRQHandler
                0x08002a50                DMA1_Stream4_IRQHandler
                0x08002a50                I2C1_ER_IRQHandler
                0x08002a50                DMA2_Stream6_IRQHandler
                0x08002a50                RTC_Alarm_IRQHandler
 *fill*         0x08002a52        0x2 
 .text.HAL_Init
                0x08002a54       0x44 ./Drivers/STM32F4xx_HAL_Driver/Src/stm32f4xx_hal.o
                0x08002a54                HAL_Init
 .text.HAL_IncTick
                0x08002a98       0x28 ./Drivers/STM32F4xx_HAL_Driver/Src/stm32f4xx_hal.o
                0x08002a98                HAL_IncTick
 .text.HAL_GetTick
                0x08002ac0       0x18 ./Drivers/STM32F4xx_HAL_Driver/Src/stm32f4xx_hal.o
                0x08002ac0                HAL_GetTick
 .text.HAL_Delay
                0x08002ad8       0x48 ./Drivers/STM32F4xx_HAL_Driver/Src/stm32f4xx_hal.o
                0x08002ad8                HAL_Delay
 .text.__NVIC_SetPriorityGrouping
                0x08002b20       0x48 ./Drivers/STM32F4xx_HAL_Driver/Src/stm32f4xx_hal_cortex.o
 .text.__NVIC_GetPriorityGrouping
                0x08002b68       0x1c ./Drivers/STM32F4xx_HAL_Driver/Src/stm32f4xx_hal_cortex.o
 .text.__NVIC_EnableIRQ
                0x08002b84       0x3c ./Drivers/STM32F4xx_HAL_Driver/Src/stm32f4xx_hal_cortex.o
 .text.__NVIC_SetPriority
                0x08002bc0       0x54 ./Drivers/STM32F4xx_HAL_Driver/Src/stm32f4xx_hal_cortex.o
 .text.NVIC_EncodePriority
                0x08002c14       0x66 ./Drivers/STM32F4xx_HAL_Driver/Src/stm32f4xx_hal_cortex.o
 .text.HAL_NVIC_SetPriorityGrouping
                0x08002c7a       0x16 ./Drivers/STM32F4xx_HAL_Driver/Src/stm32f4xx_hal_cortex.o
                0x08002c7a                HAL_NVIC_SetPriorityGrouping
 .text.HAL_NVIC_SetPriority
                0x08002c90       0x38 ./Drivers/STM32F4xx_HAL_Driver/Src/stm32f4xx_hal_cortex.o
                0x08002c90                HAL_NVIC_SetPriority
 .text.HAL_NVIC_EnableIRQ
                0x08002cc8       0x1c ./Drivers/STM32F4xx_HAL_Driver/Src/stm32f4xx_hal_cortex.o
                0x08002cc8                HAL_NVIC_EnableIRQ
 .text.HAL_DMA_Init
                0x08002ce4      0x15c ./Drivers/STM32F4xx_HAL_Driver/Src/stm32f4xx_hal_dma.o
                0x08002ce4                HAL_DMA_Init
 .text.HAL_DMA_DeInit
                0x08002e40       0xbc ./Drivers/STM32F4xx_HAL_Driver/Src/stm32f4xx_hal_dma.o
                0x08002e40                HAL_DMA_DeInit
 .text.HAL_DMA_Start_IT
                0x08002efc       0xb0 ./Drivers/STM32F4xx_HAL_Driver/Src/stm32f4xx_hal_dma.o
                0x08002efc                HAL_DMA_Start_IT
 .text.HAL_DMA_Abort
                0x08002fac       0xe0 ./Drivers/STM32F4xx_HAL_Driver/Src/stm32f4xx_hal_dma.o
                0x08002fac                HAL_DMA_Abort
 .text.HAL_DMA_IRQHandler
                0x0800308c      0x314 ./Drivers/STM32F4xx_HAL_Driver/Src/stm32f4xx_hal_dma.o
                0x0800308c                HAL_DMA_IRQHandler
 .text.DMA_SetConfig
                0x080033a0       0x5c ./Drivers/STM32F4xx_HAL_Driver/Src/stm32f4xx_hal_dma.o
 .text.DMA_CalcBaseAndBitshift
                0x080033fc       0x6c ./Drivers/STM32F4xx_HAL_Driver/Src/stm32f4xx_hal_dma.o
 .text.DMA_CheckFifoParam
                0x08003468       0xf8 ./Drivers/STM32F4xx_HAL_Driver/Src/stm32f4xx_hal_dma.o
 .text.HAL_GPIO_Init
                0x08003560      0x338 ./Drivers/STM32F4xx_HAL_Driver/Src/stm32f4xx_hal_gpio.o
                0x08003560                HAL_GPIO_Init
 .text.HAL_GPIO_DeInit
                0x08003898      0x1f8 ./Drivers/STM32F4xx_HAL_Driver/Src/stm32f4xx_hal_gpio.o
                0x08003898                HAL_GPIO_DeInit
 .text.HAL_GPIO_ReadPin
                0x08003a90       0x30 ./Drivers/STM32F4xx_HAL_Driver/Src/stm32f4xx_hal_gpio.o
                0x08003a90                HAL_GPIO_ReadPin
 .text.HAL_GPIO_WritePin
                0x08003ac0       0x32 ./Drivers/STM32F4xx_HAL_Driver/Src/stm32f4xx_hal_gpio.o
                0x08003ac0                HAL_GPIO_WritePin
 *fill*         0x08003af2        0x2 
 .text.HAL_GPIO_EXTI_IRQHandler
                0x08003af4       0x30 ./Drivers/STM32F4xx_HAL_Driver/Src/stm32f4xx_hal_gpio.o
                0x08003af4                HAL_GPIO_EXTI_IRQHandler
 .text.HAL_I2C_Init
                0x08003b24      0x288 ./Drivers/STM32F4xx_HAL_Driver/Src/stm32f4xx_hal_i2c.o
                0x08003b24                HAL_I2C_Init
 .text.HAL_I2C_DeInit
                0x08003dac       0x5e ./Drivers/STM32F4xx_HAL_Driver/Src/stm32f4xx_hal_i2c.o
                0x08003dac                HAL_I2C_DeInit
 *fill*         0x08003e0a        0x2 
 .text.HAL_I2C_Mem_Write
                0x08003e0c      0x1f4 ./Drivers/STM32F4xx_HAL_Driver/Src/stm32f4xx_hal_i2c.o
                0x08003e0c                HAL_I2C_Mem_Write
 .text.HAL_I2C_Mem_Read
                0x08004000      0x464 ./Drivers/STM32F4xx_HAL_Driver/Src/stm32f4xx_hal_i2c.o
                0x08004000                HAL_I2C_Mem_Read
 .text.HAL_I2C_GetState
                0x08004464       0x1c ./Drivers/STM32F4xx_HAL_Driver/Src/stm32f4xx_hal_i2c.o
                0x08004464                HAL_I2C_GetState
 .text.I2C_RequestMemoryWrite
                0x08004480      0x12c ./Drivers/STM32F4xx_HAL_Driver/Src/stm32f4xx_hal_i2c.o
 .text.I2C_RequestMemoryRead
                0x080045ac      0x1d0 ./Drivers/STM32F4xx_HAL_Driver/Src/stm32f4xx_hal_i2c.o
 .text.I2C_WaitOnFlagUntilTimeout
                0x0800477c       0xf4 ./Drivers/STM32F4xx_HAL_Driver/Src/stm32f4xx_hal_i2c.o
 .text.I2C_WaitOnMasterAddressFlagUntilTimeout
                0x08004870      0x140 ./Drivers/STM32F4xx_HAL_Driver/Src/stm32f4xx_hal_i2c.o
 .text.I2C_WaitOnTXEFlagUntilTimeout
                0x080049b0       0x90 ./Drivers/STM32F4xx_HAL_Driver/Src/stm32f4xx_hal_i2c.o
 .text.I2C_WaitOnBTFFlagUntilTimeout
                0x08004a40       0x90 ./Drivers/STM32F4xx_HAL_Driver/Src/stm32f4xx_hal_i2c.o
 .text.I2C_WaitOnRXNEFlagUntilTimeout
                0x08004ad0       0xba ./Drivers/STM32F4xx_HAL_Driver/Src/stm32f4xx_hal_i2c.o
 .text.I2C_IsAcknowledgeFailed
                0x08004b8a       0x5e ./Drivers/STM32F4xx_HAL_Driver/Src/stm32f4xx_hal_i2c.o
 .text.HAL_I2S_Init
                0x08004be8      0x280 ./Drivers/STM32F4xx_HAL_Driver/Src/stm32f4xx_hal_i2s.o
                0x08004be8                HAL_I2S_Init
 .text.HAL_I2S_Transmit_DMA
                0x08004e68      0x148 ./Drivers/STM32F4xx_HAL_Driver/Src/stm32f4xx_hal_i2s.o
                0x08004e68                HAL_I2S_Transmit_DMA
 .text.HAL_I2S_DMAPause
                0x08004fb0       0xc4 ./Drivers/STM32F4xx_HAL_Driver/Src/stm32f4xx_hal_i2s.o
                0x08004fb0                HAL_I2S_DMAPause
 .text.HAL_I2S_DMAResume
                0x08005074      0x128 ./Drivers/STM32F4xx_HAL_Driver/Src/stm32f4xx_hal_i2s.o
                0x08005074                HAL_I2S_DMAResume
 .text.HAL_I2S_DMAStop
                0x0800519c      0x3b4 ./Drivers/STM32F4xx_HAL_Driver/Src/stm32f4xx_hal_i2s.o
                0x0800519c                HAL_I2S_DMAStop
 .text.HAL_I2S_RxCpltCallback
                0x08005550       0x14 ./Drivers/STM32F4xx_HAL_Driver/Src/stm32f4xx_hal_i2s.o
                0x08005550                HAL_I2S_RxCpltCallback
 .text.HAL_I2S_GetState
                0x08005564       0x1c ./Drivers/STM32F4xx_HAL_Driver/Src/stm32f4xx_hal_i2s.o
                0x08005564                HAL_I2S_GetState
 .text.I2S_DMATxCplt
                0x08005580       0x42 ./Drivers/STM32F4xx_HAL_Driver/Src/stm32f4xx_hal_i2s.o
 .text.I2S_DMATxHalfCplt
                0x080055c2       0x1c ./Drivers/STM32F4xx_HAL_Driver/Src/stm32f4xx_hal_i2s.o
 .text.I2S_DMAError
                0x080055de       0x4c ./Drivers/STM32F4xx_HAL_Driver/Src/stm32f4xx_hal_i2s.o
 .text.I2S_Transmit_IT
                0x0800562a       0x5c ./Drivers/STM32F4xx_HAL_Driver/Src/stm32f4xx_hal_i2s.o
 .text.I2S_Receive_IT
                0x08005686       0x5e ./Drivers/STM32F4xx_HAL_Driver/Src/stm32f4xx_hal_i2s.o
 .text.I2S_IRQHandler
                0x080056e4      0x114 ./Drivers/STM32F4xx_HAL_Driver/Src/stm32f4xx_hal_i2s.o
 .text.I2S_WaitFlagStateUntilTimeout
                0x080057f8       0x72 ./Drivers/STM32F4xx_HAL_Driver/Src/stm32f4xx_hal_i2s.o
 *fill*         0x0800586a        0x2 
 .text.HAL_I2SEx_FullDuplex_IRQHandler
                0x0800586c      0x2a8 ./Drivers/STM32F4xx_HAL_Driver/Src/stm32f4xx_hal_i2s_ex.o
                0x0800586c                HAL_I2SEx_FullDuplex_IRQHandler
 .text.HAL_I2SEx_TxRxCpltCallback
                0x08005b14       0x14 ./Drivers/STM32F4xx_HAL_Driver/Src/stm32f4xx_hal_i2s_ex.o
                0x08005b14                HAL_I2SEx_TxRxCpltCallback
 .text.I2SEx_TxISR_I2S
                0x08005b28       0x62 ./Drivers/STM32F4xx_HAL_Driver/Src/stm32f4xx_hal_i2s_ex.o
 *fill*         0x08005b8a        0x2 
 .text.I2SEx_TxISR_I2SExt
                0x08005b8c       0x98 ./Drivers/STM32F4xx_HAL_Driver/Src/stm32f4xx_hal_i2s_ex.o
 .text.I2SEx_RxISR_I2S
                0x08005c24       0x64 ./Drivers/STM32F4xx_HAL_Driver/Src/stm32f4xx_hal_i2s_ex.o
 .text.I2SEx_RxISR_I2SExt
                0x08005c88       0x98 ./Drivers/STM32F4xx_HAL_Driver/Src/stm32f4xx_hal_i2s_ex.o
 .text.HAL_RCC_OscConfig
                0x08005d20      0x4f0 ./Drivers/STM32F4xx_HAL_Driver/Src/stm32f4xx_hal_rcc.o
                0x08005d20                HAL_RCC_OscConfig
 .text.HAL_RCC_ClockConfig
                0x08006210      0x1cc ./Drivers/STM32F4xx_HAL_Driver/Src/stm32f4xx_hal_rcc.o
                0x08006210                HAL_RCC_ClockConfig
 .text.HAL_RCC_GetSysClockFreq
                0x080063dc      0x20c ./Drivers/STM32F4xx_HAL_Driver/Src/stm32f4xx_hal_rcc.o
                0x080063dc                HAL_RCC_GetSysClockFreq
 .text.HAL_RCC_GetHCLKFreq
                0x080065e8       0x18 ./Drivers/STM32F4xx_HAL_Driver/Src/stm32f4xx_hal_rcc.o
                0x080065e8                HAL_RCC_GetHCLKFreq
 .text.HAL_RCC_GetPCLK1Freq
                0x08006600       0x28 ./Drivers/STM32F4xx_HAL_Driver/Src/stm32f4xx_hal_rcc.o
                0x08006600                HAL_RCC_GetPCLK1Freq
 .text.HAL_RCC_GetPCLK2Freq
                0x08006628       0x28 ./Drivers/STM32F4xx_HAL_Driver/Src/stm32f4xx_hal_rcc.o
                0x08006628                HAL_RCC_GetPCLK2Freq
 .text.HAL_RCC_GetClockConfig
                0x08006650       0x64 ./Drivers/STM32F4xx_HAL_Driver/Src/stm32f4xx_hal_rcc.o
                0x08006650                HAL_RCC_GetClockConfig
 .text.HAL_RCCEx_PeriphCLKConfig
                0x080066b4      0x1c4 ./Drivers/STM32F4xx_HAL_Driver/Src/stm32f4xx_hal_rcc_ex.o
                0x080066b4                HAL_RCCEx_PeriphCLKConfig
 .text.HAL_RCCEx_GetPeriphCLKConfig
                0x08006878       0x58 ./Drivers/STM32F4xx_HAL_Driver/Src/stm32f4xx_hal_rcc_ex.o
                0x08006878                HAL_RCCEx_GetPeriphCLKConfig
 .text.HAL_RCCEx_GetPeriphCLKFreq
                0x080068d0       0xc0 ./Drivers/STM32F4xx_HAL_Driver/Src/stm32f4xx_hal_rcc_ex.o
                0x080068d0                HAL_RCCEx_GetPeriphCLKFreq
 .text.HAL_SPI_Init
                0x08006990      0x112 ./Drivers/STM32F4xx_HAL_Driver/Src/stm32f4xx_hal_spi.o
                0x08006990                HAL_SPI_Init
 .text.HAL_SPI_Transmit
                0x08006aa2      0x288 ./Drivers/STM32F4xx_HAL_Driver/Src/stm32f4xx_hal_spi.o
                0x08006aa2                HAL_SPI_Transmit
 .text.HAL_SPI_TransmitReceive
                0x08006d2a      0x352 ./Drivers/STM32F4xx_HAL_Driver/Src/stm32f4xx_hal_spi.o
                0x08006d2a                HAL_SPI_TransmitReceive
 .text.SPI_WaitFlagStateUntilTimeout
                0x0800707c      0x110 ./Drivers/STM32F4xx_HAL_Driver/Src/stm32f4xx_hal_spi.o
 .text.SPI_EndRxTxTransaction
                0x0800718c       0xa8 ./Drivers/STM32F4xx_HAL_Driver/Src/stm32f4xx_hal_spi.o
 .text.HAL_TIM_Base_Init
                0x08007234       0x9e ./Drivers/STM32F4xx_HAL_Driver/Src/stm32f4xx_hal_tim.o
                0x08007234                HAL_TIM_Base_Init
 .text.HAL_TIM_Base_MspInit
                0x080072d2       0x14 ./Drivers/STM32F4xx_HAL_Driver/Src/stm32f4xx_hal_tim.o
                0x080072d2                HAL_TIM_Base_MspInit
 *fill*         0x080072e6        0x2 
 .text.HAL_TIM_Base_Start_IT
                0x080072e8       0xe0 ./Drivers/STM32F4xx_HAL_Driver/Src/stm32f4xx_hal_tim.o
                0x080072e8                HAL_TIM_Base_Start_IT
 .text.HAL_TIM_IRQHandler
                0x080073c8      0x1e0 ./Drivers/STM32F4xx_HAL_Driver/Src/stm32f4xx_hal_tim.o
                0x080073c8                HAL_TIM_IRQHandler
 .text.HAL_TIM_OC_DelayElapsedCallback
                0x080075a8       0x14 ./Drivers/STM32F4xx_HAL_Driver/Src/stm32f4xx_hal_tim.o
                0x080075a8                HAL_TIM_OC_DelayElapsedCallback
 .text.HAL_TIM_IC_CaptureCallback
                0x080075bc       0x14 ./Drivers/STM32F4xx_HAL_Driver/Src/stm32f4xx_hal_tim.o
                0x080075bc                HAL_TIM_IC_CaptureCallback
 .text.HAL_TIM_PWM_PulseFinishedCallback
                0x080075d0       0x14 ./Drivers/STM32F4xx_HAL_Driver/Src/stm32f4xx_hal_tim.o
                0x080075d0                HAL_TIM_PWM_PulseFinishedCallback
 .text.HAL_TIM_TriggerCallback
                0x080075e4       0x14 ./Drivers/STM32F4xx_HAL_Driver/Src/stm32f4xx_hal_tim.o
                0x080075e4                HAL_TIM_TriggerCallback
 .text.TIM_Base_SetConfig
                0x080075f8      0x158 ./Drivers/STM32F4xx_HAL_Driver/Src/stm32f4xx_hal_tim.o
                0x080075f8                TIM_Base_SetConfig
 .text.HAL_TIMEx_CommutCallback
                0x08007750       0x14 ./Drivers/STM32F4xx_HAL_Driver/Src/stm32f4xx_hal_tim_ex.o
                0x08007750                HAL_TIMEx_CommutCallback
 .text.HAL_TIMEx_BreakCallback
                0x08007764       0x14 ./Drivers/STM32F4xx_HAL_Driver/Src/stm32f4xx_hal_tim_ex.o
                0x08007764                HAL_TIMEx_BreakCallback
 .text.HAL_UART_Init
                0x08007778       0xa0 ./Drivers/STM32F4xx_HAL_Driver/Src/stm32f4xx_hal_uart.o
                0x08007778                HAL_UART_Init
 .text.HAL_UART_Transmit
                0x08007818      0x116 ./Drivers/STM32F4xx_HAL_Driver/Src/stm32f4xx_hal_uart.o
                0x08007818                HAL_UART_Transmit
 .text.UART_WaitOnFlagUntilTimeout
                0x0800792e       0xb2 ./Drivers/STM32F4xx_HAL_Driver/Src/stm32f4xx_hal_uart.o
 .text.UART_EndRxTransfer
                0x080079e0       0xc6 ./Drivers/STM32F4xx_HAL_Driver/Src/stm32f4xx_hal_uart.o
 *fill*         0x08007aa6        0x2 
 .text.UART_SetConfig
                0x08007aa8      0x4e8 ./Drivers/STM32F4xx_HAL_Driver/Src/stm32f4xx_hal_uart.o
 .text.MX_FATFS_Init
                0x08007f90       0x24 ./FATFS/App/fatfs.o
                0x08007f90                MX_FATFS_Init
 .text.get_fattime
                0x08007fb4       0x10 ./FATFS/App/fatfs.o
                0x08007fb4                get_fattime
 .text.USER_initialize
                0x08007fc4       0x1c ./FATFS/Target/user_diskio.o
                0x08007fc4                USER_initialize
 .text.USER_status
                0x08007fe0       0x1c ./FATFS/Target/user_diskio.o
                0x08007fe0                USER_status
 .text.USER_read
                0x08007ffc       0x26 ./FATFS/Target/user_diskio.o
                0x08007ffc                USER_read
 .text.USER_write
                0x08008022       0x26 ./FATFS/Target/user_diskio.o
                0x08008022                USER_write
 .text.USER_ioctl
                0x08008048       0x26 ./FATFS/Target/user_diskio.o
                0x08008048                USER_ioctl
 *fill*         0x0800806e        0x2 
 .text.SPI_Timer_On
                0x08008070       0x28 ./FATFS/Target/user_diskio_spi.o
                0x08008070                SPI_Timer_On
 .text.SPI_Timer_Status
                0x08008098       0x2c ./FATFS/Target/user_diskio_spi.o
                0x08008098                SPI_Timer_Status
 .text.xchg_spi
                0x080080c4       0x2c ./FATFS/Target/user_diskio_spi.o
 .text.rcvr_spi_multi
                0x080080f0       0x38 ./FATFS/Target/user_diskio_spi.o
 .text.xmit_spi_multi
                0x08008128       0x28 ./FATFS/Target/user_diskio_spi.o
 .text.wait_ready
                0x08008150       0x46 ./FATFS/Target/user_diskio_spi.o
 *fill*         0x08008196        0x2 
 .text.despiselect
                0x08008198       0x1c ./FATFS/Target/user_diskio_spi.o
 .text.spiselect
                0x080081b4       0x34 ./FATFS/Target/user_diskio_spi.o
 .text.rcvr_datablock
                0x080081e8       0x52 ./FATFS/Target/user_diskio_spi.o
 .text.xmit_datablock
                0x0800823a       0x64 ./FATFS/Target/user_diskio_spi.o
 .text.send_cmd
                0x0800829e       0xde ./FATFS/Target/user_diskio_spi.o
 .text.USER_SPI_initialize
                0x0800837c      0x1d8 ./FATFS/Target/user_diskio_spi.o
                0x0800837c                USER_SPI_initialize
 .text.USER_SPI_status
                0x08008554       0x2c ./FATFS/Target/user_diskio_spi.o
                0x08008554                USER_SPI_status
 .text.USER_SPI_read
                0x08008580       0xcc ./FATFS/Target/user_diskio_spi.o
                0x08008580                USER_SPI_read
 .text.USER_SPI_write
                0x0800864c       0xf8 ./FATFS/Target/user_diskio_spi.o
                0x0800864c                USER_SPI_write
 .text.USER_SPI_ioctl
                0x08008744      0x2e0 ./FATFS/Target/user_diskio_spi.o
                0x08008744                USER_SPI_ioctl
 .text.vListInitialise
                0x08008a24       0x40 ./FreeRTOS/list.o
                0x08008a24                vListInitialise
 .text.vListInitialiseItem
                0x08008a64       0x1a ./FreeRTOS/list.o
                0x08008a64                vListInitialiseItem
 .text.vListInsertEnd
                0x08008a7e       0x48 ./FreeRTOS/list.o
                0x08008a7e                vListInsertEnd
 .text.vListInsert
                0x08008ac6       0x72 ./FreeRTOS/list.o
                0x08008ac6                vListInsert
 .text.uxListRemove
                0x08008b38       0x54 ./FreeRTOS/list.o
                0x08008b38                uxListRemove
 .text.xQueueGenericReset
                0x08008b8c       0xd4 ./FreeRTOS/queue.o
                0x08008b8c                xQueueGenericReset
 .text.xQueueGenericCreate
                0x08008c60       0x7a ./FreeRTOS/queue.o
                0x08008c60                xQueueGenericCreate
 .text.prvInitialiseNewQueue
                0x08008cda       0x46 ./FreeRTOS/queue.o
 .text.prvInitialiseMutex
                0x08008d20       0x34 ./FreeRTOS/queue.o
 .text.xQueueCreateMutex
                0x08008d54       0x30 ./FreeRTOS/queue.o
                0x08008d54                xQueueCreateMutex
 .text.xQueueGenericSend
                0x08008d84      0x204 ./FreeRTOS/queue.o
                0x08008d84                xQueueGenericSend
 .text.xQueueGenericSendFromISR
                0x08008f88      0x136 ./FreeRTOS/queue.o
                0x08008f88                xQueueGenericSendFromISR
 *fill*         0x080090be        0x2 
 .text.xQueueReceive
                0x080090c0      0x1c4 ./FreeRTOS/queue.o
                0x080090c0                xQueueReceive
 .text.xQueueSemaphoreTake
                0x08009284      0x220 ./FreeRTOS/queue.o
                0x08009284                xQueueSemaphoreTake
 .text.prvGetDisinheritPriorityAfterTimeout
                0x080094a4       0x30 ./FreeRTOS/queue.o
 .text.prvCopyDataToQueue
                0x080094d4       0xd4 ./FreeRTOS/queue.o
 .text.prvCopyDataFromQueue
                0x080095a8       0x4c ./FreeRTOS/queue.o
 .text.prvUnlockQueue
                0x080095f4       0xa4 ./FreeRTOS/queue.o
 .text.prvIsQueueEmpty
                0x08009698       0x2c ./FreeRTOS/queue.o
 .text.prvIsQueueFull
                0x080096c4       0x30 ./FreeRTOS/queue.o
 .text.vQueueAddToRegistry
                0x080096f4       0x54 ./FreeRTOS/queue.o
                0x080096f4                vQueueAddToRegistry
 .text.vQueueWaitForMessageRestricted
                0x08009748       0x68 ./FreeRTOS/queue.o
                0x08009748                vQueueWaitForMessageRestricted
 .text.xTaskCreate
                0x080097b0       0x82 ./FreeRTOS/tasks.o
                0x080097b0                xTaskCreate
 .text.prvInitialiseNewTask
                0x08009832      0x120 ./FreeRTOS/tasks.o
 *fill*         0x08009952        0x2 
 .text.prvAddNewTaskToReadyList
                0x08009954       0xdc ./FreeRTOS/tasks.o
 .text.vTaskDelete
                0x08009a30      0x120 ./FreeRTOS/tasks.o
                0x08009a30                vTaskDelete
 .text.vTaskDelay
                0x08009b50       0x6c ./FreeRTOS/tasks.o
                0x08009b50                vTaskDelay
 .text.vTaskStartScheduler
                0x08009bbc       0x9c ./FreeRTOS/tasks.o
                0x08009bbc                vTaskStartScheduler
 .text.vTaskSuspendAll
                0x08009c58       0x1c ./FreeRTOS/tasks.o
                0x08009c58                vTaskSuspendAll
 .text.xTaskResumeAll
                0x08009c74      0x13c ./FreeRTOS/tasks.o
                0x08009c74                xTaskResumeAll
 .text.xTaskGetTickCount
                0x08009db0       0x20 ./FreeRTOS/tasks.o
                0x08009db0                xTaskGetTickCount
 .text.xTaskIncrementTick
                0x08009dd0      0x174 ./FreeRTOS/tasks.o
                0x08009dd0                xTaskIncrementTick
 .text.vTaskSwitchContext
                0x08009f44       0xb8 ./FreeRTOS/tasks.o
                0x08009f44                vTaskSwitchContext
 .text.vTaskPlaceOnEventList
                0x08009ffc       0x4c ./FreeRTOS/tasks.o
                0x08009ffc                vTaskPlaceOnEventList
 .text.vTaskPlaceOnEventListRestricted
                0x0800a048       0x58 ./FreeRTOS/tasks.o
                0x0800a048                vTaskPlaceOnEventListRestricted
 .text.xTaskRemoveFromEventList
                0x0800a0a0       0xc8 ./FreeRTOS/tasks.o
                0x0800a0a0                xTaskRemoveFromEventList
 .text.vTaskInternalSetTimeOutState
                0x0800a168       0x2c ./FreeRTOS/tasks.o
                0x0800a168                vTaskInternalSetTimeOutState
 .text.xTaskCheckForTimeOut
                0x0800a194       0xc8 ./FreeRTOS/tasks.o
                0x0800a194                xTaskCheckForTimeOut
 .text.vTaskMissedYield
                0x0800a25c       0x18 ./FreeRTOS/tasks.o
                0x0800a25c                vTaskMissedYield
 .text.prvIdleTask
                0x0800a274       0x30 ./FreeRTOS/tasks.o
 .text.prvInitialiseTaskLists
                0x0800a2a4       0x80 ./FreeRTOS/tasks.o
 .text.prvCheckTasksWaitingTermination
                0x0800a324       0x5c ./FreeRTOS/tasks.o
 .text.prvDeleteTCB
                0x0800a380       0x20 ./FreeRTOS/tasks.o
 .text.prvResetNextTaskUnblockTime
                0x0800a3a0       0x40 ./FreeRTOS/tasks.o
 .text.xTaskGetSchedulerState
                0x0800a3e0       0x3c ./FreeRTOS/tasks.o
                0x0800a3e0                xTaskGetSchedulerState
 .text.xTaskPriorityInherit
                0x0800a41c      0x100 ./FreeRTOS/tasks.o
                0x0800a41c                xTaskPriorityInherit
 .text.xTaskPriorityDisinherit
                0x0800a51c      0x110 ./FreeRTOS/tasks.o
                0x0800a51c                xTaskPriorityDisinherit
 .text.vTaskPriorityDisinheritAfterTimeout
                0x0800a62c      0x138 ./FreeRTOS/tasks.o
                0x0800a62c                vTaskPriorityDisinheritAfterTimeout
 .text.pvTaskIncrementMutexHeldCount
                0x0800a764       0x28 ./FreeRTOS/tasks.o
                0x0800a764                pvTaskIncrementMutexHeldCount
 .text.xTaskNotifyWait
                0x0800a78c       0xb4 ./FreeRTOS/tasks.o
                0x0800a78c                xTaskNotifyWait
 .text.vTaskNotifyGiveFromISR
                0x0800a840      0x128 ./FreeRTOS/tasks.o
                0x0800a840                vTaskNotifyGiveFromISR
 .text.prvAddCurrentTaskToDelayedList
                0x0800a968       0xcc ./FreeRTOS/tasks.o
 .text.xTimerCreateTimerTask
                0x0800aa34       0x68 ./FreeRTOS/timers.o
                0x0800aa34                xTimerCreateTimerTask
 .text.xTimerGenericCommand
                0x0800aa9c       0x9c ./FreeRTOS/timers.o
                0x0800aa9c                xTimerGenericCommand
 .text.prvProcessExpiredTimer
                0x0800ab38       0x9c ./FreeRTOS/timers.o
 .text.prvTimerTask
                0x0800abd4       0x26 ./FreeRTOS/timers.o
 *fill*         0x0800abfa        0x2 
 .text.prvProcessTimerOrBlockTask
                0x0800abfc       0x9c ./FreeRTOS/timers.o
 .text.prvGetNextExpireTime
                0x0800ac98       0x48 ./FreeRTOS/timers.o
 .text.prvSampleTimeNow
                0x0800ace0       0x40 ./FreeRTOS/timers.o
 .text.prvInsertTimerInActiveList
                0x0800ad20       0x84 ./FreeRTOS/timers.o
 .text.prvProcessReceivedCommands
                0x0800ada4      0x194 ./FreeRTOS/timers.o
 .text.prvSwitchTimerLists
                0x0800af38       0xcc ./FreeRTOS/timers.o
 .text.prvCheckForValidListAndQueue
                0x0800b004       0x6c ./FreeRTOS/timers.o
 .text.pxPortInitialiseStack
                0x0800b070       0x68 ./FreeRTOS/portable/ARM_CM4F/port.o
                0x0800b070                pxPortInitialiseStack
 .text.prvTaskExitError
                0x0800b0d8       0x5c ./FreeRTOS/portable/ARM_CM4F/port.o
 *fill*         0x0800b134        0xc 
 .text.SVC_Handler
                0x0800b140       0x28 ./FreeRTOS/portable/ARM_CM4F/port.o
                0x0800b140                SVC_Handler
 .text.prvPortStartFirstTask
                0x0800b168       0x28 ./FreeRTOS/portable/ARM_CM4F/port.o
 .text.xPortStartScheduler
                0x0800b190      0x148 ./FreeRTOS/portable/ARM_CM4F/port.o
                0x0800b190                xPortStartScheduler
 .text.vPortEnterCritical
                0x0800b2d8       0x64 ./FreeRTOS/portable/ARM_CM4F/port.o
                0x0800b2d8                vPortEnterCritical
 .text.vPortExitCritical
                0x0800b33c       0x54 ./FreeRTOS/portable/ARM_CM4F/port.o
                0x0800b33c                vPortExitCritical
 .text.PendSV_Handler
                0x0800b390       0x68 ./FreeRTOS/portable/ARM_CM4F/port.o
                0x0800b390                PendSV_Handler
 .text.SysTick_Handler
                0x0800b3f8       0x44 ./FreeRTOS/portable/ARM_CM4F/port.o
                0x0800b3f8                SysTick_Handler
 .text.vPortSetupTimerInterrupt
                0x0800b43c       0x48 ./FreeRTOS/portable/ARM_CM4F/port.o
                0x0800b43c                vPortSetupTimerInterrupt
 .text.vPortEnableVFP
                0x0800b484       0x14 ./FreeRTOS/portable/ARM_CM4F/port.o
 .text.vPortValidateInterruptPriority
                0x0800b498       0x84 ./FreeRTOS/portable/ARM_CM4F/port.o
                0x0800b498                vPortValidateInterruptPriority
 .text.pvPortMalloc
                0x0800b51c      0x190 ./FreeRTOS/portable/MemMang/heap_4.o
                0x0800b51c                pvPortMalloc
 .text.vPortFree
                0x0800b6ac       0xb8 ./FreeRTOS/portable/MemMang/heap_4.o
                0x0800b6ac                vPortFree
 .text.prvHeapInit
                0x0800b764       0xc4 ./FreeRTOS/portable/MemMang/heap_4.o
 .text.prvInsertBlockIntoFreeList
                0x0800b828       0xb4 ./FreeRTOS/portable/MemMang/heap_4.o
 .text.disk_status
                0x0800b8dc       0x34 ./Middlewares/Third_Party/FatFs/src/diskio.o
                0x0800b8dc                disk_status
 .text.disk_initialize
                0x0800b910       0x50 ./Middlewares/Third_Party/FatFs/src/diskio.o
                0x0800b910                disk_initialize
 .text.disk_read
                0x0800b960       0x40 ./Middlewares/Third_Party/FatFs/src/diskio.o
                0x0800b960                disk_read
 .text.disk_write
                0x0800b9a0       0x40 ./Middlewares/Third_Party/FatFs/src/diskio.o
                0x0800b9a0                disk_write
 .text.disk_ioctl
                0x0800b9e0       0x3c ./Middlewares/Third_Party/FatFs/src/diskio.o
                0x0800b9e0                disk_ioctl
 .text.ld_word  0x0800ba1c       0x30 ./Middlewares/Third_Party/FatFs/src/ff.o
 .text.ld_dword
                0x0800ba4c       0x46 ./Middlewares/Third_Party/FatFs/src/ff.o
 .text.st_word  0x0800ba92       0x36 ./Middlewares/Third_Party/FatFs/src/ff.o
 .text.st_dword
                0x0800bac8       0x58 ./Middlewares/Third_Party/FatFs/src/ff.o
 .text.mem_cpy  0x0800bb20       0x42 ./Middlewares/Third_Party/FatFs/src/ff.o
 .text.mem_set  0x0800bb62       0x36 ./Middlewares/Third_Party/FatFs/src/ff.o
 .text.mem_cmp  0x0800bb98       0x4e ./Middlewares/Third_Party/FatFs/src/ff.o
 .text.chk_chr  0x0800bbe6       0x36 ./Middlewares/Third_Party/FatFs/src/ff.o
 .text.chk_lock
                0x0800bc1c       0xb8 ./Middlewares/Third_Party/FatFs/src/ff.o
 .text.enq_lock
                0x0800bcd4       0x44 ./Middlewares/Third_Party/FatFs/src/ff.o
 .text.inc_lock
                0x0800bd18      0x11c ./Middlewares/Third_Party/FatFs/src/ff.o
 .text.dec_lock
                0x0800be34       0x78 ./Middlewares/Third_Party/FatFs/src/ff.o
 .text.clear_lock
                0x0800beac       0x48 ./Middlewares/Third_Party/FatFs/src/ff.o
 .text.sync_window
                0x0800bef4       0x88 ./Middlewares/Third_Party/FatFs/src/ff.o
 .text.move_window
                0x0800bf7c       0x5a ./Middlewares/Third_Party/FatFs/src/ff.o
 *fill*         0x0800bfd6        0x2 
 .text.sync_fs  0x0800bfd8       0xdc ./Middlewares/Third_Party/FatFs/src/ff.o
 .text.clust2sect
                0x0800c0b4       0x3e ./Middlewares/Third_Party/FatFs/src/ff.o
 .text.get_fat  0x0800c0f2      0x14e ./Middlewares/Third_Party/FatFs/src/ff.o
 .text.put_fat  0x0800c240      0x1d4 ./Middlewares/Third_Party/FatFs/src/ff.o
 .text.remove_chain
                0x0800c414       0xca ./Middlewares/Third_Party/FatFs/src/ff.o
 .text.create_chain
                0x0800c4de      0x130 ./Middlewares/Third_Party/FatFs/src/ff.o
 .text.clmt_clust
                0x0800c60e       0x68 ./Middlewares/Third_Party/FatFs/src/ff.o
 .text.dir_sdi  0x0800c676       0xf6 ./Middlewares/Third_Party/FatFs/src/ff.o
 .text.dir_next
                0x0800c76c      0x18a ./Middlewares/Third_Party/FatFs/src/ff.o
 .text.dir_alloc
                0x0800c8f6       0x8e ./Middlewares/Third_Party/FatFs/src/ff.o
 .text.ld_clust
                0x0800c984       0x3e ./Middlewares/Third_Party/FatFs/src/ff.o
 .text.st_clust
                0x0800c9c2       0x40 ./Middlewares/Third_Party/FatFs/src/ff.o
 .text.dir_read
                0x0800ca02       0xba ./Middlewares/Third_Party/FatFs/src/ff.o
 .text.dir_find
                0x0800cabc       0xaa ./Middlewares/Third_Party/FatFs/src/ff.o
 .text.dir_register
                0x0800cb66       0x64 ./Middlewares/Third_Party/FatFs/src/ff.o
 .text.get_fileinfo
                0x0800cbca       0xc0 ./Middlewares/Third_Party/FatFs/src/ff.o
 *fill*         0x0800cc8a        0x2 
 .text.create_name
                0x0800cc8c      0x128 ./Middlewares/Third_Party/FatFs/src/ff.o
 .text.follow_path
                0x0800cdb4       0xe2 ./Middlewares/Third_Party/FatFs/src/ff.o
 .text.get_ldnumber
                0x0800ce96       0x88 ./Middlewares/Third_Party/FatFs/src/ff.o
 *fill*         0x0800cf1e        0x2 
 .text.check_fs
                0x0800cf20       0xac ./Middlewares/Third_Party/FatFs/src/ff.o
 .text.find_volume
                0x0800cfcc      0x498 ./Middlewares/Third_Party/FatFs/src/ff.o
 .text.validate
                0x0800d464       0x6a ./Middlewares/Third_Party/FatFs/src/ff.o
 *fill*         0x0800d4ce        0x2 
 .text.f_mount  0x0800d4d0       0x8c ./Middlewares/Third_Party/FatFs/src/ff.o
                0x0800d4d0                f_mount
 .text.f_open   0x0800d55c      0x374 ./Middlewares/Third_Party/FatFs/src/ff.o
                0x0800d55c                f_open
 .text.f_read   0x0800d8d0      0x27e ./Middlewares/Third_Party/FatFs/src/ff.o
                0x0800d8d0                f_read
 .text.f_write  0x0800db4e      0x2ea ./Middlewares/Third_Party/FatFs/src/ff.o
                0x0800db4e                f_write
 .text.f_sync   0x0800de38       0xfc ./Middlewares/Third_Party/FatFs/src/ff.o
                0x0800de38                f_sync
 .text.f_close  0x0800df34       0x54 ./Middlewares/Third_Party/FatFs/src/ff.o
                0x0800df34                f_close
 .text.f_lseek  0x0800df88      0x412 ./Middlewares/Third_Party/FatFs/src/ff.o
                0x0800df88                f_lseek
 .text.f_opendir
                0x0800e39a       0xe6 ./Middlewares/Third_Party/FatFs/src/ff.o
                0x0800e39a                f_opendir
 .text.f_closedir
                0x0800e480       0x4c ./Middlewares/Third_Party/FatFs/src/ff.o
                0x0800e480                f_closedir
 .text.f_readdir
                0x0800e4cc       0x7a ./Middlewares/Third_Party/FatFs/src/ff.o
                0x0800e4cc                f_readdir
 *fill*         0x0800e546        0x2 
 .text.FATFS_LinkDriverEx
                0x0800e548       0x98 ./Middlewares/Third_Party/FatFs/src/ff_gen_drv.o
                0x0800e548                FATFS_LinkDriverEx
 .text.FATFS_LinkDriver
                0x0800e5e0       0x1e ./Middlewares/Third_Party/FatFs/src/ff_gen_drv.o
                0x0800e5e0                FATFS_LinkDriver
 .text._vsnprintf_r
                0x0800e5fe       0x56 /Users/chenguanming/Desktop/Course/Embedded/STM32CubeIDE.app/Contents/Eclipse/plugins/com.st.stm32cube.ide.mcu.externaltools.gnu-tools-for-stm32.12.3.rel1.macos64_1.1.0.202410301201/tools/bin/../lib/gcc/arm-none-eabi/12.3.1/../../../../arm-none-eabi/lib/thumb/v7e-m+fp/hard/libc_nano.a(libc_a-vsnprintf.o)
                0x0800e5fe                _vsnprintf_r
                0x0800e5fe                _vsniprintf_r
 .text.vsnprintf
                0x0800e654       0x1c /Users/chenguanming/Desktop/Course/Embedded/STM32CubeIDE.app/Contents/Eclipse/plugins/com.st.stm32cube.ide.mcu.externaltools.gnu-tools-for-stm32.12.3.rel1.macos64_1.1.0.202410301201/tools/bin/../lib/gcc/arm-none-eabi/12.3.1/../../../../arm-none-eabi/lib/thumb/v7e-m+fp/hard/libc_nano.a(libc_a-vsnprintf.o)
                0x0800e654                vsnprintf
                0x0800e654                vsniprintf
 .text.strncpy  0x0800e670       0x26 /Users/chenguanming/Desktop/Course/Embedded/STM32CubeIDE.app/Contents/Eclipse/plugins/com.st.stm32cube.ide.mcu.externaltools.gnu-tools-for-stm32.12.3.rel1.macos64_1.1.0.202410301201/tools/bin/../lib/gcc/arm-none-eabi/12.3.1/../../../../arm-none-eabi/lib/thumb/v7e-m+fp/hard/libc_nano.a(libc_a-strncpy.o)
                0x0800e670                strncpy
 .text.strstr   0x0800e696       0x2c /Users/chenguanming/Desktop/Course/Embedded/STM32CubeIDE.app/Contents/Eclipse/plugins/com.st.stm32cube.ide.mcu.externaltools.gnu-tools-for-stm32.12.3.rel1.macos64_1.1.0.202410301201/tools/bin/../lib/gcc/arm-none-eabi/12.3.1/../../../../arm-none-eabi/lib/thumb/v7e-m+fp/hard/libc_nano.a(libc_a-strstr.o)
                0x0800e696                strstr
 .text.memset   0x0800e6c2       0x10 /Users/chenguanming/Desktop/Course/Embedded/STM32CubeIDE.app/Contents/Eclipse/plugins/com.st.stm32cube.ide.mcu.externaltools.gnu-tools-for-stm32.12.3.rel1.macos64_1.1.0.202410301201/tools/bin/../lib/gcc/arm-none-eabi/12.3.1/../../../../arm-none-eabi/lib/thumb/v7e-m+fp/hard/libc_nano.a(libc_a-memset.o)
                0x0800e6c2                memset
 *fill*         0x0800e6d2        0x2 
 .text.__errno  0x0800e6d4        0xc /Users/chenguanming/Desktop/Course/Embedded/STM32CubeIDE.app/Contents/Eclipse/plugins/com.st.stm32cube.ide.mcu.externaltools.gnu-tools-for-stm32.12.3.rel1.macos64_1.1.0.202410301201/tools/bin/../lib/gcc/arm-none-eabi/12.3.1/../../../../arm-none-eabi/lib/thumb/v7e-m+fp/hard/libc_nano.a(libc_a-errno.o)
                0x0800e6d4                __errno
 .text.__libc_init_array
                0x0800e6e0       0x48 /Users/chenguanming/Desktop/Course/Embedded/STM32CubeIDE.app/Contents/Eclipse/plugins/com.st.stm32cube.ide.mcu.externaltools.gnu-tools-for-stm32.12.3.rel1.macos64_1.1.0.202410301201/tools/bin/../lib/gcc/arm-none-eabi/12.3.1/../../../../arm-none-eabi/lib/thumb/v7e-m+fp/hard/libc_nano.a(libc_a-init.o)
                0x0800e6e0                __libc_init_array
 .text.__retarget_lock_acquire_recursive
                0x0800e728        0x2 /Users/chenguanming/Desktop/Course/Embedded/STM32CubeIDE.app/Contents/Eclipse/plugins/com.st.stm32cube.ide.mcu.externaltools.gnu-tools-for-stm32.12.3.rel1.macos64_1.1.0.202410301201/tools/bin/../lib/gcc/arm-none-eabi/12.3.1/../../../../arm-none-eabi/lib/thumb/v7e-m+fp/hard/libc_nano.a(libc_a-lock.o)
                0x0800e728                __retarget_lock_acquire_recursive
 .text.__retarget_lock_release_recursive
                0x0800e72a        0x2 /Users/chenguanming/Desktop/Course/Embedded/STM32CubeIDE.app/Contents/Eclipse/plugins/com.st.stm32cube.ide.mcu.externaltools.gnu-tools-for-stm32.12.3.rel1.macos64_1.1.0.202410301201/tools/bin/../lib/gcc/arm-none-eabi/12.3.1/../../../../arm-none-eabi/lib/thumb/v7e-m+fp/hard/libc_nano.a(libc_a-lock.o)
                0x0800e72a                __retarget_lock_release_recursive
 .text.memcpy   0x0800e72c       0x1c /Users/chenguanming/Desktop/Course/Embedded/STM32CubeIDE.app/Contents/Eclipse/plugins/com.st.stm32cube.ide.mcu.externaltools.gnu-tools-for-stm32.12.3.rel1.macos64_1.1.0.202410301201/tools/bin/../lib/gcc/arm-none-eabi/12.3.1/../../../../arm-none-eabi/lib/thumb/v7e-m+fp/hard/libc_nano.a(libc_a-memcpy-stub.o)
                0x0800e72c                memcpy
 .text.__ssputs_r
                0x0800e748       0xb6 /Users/chenguanming/Desktop/Course/Embedded/STM32CubeIDE.app/Contents/Eclipse/plugins/com.st.stm32cube.ide.mcu.externaltools.gnu-tools-for-stm32.12.3.rel1.macos64_1.1.0.202410301201/tools/bin/../lib/gcc/arm-none-eabi/12.3.1/../../../../arm-none-eabi/lib/thumb/v7e-m+fp/hard/libc_nano.a(libc_a-nano-svfprintf.o)
                0x0800e748                __ssputs_r
 *fill*         0x0800e7fe        0x2 
 .text._svfprintf_r
                0x0800e800      0x1f8 /Users/chenguanming/Desktop/Course/Embedded/STM32CubeIDE.app/Contents/Eclipse/plugins/com.st.stm32cube.ide.mcu.externaltools.gnu-tools-for-stm32.12.3.rel1.macos64_1.1.0.202410301201/tools/bin/../lib/gcc/arm-none-eabi/12.3.1/../../../../arm-none-eabi/lib/thumb/v7e-m+fp/hard/libc_nano.a(libc_a-nano-svfprintf.o)
                0x0800e800                _svfprintf_r
                0x0800e800                _svfiprintf_r
 .text.sbrk_aligned
                0x0800e9f8       0x44 /Users/chenguanming/Desktop/Course/Embedded/STM32CubeIDE.app/Contents/Eclipse/plugins/com.st.stm32cube.ide.mcu.externaltools.gnu-tools-for-stm32.12.3.rel1.macos64_1.1.0.202410301201/tools/bin/../lib/gcc/arm-none-eabi/12.3.1/../../../../arm-none-eabi/lib/thumb/v7e-m+fp/hard/libc_nano.a(libc_a-mallocr.o)
 .text._malloc_r
                0x0800ea3c      0x100 /Users/chenguanming/Desktop/Course/Embedded/STM32CubeIDE.app/Contents/Eclipse/plugins/com.st.stm32cube.ide.mcu.externaltools.gnu-tools-for-stm32.12.3.rel1.macos64_1.1.0.202410301201/tools/bin/../lib/gcc/arm-none-eabi/12.3.1/../../../../arm-none-eabi/lib/thumb/v7e-m+fp/hard/libc_nano.a(libc_a-mallocr.o)
                0x0800ea3c                _malloc_r
 .text._printf_common
                0x0800eb3c       0xda /Users/chenguanming/Desktop/Course/Embedded/STM32CubeIDE.app/Contents/Eclipse/plugins/com.st.stm32cube.ide.mcu.externaltools.gnu-tools-for-stm32.12.3.rel1.macos64_1.1.0.202410301201/tools/bin/../lib/gcc/arm-none-eabi/12.3.1/../../../../arm-none-eabi/lib/thumb/v7e-m+fp/hard/libc_nano.a(libc_a-nano-vfprintf_i.o)
                0x0800eb3c                _printf_common
 *fill*         0x0800ec16        0x2 
 .text._printf_i
                0x0800ec18      0x240 /Users/chenguanming/Desktop/Course/Embedded/STM32CubeIDE.app/Contents/Eclipse/plugins/com.st.stm32cube.ide.mcu.externaltools.gnu-tools-for-stm32.12.3.rel1.macos64_1.1.0.202410301201/tools/bin/../lib/gcc/arm-none-eabi/12.3.1/../../../../arm-none-eabi/lib/thumb/v7e-m+fp/hard/libc_nano.a(libc_a-nano-vfprintf_i.o)
                0x0800ec18                _printf_i
 .text.__malloc_lock
                0x0800ee58        0xc /Users/chenguanming/Desktop/Course/Embedded/STM32CubeIDE.app/Contents/Eclipse/plugins/com.st.stm32cube.ide.mcu.externaltools.gnu-tools-for-stm32.12.3.rel1.macos64_1.1.0.202410301201/tools/bin/../lib/gcc/arm-none-eabi/12.3.1/../../../../arm-none-eabi/lib/thumb/v7e-m+fp/hard/libc_nano.a(libc_a-mlock.o)
                0x0800ee58                __malloc_lock
 .text.__malloc_unlock
                0x0800ee64        0xc /Users/chenguanming/Desktop/Course/Embedded/STM32CubeIDE.app/Contents/Eclipse/plugins/com.st.stm32cube.ide.mcu.externaltools.gnu-tools-for-stm32.12.3.rel1.macos64_1.1.0.202410301201/tools/bin/../lib/gcc/arm-none-eabi/12.3.1/../../../../arm-none-eabi/lib/thumb/v7e-m+fp/hard/libc_nano.a(libc_a-mlock.o)
                0x0800ee64                __malloc_unlock
 .text._realloc_r
                0x0800ee70       0x5c /Users/chenguanming/Desktop/Course/Embedded/STM32CubeIDE.app/Contents/Eclipse/plugins/com.st.stm32cube.ide.mcu.externaltools.gnu-tools-for-stm32.12.3.rel1.macos64_1.1.0.202410301201/tools/bin/../lib/gcc/arm-none-eabi/12.3.1/../../../../arm-none-eabi/lib/thumb/v7e-m+fp/hard/libc_nano.a(libc_a-reallocr.o)
                0x0800ee70                _realloc_r
 .text.memmove  0x0800eecc       0x34 /Users/chenguanming/Desktop/Course/Embedded/STM32CubeIDE.app/Contents/Eclipse/plugins/com.st.stm32cube.ide.mcu.externaltools.gnu-tools-for-stm32.12.3.rel1.macos64_1.1.0.202410301201/tools/bin/../lib/gcc/arm-none-eabi/12.3.1/../../../../arm-none-eabi/lib/thumb/v7e-m+fp/hard/libc_nano.a(libc_a-memmove.o)
                0x0800eecc                memmove
 .text._sbrk_r  0x0800ef00       0x20 /Users/chenguanming/Desktop/Course/Embedded/STM32CubeIDE.app/Contents/Eclipse/plugins/com.st.stm32cube.ide.mcu.externaltools.gnu-tools-for-stm32.12.3.rel1.macos64_1.1.0.202410301201/tools/bin/../lib/gcc/arm-none-eabi/12.3.1/../../../../arm-none-eabi/lib/thumb/v7e-m+fp/hard/libc_nano.a(libc_a-sbrkr.o)
                0x0800ef00                _sbrk_r
 .text._free_r  0x0800ef20       0x94 /Users/chenguanming/Desktop/Course/Embedded/STM32CubeIDE.app/Contents/Eclipse/plugins/com.st.stm32cube.ide.mcu.externaltools.gnu-tools-for-stm32.12.3.rel1.macos64_1.1.0.202410301201/tools/bin/../lib/gcc/arm-none-eabi/12.3.1/../../../../arm-none-eabi/lib/thumb/v7e-m+fp/hard/libc_nano.a(libc_a-freer.o)
                0x0800ef20                _free_r
 .text._malloc_usable_size_r
                0x0800efb4       0x10 /Users/chenguanming/Desktop/Course/Embedded/STM32CubeIDE.app/Contents/Eclipse/plugins/com.st.stm32cube.ide.mcu.externaltools.gnu-tools-for-stm32.12.3.rel1.macos64_1.1.0.202410301201/tools/bin/../lib/gcc/arm-none-eabi/12.3.1/../../../../arm-none-eabi/lib/thumb/v7e-m+fp/hard/libc_nano.a(libc_a-msizer.o)
                0x0800efb4                _malloc_usable_size_r
 *(.glue_7)
 .glue_7        0x0800efc4        0x0 linker stubs
 *(.glue_7t)
 .glue_7t       0x0800efc4        0x0 linker stubs
 *(.eh_frame)
 .eh_frame      0x0800efc4        0x0 /Users/chenguanming/Desktop/Course/Embedded/STM32CubeIDE.app/Contents/Eclipse/plugins/com.st.stm32cube.ide.mcu.externaltools.gnu-tools-for-stm32.12.3.rel1.macos64_1.1.0.202410301201/tools/bin/../lib/gcc/arm-none-eabi/12.3.1/thumb/v7e-m+fp/hard/crtbegin.o
 *(.init)
 .init          0x0800efc4        0x4 /Users/chenguanming/Desktop/Course/Embedded/STM32CubeIDE.app/Contents/Eclipse/plugins/com.st.stm32cube.ide.mcu.externaltools.gnu-tools-for-stm32.12.3.rel1.macos64_1.1.0.202410301201/tools/bin/../lib/gcc/arm-none-eabi/12.3.1/thumb/v7e-m+fp/hard/crti.o
                0x0800efc4                _init
 .init          0x0800efc8        0x8 /Users/chenguanming/Desktop/Course/Embedded/STM32CubeIDE.app/Contents/Eclipse/plugins/com.st.stm32cube.ide.mcu.externaltools.gnu-tools-for-stm32.12.3.rel1.macos64_1.1.0.202410301201/tools/bin/../lib/gcc/arm-none-eabi/12.3.1/thumb/v7e-m+fp/hard/crtn.o
 *(.fini)
 .fini          0x0800efd0        0x4 /Users/chenguanming/Desktop/Course/Embedded/STM32CubeIDE.app/Contents/Eclipse/plugins/com.st.stm32cube.ide.mcu.externaltools.gnu-tools-for-stm32.12.3.rel1.macos64_1.1.0.202410301201/tools/bin/../lib/gcc/arm-none-eabi/12.3.1/thumb/v7e-m+fp/hard/crti.o
                0x0800efd0                _fini
 .fini          0x0800efd4        0x8 /Users/chenguanming/Desktop/Course/Embedded/STM32CubeIDE.app/Contents/Eclipse/plugins/com.st.stm32cube.ide.mcu.externaltools.gnu-tools-for-stm32.12.3.rel1.macos64_1.1.0.202410301201/tools/bin/../lib/gcc/arm-none-eabi/12.3.1/thumb/v7e-m+fp/hard/crtn.o
                0x0800efdc                        . = ALIGN (0x4)
                0x0800efdc                        _etext = .

.vfp11_veneer   0x0800efdc        0x0
 .vfp11_veneer  0x0800efdc        0x0 linker stubs

.v4_bx          0x0800efdc        0x0
 .v4_bx         0x0800efdc        0x0 linker stubs

.iplt           0x0800efdc        0x0
 .iplt          0x0800efdc        0x0 /Users/chenguanming/Desktop/Course/Embedded/STM32CubeIDE.app/Contents/Eclipse/plugins/com.st.stm32cube.ide.mcu.externaltools.gnu-tools-for-stm32.12.3.rel1.macos64_1.1.0.202410301201/tools/bin/../lib/gcc/arm-none-eabi/12.3.1/thumb/v7e-m+fp/hard/crtbegin.o

.rodata         0x0800efdc      0x7a8
                0x0800efdc                        . = ALIGN (0x4)
 *(.rodata)
 .rodata        0x0800efdc      0x133 ./Core/Src/File_Handling.o
 *fill*         0x0800f10f        0x1 
 .rodata        0x0800f110      0x4d8 ./Core/Src/main.o
 .rodata        0x0800f5e8        0x5 ./FreeRTOS/tasks.o
 *fill*         0x0800f5ed        0x3 
 .rodata        0x0800f5f0        0xd ./FreeRTOS/timers.o
 *fill*         0x0800f5fd        0x3 
 .rodata        0x0800f600       0x44 ./Middlewares/Third_Party/FatFs/src/ff.o
 *(.rodata*)
 .rodata.I2SFreq
                0x0800f644       0x20 ./Core/Src/AUDIO.o
                0x0800f644                I2SFreq
 .rodata.I2SPLLN
                0x0800f664       0x20 ./Core/Src/AUDIO.o
                0x0800f664                I2SPLLN
 .rodata.I2SPLLR
                0x0800f684       0x20 ./Core/Src/AUDIO.o
                0x0800f684                I2SPLLR
 .rodata.DEBOUNCE_MILLIS.9
                0x0800f6a4        0x4 ./Core/Src/main.o
 .rodata.LONG_MILLIS_MIN.4
                0x0800f6a8        0x4 ./Core/Src/main.o
 .rodata.DOUBLE_GAP_MILLIS_MAX.1
                0x0800f6ac        0x4 ./Core/Src/main.o
 .rodata.AHBPrescTable
                0x0800f6b0       0x10 ./Core/Src/system_stm32f4xx.o
                0x0800f6b0                AHBPrescTable
 .rodata.APBPrescTable
                0x0800f6c0        0x8 ./Core/Src/system_stm32f4xx.o
                0x0800f6c0                APBPrescTable
 .rodata.flagBitshiftOffset.0
                0x0800f6c8        0x8 ./Drivers/STM32F4xx_HAL_Driver/Src/stm32f4xx_hal_dma.o
 .rodata.ExCvt  0x0800f6d0       0x80 ./Middlewares/Third_Party/FatFs/src/ff.o
 .rodata._svfprintf_r.str1.1
                0x0800f750       0x11 /Users/chenguanming/Desktop/Course/Embedded/STM32CubeIDE.app/Contents/Eclipse/plugins/com.st.stm32cube.ide.mcu.externaltools.gnu-tools-for-stm32.12.3.rel1.macos64_1.1.0.202410301201/tools/bin/../lib/gcc/arm-none-eabi/12.3.1/../../../../arm-none-eabi/lib/thumb/v7e-m+fp/hard/libc_nano.a(libc_a-nano-svfprintf.o)
 .rodata._printf_i.str1.1
                0x0800f761       0x22 /Users/chenguanming/Desktop/Course/Embedded/STM32CubeIDE.app/Contents/Eclipse/plugins/com.st.stm32cube.ide.mcu.externaltools.gnu-tools-for-stm32.12.3.rel1.macos64_1.1.0.202410301201/tools/bin/../lib/gcc/arm-none-eabi/12.3.1/../../../../arm-none-eabi/lib/thumb/v7e-m+fp/hard/libc_nano.a(libc_a-nano-vfprintf_i.o)
                0x0800f784                        . = ALIGN (0x4)
 *fill*         0x0800f783        0x1 

.ARM.extab      0x0800f784        0x0
                0x0800f784                        . = ALIGN (0x4)
 *(.ARM.extab* .gnu.linkonce.armextab.*)
                0x0800f784                        . = ALIGN (0x4)

.ARM            0x0800f784        0x8
                0x0800f784                        . = ALIGN (0x4)
                0x0800f784                        __exidx_start = .
 *(.ARM.exidx*)
 .ARM.exidx     0x0800f784        0x8 /Users/chenguanming/Desktop/Course/Embedded/STM32CubeIDE.app/Contents/Eclipse/plugins/com.st.stm32cube.ide.mcu.externaltools.gnu-tools-for-stm32.12.3.rel1.macos64_1.1.0.202410301201/tools/bin/../lib/gcc/arm-none-eabi/12.3.1/../../../../arm-none-eabi/lib/thumb/v7e-m+fp/hard/libc_nano.a(libc_a-strlen.o)
 .ARM.exidx     0x0800f78c        0x0 /Users/chenguanming/Desktop/Course/Embedded/STM32CubeIDE.app/Contents/Eclipse/plugins/com.st.stm32cube.ide.mcu.externaltools.gnu-tools-for-stm32.12.3.rel1.macos64_1.1.0.202410301201/tools/bin/../lib/gcc/arm-none-eabi/12.3.1/../../../../arm-none-eabi/lib/thumb/v7e-m+fp/hard/libc_nano.a(libc_a-memchr.o)
                                  0x8 (size before relaxing)
 .ARM.exidx     0x0800f78c        0x0 /Users/chenguanming/Desktop/Course/Embedded/STM32CubeIDE.app/Contents/Eclipse/plugins/com.st.stm32cube.ide.mcu.externaltools.gnu-tools-for-stm32.12.3.rel1.macos64_1.1.0.202410301201/tools/bin/../lib/gcc/arm-none-eabi/12.3.1/thumb/v7e-m+fp/hard/libgcc.a(_udivmoddi4.o)
                                  0x8 (size before relaxing)
                0x0800f78c                        __exidx_end = .
                0x0800f78c                        . = ALIGN (0x4)

.preinit_array  0x0800f78c        0x0
                0x0800f78c                        . = ALIGN (0x4)
                0x0800f78c                        PROVIDE (__preinit_array_start = .)
 *(.preinit_array*)
                0x0800f78c                        PROVIDE (__preinit_array_end = .)
                0x0800f78c                        . = ALIGN (0x4)

.init_array     0x0800f78c        0x4
                0x0800f78c                        . = ALIGN (0x4)
                0x0800f78c                        PROVIDE (__init_array_start = .)
 *(SORT_BY_NAME(.init_array.*))
 *(.init_array*)
 .init_array    0x0800f78c        0x4 /Users/chenguanming/Desktop/Course/Embedded/STM32CubeIDE.app/Contents/Eclipse/plugins/com.st.stm32cube.ide.mcu.externaltools.gnu-tools-for-stm32.12.3.rel1.macos64_1.1.0.202410301201/tools/bin/../lib/gcc/arm-none-eabi/12.3.1/thumb/v7e-m+fp/hard/crtbegin.o
                0x0800f790                        PROVIDE (__init_array_end = .)
                0x0800f790                        . = ALIGN (0x4)

.fini_array     0x0800f790        0x4
                0x0800f790                        . = ALIGN (0x4)
                [!provide]                        PROVIDE (__fini_array_start = .)
 *(SORT_BY_NAME(.fini_array.*))
 *(.fini_array*)
 .fini_array    0x0800f790        0x4 /Users/chenguanming/Desktop/Course/Embedded/STM32CubeIDE.app/Contents/Eclipse/plugins/com.st.stm32cube.ide.mcu.externaltools.gnu-tools-for-stm32.12.3.rel1.macos64_1.1.0.202410301201/tools/bin/../lib/gcc/arm-none-eabi/12.3.1/thumb/v7e-m+fp/hard/crtbegin.o
                [!provide]                        PROVIDE (__fini_array_end = .)
                0x0800f794                        . = ALIGN (0x4)
                0x0800f794                        _sidata = LOADADDR (.data)

.rel.dyn        0x0800f794        0x0
 .rel.iplt      0x0800f794        0x0 /Users/chenguanming/Desktop/Course/Embedded/STM32CubeIDE.app/Contents/Eclipse/plugins/com.st.stm32cube.ide.mcu.externaltools.gnu-tools-for-stm32.12.3.rel1.macos64_1.1.0.202410301201/tools/bin/../lib/gcc/arm-none-eabi/12.3.1/thumb/v7e-m+fp/hard/crtbegin.o

.data           0x20000000       0xb4 load address 0x0800f794
                0x20000000                        . = ALIGN (0x4)
                0x20000000                        _sdata = .
 *(.data)
 *(.data*)
 .data.I2cxTimeout
                0x20000000        0x4 ./Core/Src/AUDIO_LINK.o
                0x20000000                I2cxTimeout
 .data.cs43l22_drv
                0x20000004       0x30 ./Core/Src/cs43l22.o
                0x20000004                cs43l22_drv
 .data.Is_cs43l22_Stop
                0x20000034        0x1 ./Core/Src/cs43l22.o
 *fill*         0x20000035        0x3 
 .data.SystemCoreClock
                0x20000038        0x4 ./Core/Src/system_stm32f4xx.o
                0x20000038                SystemCoreClock
 .data.uwVolume
                0x2000003c        0x4 ./Core/Src/waveplayer.o
 .data.uwTickPrio
                0x20000040        0x4 ./Drivers/STM32F4xx_HAL_Driver/Src/stm32f4xx_hal.o
                0x20000040                uwTickPrio
 .data.uwTickFreq
                0x20000044        0x1 ./Drivers/STM32F4xx_HAL_Driver/Src/stm32f4xx_hal.o
                0x20000044                uwTickFreq
 *fill*         0x20000045        0x3 
 .data.USER_Driver
                0x20000048       0x14 ./FATFS/Target/user_diskio.o
                0x20000048                USER_Driver
 .data.Stat     0x2000005c        0x1 ./FATFS/Target/user_diskio_spi.o
 *fill*         0x2000005d        0x3 
 .data.uxCriticalNesting
                0x20000060        0x4 ./FreeRTOS/portable/ARM_CM4F/port.o
 .data._impure_ptr
                0x20000064        0x4 /Users/chenguanming/Desktop/Course/Embedded/STM32CubeIDE.app/Contents/Eclipse/plugins/com.st.stm32cube.ide.mcu.externaltools.gnu-tools-for-stm32.12.3.rel1.macos64_1.1.0.202410301201/tools/bin/../lib/gcc/arm-none-eabi/12.3.1/../../../../arm-none-eabi/lib/thumb/v7e-m+fp/hard/libc_nano.a(libc_a-impure.o)
                0x20000064                _impure_ptr
 .data._impure_data
                0x20000068       0x4c /Users/chenguanming/Desktop/Course/Embedded/STM32CubeIDE.app/Contents/Eclipse/plugins/com.st.stm32cube.ide.mcu.externaltools.gnu-tools-for-stm32.12.3.rel1.macos64_1.1.0.202410301201/tools/bin/../lib/gcc/arm-none-eabi/12.3.1/../../../../arm-none-eabi/lib/thumb/v7e-m+fp/hard/libc_nano.a(libc_a-impure.o)
                0x20000068                _impure_data
 *(.RamFunc)
 *(.RamFunc*)
                0x200000b4                        . = ALIGN (0x4)
                0x200000b4                        _edata = .
                0x0800f848                        _siccmram = LOADADDR (.ccmram)

.igot.plt       0x200000b4        0x0 load address 0x0800f848
 .igot.plt      0x200000b4        0x0 /Users/chenguanming/Desktop/Course/Embedded/STM32CubeIDE.app/Contents/Eclipse/plugins/com.st.stm32cube.ide.mcu.externaltools.gnu-tools-for-stm32.12.3.rel1.macos64_1.1.0.202410301201/tools/bin/../lib/gcc/arm-none-eabi/12.3.1/thumb/v7e-m+fp/hard/crtbegin.o

.ccmram         0x10000000        0x0 load address 0x0800f848
                0x10000000                        . = ALIGN (0x4)
                0x10000000                        _sccmram = .
 *(.ccmram)
 *(.ccmram*)
                0x10000000                        . = ALIGN (0x4)
                0x10000000                        _eccmram = .
                0x10000000                        . = ALIGN (0x4)

.bss            0x200000b4    0x14bdc
                0x200000b4                        _sbss = .
                0x200000b4                        __bss_start__ = _sbss
 *(.bss)
 .bss           0x200000b4       0x1c /Users/chenguanming/Desktop/Course/Embedded/STM32CubeIDE.app/Contents/Eclipse/plugins/com.st.stm32cube.ide.mcu.externaltools.gnu-tools-for-stm32.12.3.rel1.macos64_1.1.0.202410301201/tools/bin/../lib/gcc/arm-none-eabi/12.3.1/thumb/v7e-m+fp/hard/crtbegin.o
 *(.bss*)
 .bss.pAudioDrv
                0x200000d0        0x4 ./Core/Src/AUDIO.o
 .bss.hAudioOutI2s
                0x200000d4       0x48 ./Core/Src/AUDIO.o
                0x200000d4                hAudioOutI2s
 .bss.hdma_i2sTx.0
                0x2000011c       0x60 ./Core/Src/AUDIO.o
 .bss.I2cHandle
                0x2000017c       0x54 ./Core/Src/AUDIO_LINK.o
 .bss.fs        0x200001d0      0x230 ./Core/Src/File_Handling.o
                0x200001d0                fs
 .bss.fresult   0x20000400        0x1 ./Core/Src/File_Handling.o
                0x20000400                fresult
 *fill*         0x20000401        0x1 
 .bss.NumObs    0x20000402        0x2 ./Core/Src/File_Handling.o
                0x20000402                NumObs
 .bss.OutputDev
                0x20000404        0x1 ./Core/Src/cs43l22.o
                0x20000404                OutputDev
 *fill*         0x20000405        0x3 
 .bss.hi2c1     0x20000408       0x54 ./Core/Src/main.o
                0x20000408                hi2c1
 .bss.hi2s3     0x2000045c       0x48 ./Core/Src/main.o
                0x2000045c                hi2s3
 .bss.hdma_spi3_tx
                0x200004a4       0x60 ./Core/Src/main.o
                0x200004a4                hdma_spi3_tx
 .bss.hspi2     0x20000504       0x58 ./Core/Src/main.o
                0x20000504                hspi2
 .bss.huart2    0x2000055c       0x48 ./Core/Src/main.o
                0x2000055c                huart2
 .bss.buttonTaskHandle
                0x200005a4        0x4 ./Core/Src/main.o
                0x200005a4                buttonTaskHandle
 .bss.initialized
                0x200005a8        0x1 ./Core/Src/main.o
                0x200005a8                initialized
 .bss.currentState
                0x200005a9        0x1 ./Core/Src/main.o
                0x200005a9                currentState
 *fill*         0x200005aa        0x2 
 .bss.fatfsMutex
                0x200005ac        0x4 ./Core/Src/main.o
                0x200005ac                fatfsMutex
 .bss.logQueue  0x200005b0        0x4 ./Core/Src/main.o
                0x200005b0                logQueue
 .bss.buttonstate.11
                0x200005b4        0x1 ./Core/Src/main.o
 *fill*         0x200005b5        0x3 
 .bss.buttonstate_ts.10
                0x200005b8        0x4 ./Core/Src/main.o
 .bss.button_down.8
                0x200005bc        0x1 ./Core/Src/main.o
 .bss.long_press_fired.7
                0x200005bd        0x1 ./Core/Src/main.o
 .bss.double_pending.6
                0x200005be        0x1 ./Core/Src/main.o
 *fill*         0x200005bf        0x1 
 .bss.button_down_ts.5
                0x200005c0        0x4 ./Core/Src/main.o
 .bss.pending_event.3
                0x200005c4        0x1 ./Core/Src/main.o
 *fill*         0x200005c5        0x3 
 .bss.button_up_ts.2
                0x200005c8        0x4 ./Core/Src/main.o
 .bss.buffer.0  0x200005cc      0x100 ./Core/Src/myprintf.o
 .bss.htim2     0x200006cc       0x48 ./Core/Src/stm32f4xx_hal_timebase_tim.o
                0x200006cc                htim2
 .bss.__sbrk_heap_end
                0x20000714        0x4 ./Core/Src/sysmem.o
 .bss.BufferCtl
                0x20000718     0x1008 ./Core/Src/waveplayer.o
 .bss.AudioState
                0x20001720        0x1 ./Core/Src/waveplayer.o
                0x20001720                AudioState
 *fill*         0x20001721        0x1 
 .bss.FilePos   0x20001722        0x2 ./Core/Src/waveplayer.o
 .bss.FileList  0x20001724      0x3da ./Core/Src/waveplayer.o
                0x20001724                FileList
 *fill*         0x20001afe        0x2 
 .bss.WaveFormat
                0x20001b00       0x2c ./Core/Src/waveplayer.o
                0x20001b00                WaveFormat
 .bss.WavFile   0x20001b2c      0x230 ./Core/Src/waveplayer.o
                0x20001b2c                WavFile
 .bss.uwTick    0x20001d5c        0x4 ./Drivers/STM32F4xx_HAL_Driver/Src/stm32f4xx_hal.o
                0x20001d5c                uwTick
 .bss.retUSER   0x20001d60        0x1 ./FATFS/App/fatfs.o
                0x20001d60                retUSER
 *fill*         0x20001d61        0x3 
 .bss.USERPath  0x20001d64        0x4 ./FATFS/App/fatfs.o
                0x20001d64                USERPath
 .bss.CardType  0x20001d68        0x1 ./FATFS/Target/user_diskio_spi.o
 *fill*         0x20001d69        0x3 
 .bss.spiTimerTickStart
                0x20001d6c        0x4 ./FATFS/Target/user_diskio_spi.o
                0x20001d6c                spiTimerTickStart
 .bss.spiTimerTickDelay
                0x20001d70        0x4 ./FATFS/Target/user_diskio_spi.o
                0x20001d70                spiTimerTickDelay
 .bss.xQueueRegistry
                0x20001d74       0x40 ./FreeRTOS/queue.o
                0x20001d74                xQueueRegistry
 .bss.pxCurrentTCB
                0x20001db4        0x4 ./FreeRTOS/tasks.o
                0x20001db4                pxCurrentTCB
 .bss.pxReadyTasksLists
                0x20001db8       0x64 ./FreeRTOS/tasks.o
 .bss.xDelayedTaskList1
                0x20001e1c       0x14 ./FreeRTOS/tasks.o
 .bss.xDelayedTaskList2
                0x20001e30       0x14 ./FreeRTOS/tasks.o
 .bss.pxDelayedTaskList
                0x20001e44        0x4 ./FreeRTOS/tasks.o
 .bss.pxOverflowDelayedTaskList
                0x20001e48        0x4 ./FreeRTOS/tasks.o
 .bss.xPendingReadyList
                0x20001e4c       0x14 ./FreeRTOS/tasks.o
 .bss.xTasksWaitingTermination
                0x20001e60       0x14 ./FreeRTOS/tasks.o
 .bss.uxDeletedTasksWaitingCleanUp
                0x20001e74        0x4 ./FreeRTOS/tasks.o
 .bss.xSuspendedTaskList
                0x20001e78       0x14 ./FreeRTOS/tasks.o
 .bss.uxCurrentNumberOfTasks
                0x20001e8c        0x4 ./FreeRTOS/tasks.o
 .bss.xTickCount
                0x20001e90        0x4 ./FreeRTOS/tasks.o
 .bss.uxTopReadyPriority
                0x20001e94        0x4 ./FreeRTOS/tasks.o
 .bss.xSchedulerRunning
                0x20001e98        0x4 ./FreeRTOS/tasks.o
 .bss.uxPendedTicks
                0x20001e9c        0x4 ./FreeRTOS/tasks.o
 .bss.xYieldPending
                0x20001ea0        0x4 ./FreeRTOS/tasks.o
 .bss.xNumOfOverflows
                0x20001ea4        0x4 ./FreeRTOS/tasks.o
 .bss.uxTaskNumber
                0x20001ea8        0x4 ./FreeRTOS/tasks.o
 .bss.xNextTaskUnblockTime
                0x20001eac        0x4 ./FreeRTOS/tasks.o
 .bss.xIdleTaskHandle
                0x20001eb0        0x4 ./FreeRTOS/tasks.o
 .bss.uxSchedulerSuspended
                0x20001eb4        0x4 ./FreeRTOS/tasks.o
 .bss.xActiveTimerList1
                0x20001eb8       0x14 ./FreeRTOS/timers.o
 .bss.xActiveTimerList2
                0x20001ecc       0x14 ./FreeRTOS/timers.o
 .bss.pxCurrentTimerList
                0x20001ee0        0x4 ./FreeRTOS/timers.o
 .bss.pxOverflowTimerList
                0x20001ee4        0x4 ./FreeRTOS/timers.o
 .bss.xTimerQueue
                0x20001ee8        0x4 ./FreeRTOS/timers.o
 .bss.xTimerTaskHandle
                0x20001eec        0x4 ./FreeRTOS/timers.o
 .bss.xLastTime.0
                0x20001ef0        0x4 ./FreeRTOS/timers.o
 .bss.ucMaxSysCallPriority
                0x20001ef4        0x1 ./FreeRTOS/portable/ARM_CM4F/port.o
 *fill*         0x20001ef5        0x3 
 .bss.ulMaxPRIGROUPValue
                0x20001ef8        0x4 ./FreeRTOS/portable/ARM_CM4F/port.o
 .bss.ucHeap    0x20001efc    0x12c00 ./FreeRTOS/portable/MemMang/heap_4.o
 .bss.xStart    0x20014afc        0x8 ./FreeRTOS/portable/MemMang/heap_4.o
 .bss.pxEnd     0x20014b04        0x4 ./FreeRTOS/portable/MemMang/heap_4.o
 .bss.xFreeBytesRemaining
                0x20014b08        0x4 ./FreeRTOS/portable/MemMang/heap_4.o
 .bss.xMinimumEverFreeBytesRemaining
                0x20014b0c        0x4 ./FreeRTOS/portable/MemMang/heap_4.o
 .bss.xBlockAllocatedBit
                0x20014b10        0x4 ./FreeRTOS/portable/MemMang/heap_4.o
 .bss.FatFs     0x20014b14        0x4 ./Middlewares/Third_Party/FatFs/src/ff.o
 .bss.Fsid      0x20014b18        0x2 ./Middlewares/Third_Party/FatFs/src/ff.o
 *fill*         0x20014b1a        0x2 
 .bss.Files     0x20014b1c       0x20 ./Middlewares/Third_Party/FatFs/src/ff.o
 .bss.disk      0x20014b3c        0xc ./Middlewares/Third_Party/FatFs/src/ff_gen_drv.o
                0x20014b3c                disk
 .bss.__sf      0x20014b48      0x138 /Users/chenguanming/Desktop/Course/Embedded/STM32CubeIDE.app/Contents/Eclipse/plugins/com.st.stm32cube.ide.mcu.externaltools.gnu-tools-for-stm32.12.3.rel1.macos64_1.1.0.202410301201/tools/bin/../lib/gcc/arm-none-eabi/12.3.1/../../../../arm-none-eabi/lib/thumb/v7e-m+fp/hard/libc_nano.a(libc_a-findfp.o)
                0x20014b48                __sf
 .bss.__lock___malloc_recursive_mutex
                0x20014c80        0x1 /Users/chenguanming/Desktop/Course/Embedded/STM32CubeIDE.app/Contents/Eclipse/plugins/com.st.stm32cube.ide.mcu.externaltools.gnu-tools-for-stm32.12.3.rel1.macos64_1.1.0.202410301201/tools/bin/../lib/gcc/arm-none-eabi/12.3.1/../../../../arm-none-eabi/lib/thumb/v7e-m+fp/hard/libc_nano.a(libc_a-lock.o)
                0x20014c80                __lock___malloc_recursive_mutex
 *fill*         0x20014c81        0x3 
 .bss.__malloc_sbrk_start
                0x20014c84        0x4 /Users/chenguanming/Desktop/Course/Embedded/STM32CubeIDE.app/Contents/Eclipse/plugins/com.st.stm32cube.ide.mcu.externaltools.gnu-tools-for-stm32.12.3.rel1.macos64_1.1.0.202410301201/tools/bin/../lib/gcc/arm-none-eabi/12.3.1/../../../../arm-none-eabi/lib/thumb/v7e-m+fp/hard/libc_nano.a(libc_a-mallocr.o)
                0x20014c84                __malloc_sbrk_start
 .bss.__malloc_free_list
                0x20014c88        0x4 /Users/chenguanming/Desktop/Course/Embedded/STM32CubeIDE.app/Contents/Eclipse/plugins/com.st.stm32cube.ide.mcu.externaltools.gnu-tools-for-stm32.12.3.rel1.macos64_1.1.0.202410301201/tools/bin/../lib/gcc/arm-none-eabi/12.3.1/../../../../arm-none-eabi/lib/thumb/v7e-m+fp/hard/libc_nano.a(libc_a-mallocr.o)
                0x20014c88                __malloc_free_list
 .bss.errno     0x20014c8c        0x4 /Users/chenguanming/Desktop/Course/Embedded/STM32CubeIDE.app/Contents/Eclipse/plugins/com.st.stm32cube.ide.mcu.externaltools.gnu-tools-for-stm32.12.3.rel1.macos64_1.1.0.202410301201/tools/bin/../lib/gcc/arm-none-eabi/12.3.1/../../../../arm-none-eabi/lib/thumb/v7e-m+fp/hard/libc_nano.a(libc_a-reent.o)
                0x20014c8c                errno
 *(COMMON)
                0x20014c90                        . = ALIGN (0x4)
                0x20014c90                        _ebss = .
                0x20014c90                        __bss_end__ = _ebss

._user_heap_stack
                0x20014c90      0x600
                0x20014c90                        . = ALIGN (0x8)
                [!provide]                        PROVIDE (end = .)
                0x20014c90                        PROVIDE (_end = .)
                0x20014e90                        . = (. + _Min_Heap_Size)
 *fill*         0x20014c90      0x200 
                0x20015290                        . = (. + _Min_Stack_Size)
 *fill*         0x20014e90      0x400 
                0x20015290                        . = ALIGN (0x8)

/DISCARD/
 libc.a(*)
 libm.a(*)
 libgcc.a(*)

.ARM.attributes
                0x00000000       0x30
 *(.ARM.attributes)
 .ARM.attributes
                0x00000000       0x22 /Users/chenguanming/Desktop/Course/Embedded/STM32CubeIDE.app/Contents/Eclipse/plugins/com.st.stm32cube.ide.mcu.externaltools.gnu-tools-for-stm32.12.3.rel1.macos64_1.1.0.202410301201/tools/bin/../lib/gcc/arm-none-eabi/12.3.1/thumb/v7e-m+fp/hard/crti.o
 .ARM.attributes
                0x00000022       0x34 /Users/chenguanming/Desktop/Course/Embedded/STM32CubeIDE.app/Contents/Eclipse/plugins/com.st.stm32cube.ide.mcu.externaltools.gnu-tools-for-stm32.12.3.rel1.macos64_1.1.0.202410301201/tools/bin/../lib/gcc/arm-none-eabi/12.3.1/thumb/v7e-m+fp/hard/crtbegin.o
 .ARM.attributes
                0x00000056       0x34 ./Core/Src/AUDIO.o
 .ARM.attributes
                0x0000008a       0x34 ./Core/Src/AUDIO_LINK.o
 .ARM.attributes
                0x000000be       0x34 ./Core/Src/File_Handling.o
 .ARM.attributes
                0x000000f2       0x34 ./Core/Src/cs43l22.o
 .ARM.attributes
                0x00000126       0x34 ./Core/Src/main.o
 .ARM.attributes
                0x0000015a       0x34 ./Core/Src/myprintf.o
 .ARM.attributes
                0x0000018e       0x34 ./Core/Src/stm32f4xx_hal_msp.o
 .ARM.attributes
                0x000001c2       0x34 ./Core/Src/stm32f4xx_hal_timebase_tim.o
 .ARM.attributes
                0x000001f6       0x34 ./Core/Src/stm32f4xx_it.o
 .ARM.attributes
                0x0000022a       0x34 ./Core/Src/sysmem.o
 .ARM.attributes
                0x0000025e       0x34 ./Core/Src/system_stm32f4xx.o
 .ARM.attributes
                0x00000292       0x34 ./Core/Src/waveplayer.o
 .ARM.attributes
                0x000002c6       0x21 ./Core/Startup/startup_stm32f407vgtx.o
 .ARM.attributes
                0x000002e7       0x34 ./Drivers/STM32F4xx_HAL_Driver/Src/stm32f4xx_hal.o
 .ARM.attributes
                0x0000031b       0x34 ./Drivers/STM32F4xx_HAL_Driver/Src/stm32f4xx_hal_cortex.o
 .ARM.attributes
                0x0000034f       0x34 ./Drivers/STM32F4xx_HAL_Driver/Src/stm32f4xx_hal_dma.o
 .ARM.attributes