../Core/Src/main.c:58:6:red_LED_task	16	static
../Core/Src/main.c:66:6:green_LED_task	16	static
../Core/Src/main.c:74:6:task1	16	static
../Core/Src/main.c:81:6:task2	16	static
../Core/Src/main.c:88:6:task3	16	static
../Core/Src/main.c:95:6:print_task	16	static
../Core/Src/main.c:107:5:main	16	static
../Core/Src/main.c:157:6:SystemClock_Config	88	static
../Core/Src/main.c:202:13:MX_USART2_UART_Init	8	static
../Core/Src/main.c:235:13:MX_GPIO_Init	56	static
../Core/Src/main.c:380:6:HAL_TIM_PeriodElapsedCallback	16	static
../Core/Src/main.c:397:6:Error_Handler	4	static,ignoring_inline_asm
