Archive member included to satisfy reference by file (symbol)

/Users/chenguanming/Desktop/Course/Embedded/STM32CubeIDE.app/Contents/Eclipse/plugins/com.st.stm32cube.ide.mcu.externaltools.gnu-tools-for-stm32.12.3.rel1.macos64_1.1.0.202410301201/tools/bin/../lib/gcc/arm-none-eabi/12.3.1/../../../../arm-none-eabi/lib/thumb/v7e-m+fp/hard/libc_nano.a(libc_a-exit.o)
                              /Users/chenguanming/Desktop/Course/Embedded/STM32CubeIDE.app/Contents/Eclipse/plugins/com.st.stm32cube.ide.mcu.externaltools.gnu-tools-for-stm32.12.3.rel1.macos64_1.1.0.202410301201/tools/bin/../lib/gcc/arm-none-eabi/12.3.1/../../../../arm-none-eabi/lib/thumb/v7e-m+fp/hard/crt0.o (exit)
/Users/chenguanming/Desktop/Course/Embedded/STM32CubeIDE.app/Contents/Eclipse/plugins/com.st.stm32cube.ide.mcu.externaltools.gnu-tools-for-stm32.12.3.rel1.macos64_1.1.0.202410301201/tools/bin/../lib/gcc/arm-none-eabi/12.3.1/../../../../arm-none-eabi/lib/thumb/v7e-m+fp/hard/libc_nano.a(libc_a-findfp.o)
                              /Users/chenguanming/Desktop/Course/Embedded/STM32CubeIDE.app/Contents/Eclipse/plugins/com.st.stm32cube.ide.mcu.externaltools.gnu-tools-for-stm32.12.3.rel1.macos64_1.1.0.202410301201/tools/bin/../lib/gcc/arm-none-eabi/12.3.1/../../../../arm-none-eabi/lib/thumb/v7e-m+fp/hard/libc_nano.a(libc_a-exit.o) (__stdio_exit_handler)
/Users/chenguanming/Desktop/Course/Embedded/STM32CubeIDE.app/Contents/Eclipse/plugins/com.st.stm32cube.ide.mcu.externaltools.gnu-tools-for-stm32.12.3.rel1.macos64_1.1.0.202410301201/tools/bin/../lib/gcc/arm-none-eabi/12.3.1/../../../../arm-none-eabi/lib/thumb/v7e-m+fp/hard/libc_nano.a(libc_a-fwalk.o)
                              /Users/chenguanming/Desktop/Course/Embedded/STM32CubeIDE.app/Contents/Eclipse/plugins/com.st.stm32cube.ide.mcu.externaltools.gnu-tools-for-stm32.12.3.rel1.macos64_1.1.0.202410301201/tools/bin/../lib/gcc/arm-none-eabi/12.3.1/../../../../arm-none-eabi/lib/thumb/v7e-m+fp/hard/libc_nano.a(libc_a-findfp.o) (_fwalk_sglue)
/Users/chenguanming/Desktop/Course/Embedded/STM32CubeIDE.app/Contents/Eclipse/plugins/com.st.stm32cube.ide.mcu.externaltools.gnu-tools-for-stm32.12.3.rel1.macos64_1.1.0.202410301201/tools/bin/../lib/gcc/arm-none-eabi/12.3.1/../../../../arm-none-eabi/lib/thumb/v7e-m+fp/hard/libc_nano.a(libc_a-memset.o)
                              /Users/chenguanming/Desktop/Course/Embedded/STM32CubeIDE.app/Contents/Eclipse/plugins/com.st.stm32cube.ide.mcu.externaltools.gnu-tools-for-stm32.12.3.rel1.macos64_1.1.0.202410301201/tools/bin/../lib/gcc/arm-none-eabi/12.3.1/../../../../arm-none-eabi/lib/thumb/v7e-m+fp/hard/crt0.o (memset)
/Users/chenguanming/Desktop/Course/Embedded/STM32CubeIDE.app/Contents/Eclipse/plugins/com.st.stm32cube.ide.mcu.externaltools.gnu-tools-for-stm32.12.3.rel1.macos64_1.1.0.202410301201/tools/bin/../lib/gcc/arm-none-eabi/12.3.1/../../../../arm-none-eabi/lib/thumb/v7e-m+fp/hard/libc_nano.a(libc_a-impure.o)
                              /Users/chenguanming/Desktop/Course/Embedded/STM32CubeIDE.app/Contents/Eclipse/plugins/com.st.stm32cube.ide.mcu.externaltools.gnu-tools-for-stm32.12.3.rel1.macos64_1.1.0.202410301201/tools/bin/../lib/gcc/arm-none-eabi/12.3.1/../../../../arm-none-eabi/lib/thumb/v7e-m+fp/hard/libc_nano.a(libc_a-findfp.o) (_impure_data)
/Users/chenguanming/Desktop/Course/Embedded/STM32CubeIDE.app/Contents/Eclipse/plugins/com.st.stm32cube.ide.mcu.externaltools.gnu-tools-for-stm32.12.3.rel1.macos64_1.1.0.202410301201/tools/bin/../lib/gcc/arm-none-eabi/12.3.1/../../../../arm-none-eabi/lib/thumb/v7e-m+fp/hard/libc_nano.a(libc_a-errno.o)
                              ./Core/Src/syscalls.o (__errno)
/Users/chenguanming/Desktop/Course/Embedded/STM32CubeIDE.app/Contents/Eclipse/plugins/com.st.stm32cube.ide.mcu.externaltools.gnu-tools-for-stm32.12.3.rel1.macos64_1.1.0.202410301201/tools/bin/../lib/gcc/arm-none-eabi/12.3.1/../../../../arm-none-eabi/lib/thumb/v7e-m+fp/hard/libc_nano.a(libc_a-init.o)
                              /Users/chenguanming/Desktop/Course/Embedded/STM32CubeIDE.app/Contents/Eclipse/plugins/com.st.stm32cube.ide.mcu.externaltools.gnu-tools-for-stm32.12.3.rel1.macos64_1.1.0.202410301201/tools/bin/../lib/gcc/arm-none-eabi/12.3.1/../../../../arm-none-eabi/lib/thumb/v7e-m+fp/hard/crt0.o (__libc_init_array)
/Users/chenguanming/Desktop/Course/Embedded/STM32CubeIDE.app/Contents/Eclipse/plugins/com.st.stm32cube.ide.mcu.externaltools.gnu-tools-for-stm32.12.3.rel1.macos64_1.1.0.202410301201/tools/bin/../lib/gcc/arm-none-eabi/12.3.1/../../../../arm-none-eabi/lib/thumb/v7e-m+fp/hard/libc_nano.a(libc_a-lock.o)
                              /Users/chenguanming/Desktop/Course/Embedded/STM32CubeIDE.app/Contents/Eclipse/plugins/com.st.stm32cube.ide.mcu.externaltools.gnu-tools-for-stm32.12.3.rel1.macos64_1.1.0.202410301201/tools/bin/../lib/gcc/arm-none-eabi/12.3.1/../../../../arm-none-eabi/lib/thumb/v7e-m+fp/hard/libc_nano.a(libc_a-findfp.o) (__retarget_lock_init_recursive)
[...]
Memory Configuration

Name             Origin             Length             Attributes
CCMRAM           0x10000000         0x00010000         xrw
RAM              0x20000000         0x00020000         xrw
FLASH            0x08000000         0x00100000         xr
*default*        0x00000000         0xffffffff

Linker script and memory map

LOAD /Users/chenguanming/Desktop/Course/Embedded/STM32CubeIDE.app/Contents/Eclipse/plugins/com.st.stm32cube.ide.mcu.externaltools.gnu-tools-for-stm32.12.3.rel1.macos64_1.1.0.202410301201/tools/bin/../lib/gcc/arm-none-eabi/12.3.1/thumb/v7e-m+fp/hard/crti.o
LOAD /Users/chenguanming/Desktop/Course/Embedded/STM32CubeIDE.app/Contents/Eclipse/plugins/com.st.stm32cube.ide.mcu.externaltools.gnu-tools-for-stm32.12.3.rel1.macos64_1.1.0.202410301201/tools/bin/../lib/gcc/arm-none-eabi/12.3.1/thumb/v7e-m+fp/hard/crtbegin.o
LOAD /Users/chenguanming/Desktop/Course/Embedded/STM32CubeIDE.app/Contents/Eclipse/plugins/com.st.stm32cube.ide.mcu.externaltools.gnu-tools-for-stm32.12.3.rel1.macos64_1.1.0.202410301201/tools/bin/../lib/gcc/arm-none-eabi/12.3.1/../../../../arm-none-eabi/lib/thumb/v7e-m+fp/hard/crt0.o
LOAD ./Core/Src/main.o
LOAD ./Core/Src/stm32f4xx_hal_msp.o
LOAD ./Core/Src/stm32f4xx_hal_timebase_tim.o
LOAD ./Core/Src/stm32f4xx_it.o
LOAD ./Core/Src/syscalls.o
LOAD ./Core/Src/sysmem.o
LOAD ./Core/Src/system_stm32f4xx.o
LOAD ./Core/Startup/startup_stm32f407vgtx.o
LOAD ./Drivers/STM32F4xx_HAL_Driver/Src/stm32f4xx_hal.o
LOAD ./Drivers/STM32F4xx_HAL_Driver/Src/stm32f4xx_hal_cortex.o
LOAD ./Drivers/STM32F4xx_HAL_Driver/Src/stm32f4xx_hal_dma.o
LOAD ./Drivers/STM32F4xx_HAL_Driver/Src/stm32f4xx_hal_dma_ex.o
LOAD ./Drivers/STM32F4xx_HAL_Driver/Src/stm32f4xx_hal_exti.o
LOAD ./Drivers/STM32F4xx_HAL_Driver/Src/stm32f4xx_hal_flash.o
LOAD ./Drivers/STM32F4xx_HAL_Driver/Src/stm32f4xx_hal_flash_ex.o
LOAD ./Drivers/STM32F4xx_HAL_Driver/Src/stm32f4xx_hal_flash_ramfunc.o
LOAD ./Drivers/STM32F4xx_HAL_Driver/Src/stm32f4xx_hal_gpio.o
LOAD ./Drivers/STM32F4xx_HAL_Driver/Src/stm32f4xx_hal_pwr.o
LOAD ./Drivers/STM32F4xx_HAL_Driver/Src/stm32f4xx_hal_pwr_ex.o
LOAD ./Drivers/STM32F4xx_HAL_Driver/Src/stm32f4xx_hal_rcc.o
LOAD ./Drivers/STM32F4xx_HAL_Driver/Src/stm32f4xx_hal_rcc_ex.o
LOAD ./Drivers/STM32F4xx_HAL_Driver/Src/stm32f4xx_hal_spi.o
LOAD ./Drivers/STM32F4xx_HAL_Driver/Src/stm32f4xx_hal_tim.o
LOAD ./Drivers/STM32F4xx_HAL_Driver/Src/stm32f4xx_hal_tim_ex.o
LOAD ./FreeRTOS/croutine.o
LOAD ./FreeRTOS/event_groups.o
LOAD ./FreeRTOS/list.o
LOAD ./FreeRTOS/queue.o
LOAD ./FreeRTOS/stream_buffer.o
LOAD ./FreeRTOS/tasks.o
LOAD ./FreeRTOS/timers.o
LOAD ./FreeRTOS/portable/ARM_CM4F/port.o
LOAD ./FreeRTOS/portable/MemMang/heap_4.o
START GROUP
LOAD /Users/chenguanming/Desktop/Course/Embedded/STM32CubeIDE.app/Contents/Eclipse/plugins/com.st.stm32cube.ide.mcu.externaltools.gnu-tools-for-stm32.12.3.rel1.macos64_1.1.0.202410301201/tools/bin/../lib/gcc/arm-none-eabi/12.3.1/../../../../arm-none-eabi/lib/thumb/v7e-m+fp/hard/libc_nano.a
LOAD /Users/chenguanming/Desktop/Course/Embedded/STM32CubeIDE.app/Contents/Eclipse/plugins/com.st.stm32cube.ide.mcu.externaltools.gnu-tools-for-stm32.12.3.rel1.macos64_1.1.0.202410301201/tools/bin/../lib/gcc/arm-none-eabi/12.3.1/../../../../arm-none-eabi/lib/thumb/v7e-m+fp/hard/libm.a
END GROUP
START GROUP
LOAD /Users/chenguanming/Desktop/Course/Embedded/STM32CubeIDE.app/Contents/Eclipse/plugins/com.st.stm32cube.ide.mcu.externaltools.gnu-tools-for-stm32.12.3.rel1.macos64_1.1.0.202410301201/tools/bin/../lib/gcc/arm-none-eabi/12.3.1/thumb/v7e-m+fp/hard/libgcc.a
LOAD /Users/chenguanming/Desktop/Course/Embedded/STM32CubeIDE.app/Contents/Eclipse/plugins/com.st.stm32cube.ide.mcu.externaltools.gnu-tools-for-stm32.12.3.rel1.macos64_1.1.0.202410301201/tools/bin/../lib/gcc/arm-none-eabi/12.3.1/../../../../arm-none-eabi/lib/thumb/v7e-m+fp/hard/libc_nano.a
END GROUP
START GROUP
LOAD /Users/chenguanming/Desktop/Course/Embedded/STM32CubeIDE.app/Contents/Eclipse/plugins/com.st.stm32cube.ide.mcu.externaltools.gnu-tools-for-stm32.12.3.rel1.macos64_1.1.0.202410301201/tools/bin/../lib/gcc/arm-none-eabi/12.3.1/thumb/v7e-m+fp/hard/libgcc.a
LOAD /Users/chenguanming/Desktop/Course/Embedded/STM32CubeIDE.app/Contents/Eclipse/plugins/com.st.stm32cube.ide.mcu.externaltools.gnu-tools-for-stm32.12.3.rel1.macos64_1.1.0.202410301201/tools/bin/../lib/gcc/arm-none-eabi/12.3.1/../../../../arm-none-eabi/lib/thumb/v7e-m+fp/hard/libc_nano.a
LOAD /Users/chenguanming/Desktop/Course/Embedded/STM32CubeIDE.app/Contents/Eclipse/plugins/com.st.stm32cube.ide.mcu.externaltools.gnu-tools-for-stm32.12.3.rel1.macos64_1.1.0.202410301201/tools/bin/../lib/gcc/arm-none-eabi/12.3.1/../../../../arm-none-eabi/lib/thumb/v7e-m+fp/hard/libnosys.a
END GROUP
START GROUP
LOAD /Users/chenguanming/Desktop/Course/Embedded/STM32CubeIDE.app/Contents/Eclipse/plugins/com.st.stm32cube.ide.mcu.externaltools.gnu-tools-for-stm32.12.3.rel1.macos64_1.1.0.202410301201/tools/bin/../lib/gcc/arm-none-eabi/12.3.1/thumb/v7e-m+fp/hard/libgcc.a
LOAD /Users/chenguanming/Desktop/Course/Embedded/STM32CubeIDE.app/Contents/Eclipse/plugins/com.st.stm32cube.ide.mcu.externaltools.gnu-tools-for-stm32.12.3.rel1.macos64_1.1.0.202410301201/tools/bin/../lib/gcc/arm-none-eabi/12.3.1/../../../../arm-none-eabi/lib/thumb/v7e-m+fp/hard/libc_nano.a
LOAD /Users/chenguanming/Desktop/Course/Embedded/STM32CubeIDE.app/Contents/Eclipse/plugins/com.st.stm32cube.ide.mcu.externaltools.gnu-tools-for-stm32.12.3.rel1.macos64_1.1.0.202410301201/tools/bin/../lib/gcc/arm-none-eabi/12.3.1/../../../../arm-none-eabi/lib/thumb/v7e-m+fp/hard/libnosys.a
END GROUP
LOAD /Users/chenguanming/Desktop/Course/Embedded/STM32CubeIDE.app/Contents/Eclipse/plugins/com.st.stm32cube.ide.mcu.externaltools.gnu-tools-for-stm32.12.3.rel1.macos64_1.1.0.202410301201/tools/bin/../lib/gcc/arm-none-eabi/12.3.1/thumb/v7e-m+fp/hard/crtend.o
LOAD /Users/chenguanming/Desktop/Course/Embedded/STM32CubeIDE.app/Contents/Eclipse/plugins/com.st.stm32cube.ide.mcu.externaltools.gnu-tools-for-stm32.12.3.rel1.macos64_1.1.0.202410301201/tools/bin/../lib/gcc/arm-none-eabi/12.3.1/thumb/v7e-m+fp/hard/crtn.o
                0x20020000                        _estack = (ORIGIN (RAM) + LENGTH (RAM))
                0x00000200                        _Min_Heap_Size = 0x200
                0x00000400                        _Min_Stack_Size = 0x400

.isr_vector     0x08000000      0x188
                0x08000000                        . = ALIGN (0x4)
 *(.isr_vector)
 .isr_vector    0x08000000      0x188 ./Core/Startup/startup_stm32f407vgtx.o
                0x08000000                g_pfnVectors
                0x08000188                        . = ALIGN (0x4)

.text           0x08000190     0x5a78
                0x08000190                        . = ALIGN (0x4)
 *(.text)
 .text          0x08000190       0x40 /Users/chenguanming/Desktop/Course/Embedded/STM32CubeIDE.app/Contents/Eclipse/plugins/com.st.stm32cube.ide.mcu.externaltools.gnu-tools-for-stm32.12.3.rel1.macos64_1.1.0.202410301201/tools/bin/../lib/gcc/arm-none-eabi/12.3.1/thumb/v7e-m+fp/hard/crtbegin.o
 .text          0x080001d0       0x30 /Users/chenguanming/Desktop/Course/Embedded/STM32CubeIDE.app/Contents/Eclipse/plugins/com.st.stm32cube.ide.mcu.externaltools.gnu-tools-for-stm32.12.3.rel1.macos64_1.1.0.202410301201/tools/bin/../lib/gcc/arm-none-eabi/12.3.1/thumb/v7e-m+fp/hard/libgcc.a(_aeabi_uldivmod.o)
                0x080001d0                __aeabi_uldivmod
 .text          0x08000200      0x2bc /Users/chenguanming/Desktop/Course/Embedded/STM32CubeIDE.app/Contents/Eclipse/plugins/com.st.stm32cube.ide.mcu.externaltools.gnu-tools-for-stm32.12.3.rel1.macos64_1.1.0.202410301201/tools/bin/../lib/gcc/arm-none-eabi/12.3.1/thumb/v7e-m+fp/hard/libgcc.a(_udivmoddi4.o)
                0x08000200                __udivmoddi4
 .text          0x080004bc        0x4 /Users/chenguanming/Desktop/Course/Embedded/STM32CubeIDE.app/Contents/Eclipse/plugins/com.st.stm32cube.ide.mcu.externaltools.gnu-tools-for-stm32.12.3.rel1.macos64_1.1.0.202410301201/tools/bin/../lib/gcc/arm-none-eabi/12.3.1/thumb/v7e-m+fp/hard/libgcc.a(_dvmd_tls.o)
                0x080004bc                __aeabi_ldiv0
                0x080004bc                __aeabi_idiv0
 *(.text*)
 .text.MEMS_Write
                0x080004c0       0x4c ./Core/Src/main.o
                0x080004c0                MEMS_Write
 .text.MEMS_Read
                0x0800050c       0x54 ./Core/Src/main.o
                0x0800050c                MEMS_Read
 .text.Green_LED_Task
                0x08000560       0x24 ./Core/Src/main.o
                0x08000560                Green_LED_Task
 .text.vHandlerTask
                0x08000584       0x7c ./Core/Src/main.o
                0x08000584                vHandlerTask
 .text.Motion_Interrupt_Init
                0x08000600       0x50 ./Core/Src/main.o
                0x08000600                Motion_Interrupt_Init
 .text.main     0x08000650       0x78 ./Core/Src/main.o
                0x08000650                main
 .text.SystemClock_Config
                0x080006c8       0xd4 ./Core/Src/main.o
                0x080006c8                SystemClock_Config
 .text.MX_SPI1_Init
                0x0800079c       0x6c ./Core/Src/main.o
 .text.MX_GPIO_Init
                0x08000808      0x2ac ./Core/Src/main.o
 .text.HAL_GPIO_EXTI_Callback
                0x08000ab4       0x68 ./Core/Src/main.o
                0x08000ab4                HAL_GPIO_EXTI_Callback
 .text.HAL_TIM_PeriodElapsedCallback
                0x08000b1c       0x24 ./Core/Src/main.o
                0x08000b1c                HAL_TIM_PeriodElapsedCallback
 .text.Error_Handler
                0x08000b40        0xc ./Core/Src/main.o
                0x08000b40                Error_Handler
 .text.HAL_MspInit
                0x08000b4c       0x50 ./Core/Src/stm32f4xx_hal_msp.o
                0x08000b4c                HAL_MspInit
 .text.HAL_SPI_MspInit
                0x08000b9c       0x90 ./Core/Src/stm32f4xx_hal_msp.o
                0x08000b9c                HAL_SPI_MspInit
 .text.HAL_InitTick
                0x08000c2c       0xf8 ./Core/Src/stm32f4xx_hal_timebase_tim.o
                0x08000c2c                HAL_InitTick
 .text.NMI_Handler
                0x08000d24        0x8 ./Core/Src/stm32f4xx_it.o
                0x08000d24                NMI_Handler
 .text.HardFault_Handler
                0x08000d2c        0x8 ./Core/Src/stm32f4xx_it.o
                0x08000d2c                HardFault_Handler
 .text.MemManage_Handler
                0x08000d34        0x8 ./Core/Src/stm32f4xx_it.o
                0x08000d34                MemManage_Handler
 .text.BusFault_Handler
                0x08000d3c        0x8 ./Core/Src/stm32f4xx_it.o
                0x08000d3c                BusFault_Handler
 .text.UsageFault_Handler
                0x08000d44        0x8 ./Core/Src/stm32f4xx_it.o
                0x08000d44                UsageFault_Handler
 .text.DebugMon_Handler
                0x08000d4c        0xe ./Core/Src/stm32f4xx_it.o
                0x08000d4c                DebugMon_Handler
 .text.EXTI0_IRQHandler
                0x08000d5a        0xe ./Core/Src/stm32f4xx_it.o
                0x08000d5a                EXTI0_IRQHandler
 .text.TIM7_IRQHandler
                0x08000d68       0x14 ./Core/Src/stm32f4xx_it.o
                0x08000d68                TIM7_IRQHandler
 .text.SystemInit
                0x08000d7c       0x24 ./Core/Src/system_stm32f4xx.o
                0x08000d7c                SystemInit
 .text.Reset_Handler
                0x08000da0       0x50 ./Core/Startup/startup_stm32f407vgtx.o
                0x08000da0                Reset_Handler
 .text.Default_Handler
                0x08000df0        0x2 ./Core/Startup/startup_stm32f407vgtx.o
                0x08000df0                DMA1_Stream3_IRQHandler
                0x08000df0                HASH_RNG_IRQHandler
                0x08000df0                EXTI2_IRQHandler
                0x08000df0                TIM8_CC_IRQHandler
                0x08000df0                TIM1_CC_IRQHandler
                0x08000df0                DMA2_Stream5_IRQHandler
                0x08000df0                DMA1_Stream5_IRQHandler
                0x08000df0                PVD_IRQHandler
                0x08000df0                SDIO_IRQHandler
                0x08000df0                TAMP_STAMP_IRQHandler
                0x08000df0                CAN2_RX1_IRQHandler
                0x08000df0                EXTI3_IRQHandler
                0x08000df0                TIM8_TRG_COM_TIM14_IRQHandler
                0x08000df0                TIM1_UP_TIM10_IRQHandler
                0x08000df0                TIM8_UP_TIM13_IRQHandler
                0x08000df0                I2C3_ER_IRQHandler
                0x08000df0                I2C2_EV_IRQHandler
                0x08000df0                DMA1_Stream2_IRQHandler
                0x08000df0                CAN1_RX0_IRQHandler
                0x08000df0                FPU_IRQHandler
                0x08000df0                OTG_HS_WKUP_IRQHandler
                0x08000df0                CAN2_SCE_IRQHandler
                0x08000df0                DMA2_Stream2_IRQHandler
                0x08000df0                SPI1_IRQHandler
                0x08000df0                TIM6_DAC_IRQHandler
                0x08000df0                TIM1_BRK_TIM9_IRQHandler
                0x08000df0                DCMI_IRQHandler
                0x08000df0                CAN2_RX0_IRQHandler
                0x08000df0                DMA2_Stream3_IRQHandler
                0x08000df0                USART6_IRQHandler
                0x08000df0                USART3_IRQHandler
                0x08000df0                CAN1_RX1_IRQHandler
                0x08000df0                UART5_IRQHandler
                0x08000df0                DMA2_Stream0_IRQHandler
                0x08000df0                TIM4_IRQHandler
                0x08000df0                I2C1_EV_IRQHandler
                0x08000df0                DMA1_Stream6_IRQHandler
                0x08000df0                DMA1_Stream1_IRQHandler
                0x08000df0                UART4_IRQHandler
                0x08000df0                TIM3_IRQHandler
                0x08000df0                RCC_IRQHandler
                0x08000df0                TIM8_BRK_TIM12_IRQHandler
                0x08000df0                Default_Handler
                0x08000df0                EXTI15_10_IRQHandler
                0x08000df0                ADC_IRQHandler
                0x08000df0                DMA1_Stream7_IRQHandler
                0x08000df0                CAN2_TX_IRQHandler
                0x08000df0                TIM5_IRQHandler
                0x08000df0                DMA2_Stream7_IRQHandler
                0x08000df0                I2C3_EV_IRQHandler
                0x08000df0                EXTI9_5_IRQHandler
                0x08000df0                RTC_WKUP_IRQHandler
                0x08000df0                ETH_WKUP_IRQHandler
                0x08000df0                SPI2_IRQHandler
                0x08000df0                OTG_HS_EP1_IN_IRQHandler
                0x08000df0                DMA1_Stream0_IRQHandler
                0x08000df0                CAN1_TX_IRQHandler
                0x08000df0                EXTI4_IRQHandler
                0x08000df0                FSMC_IRQHandler
                0x08000df0                ETH_IRQHandler
                0x08000df0                OTG_HS_EP1_OUT_IRQHandler
                0x08000df0                WWDG_IRQHandler
                0x08000df0                TIM2_IRQHandler
                0x08000df0                OTG_FS_WKUP_IRQHandler
                0x08000df0                TIM1_TRG_COM_TIM11_IRQHandler
                0x08000df0                OTG_HS_IRQHandler
                0x08000df0                EXTI1_IRQHandler
                0x08000df0                USART2_IRQHandler
                0x08000df0                I2C2_ER_IRQHandler
                0x08000df0                DMA2_Stream1_IRQHandler
                0x08000df0                CAN1_SCE_IRQHandler
                0x08000df0                FLASH_IRQHandler
                0x08000df0                DMA2_Stream4_IRQHandler
                0x08000df0                USART1_IRQHandler
                0x08000df0                OTG_FS_IRQHandler
                0x08000df0                SPI3_IRQHandler
                0x08000df0                DMA1_Stream4_IRQHandler
                0x08000df0                I2C1_ER_IRQHandler
                0x08000df0                DMA2_Stream6_IRQHandler
                0x08000df0                RTC_Alarm_IRQHandler
 *fill*         0x08000df2        0x2 
 .text.HAL_Init
                0x08000df4       0x44 ./Drivers/STM32F4xx_HAL_Driver/Src/stm32f4xx_hal.o
                0x08000df4                HAL_Init
 .text.HAL_IncTick
                0x08000e38       0x28 ./Drivers/STM32F4xx_HAL_Driver/Src/stm32f4xx_hal.o
                0x08000e38                HAL_IncTick
 .text.HAL_GetTick
                0x08000e60       0x18 ./Drivers/STM32F4xx_HAL_Driver/Src/stm32f4xx_hal.o
                0x08000e60                HAL_GetTick
 .text.__NVIC_SetPriorityGrouping
                0x08000e78       0x48 ./Drivers/STM32F4xx_HAL_Driver/Src/stm32f4xx_hal_cortex.o
 .text.__NVIC_GetPriorityGrouping
                0x08000ec0       0x1c ./Drivers/STM32F4xx_HAL_Driver/Src/stm32f4xx_hal_cortex.o
 .text.__NVIC_EnableIRQ
                0x08000edc       0x3c ./Drivers/STM32F4xx_HAL_Driver/Src/stm32f4xx_hal_cortex.o
 .text.__NVIC_DisableIRQ
                0x08000f18       0x48 ./Drivers/STM32F4xx_HAL_Driver/Src/stm32f4xx_hal_cortex.o
 .text.__NVIC_ClearPendingIRQ
                0x08000f60       0x3c ./Drivers/STM32F4xx_HAL_Driver/Src/stm32f4xx_hal_cortex.o
 .text.__NVIC_SetPriority
                0x08000f9c       0x54 ./Drivers/STM32F4xx_HAL_Driver/Src/stm32f4xx_hal_cortex.o
 .text.NVIC_EncodePriority
                0x08000ff0       0x66 ./Drivers/STM32F4xx_HAL_Driver/Src/stm32f4xx_hal_cortex.o
 .text.HAL_NVIC_SetPriorityGrouping
                0x08001056       0x16 ./Drivers/STM32F4xx_HAL_Driver/Src/stm32f4xx_hal_cortex.o
                0x08001056                HAL_NVIC_SetPriorityGrouping
 .text.HAL_NVIC_SetPriority
                0x0800106c       0x38 ./Drivers/STM32F4xx_HAL_Driver/Src/stm32f4xx_hal_cortex.o
                0x0800106c                HAL_NVIC_SetPriority
 .text.HAL_NVIC_EnableIRQ
                0x080010a4       0x1c ./Drivers/STM32F4xx_HAL_Driver/Src/stm32f4xx_hal_cortex.o
                0x080010a4                HAL_NVIC_EnableIRQ
 .text.HAL_NVIC_DisableIRQ
                0x080010c0       0x1c ./Drivers/STM32F4xx_HAL_Driver/Src/stm32f4xx_hal_cortex.o
                0x080010c0                HAL_NVIC_DisableIRQ
 .text.HAL_NVIC_ClearPendingIRQ
                0x080010dc       0x1c ./Drivers/STM32F4xx_HAL_Driver/Src/stm32f4xx_hal_cortex.o
                0x080010dc                HAL_NVIC_ClearPendingIRQ
 .text.HAL_GPIO_Init
                0x080010f8      0x338 ./Drivers/STM32F4xx_HAL_Driver/Src/stm32f4xx_hal_gpio.o
                0x080010f8                HAL_GPIO_Init
 .text.HAL_GPIO_WritePin
                0x08001430       0x32 ./Drivers/STM32F4xx_HAL_Driver/Src/stm32f4xx_hal_gpio.o
                0x08001430                HAL_GPIO_WritePin
 .text.HAL_GPIO_TogglePin
                0x08001462       0x34 ./Drivers/STM32F4xx_HAL_Driver/Src/stm32f4xx_hal_gpio.o
                0x08001462                HAL_GPIO_TogglePin
 *fill*         0x08001496        0x2 
 .text.HAL_GPIO_EXTI_IRQHandler
                0x08001498       0x30 ./Drivers/STM32F4xx_HAL_Driver/Src/stm32f4xx_hal_gpio.o
                0x08001498                HAL_GPIO_EXTI_IRQHandler
 .text.HAL_RCC_OscConfig
                0x080014c8      0x4f0 ./Drivers/STM32F4xx_HAL_Driver/Src/stm32f4xx_hal_rcc.o
                0x080014c8                HAL_RCC_OscConfig
 .text.HAL_RCC_ClockConfig
                0x080019b8      0x1cc ./Drivers/STM32F4xx_HAL_Driver/Src/stm32f4xx_hal_rcc.o
                0x080019b8                HAL_RCC_ClockConfig
 .text.HAL_RCC_GetSysClockFreq
                0x08001b84      0x20c ./Drivers/STM32F4xx_HAL_Driver/Src/stm32f4xx_hal_rcc.o
                0x08001b84                HAL_RCC_GetSysClockFreq
 .text.HAL_RCC_GetHCLKFreq
                0x08001d90       0x18 ./Drivers/STM32F4xx_HAL_Driver/Src/stm32f4xx_hal_rcc.o
                0x08001d90                HAL_RCC_GetHCLKFreq
 .text.HAL_RCC_GetPCLK1Freq
                0x08001da8       0x28 ./Drivers/STM32F4xx_HAL_Driver/Src/stm32f4xx_hal_rcc.o
                0x08001da8                HAL_RCC_GetPCLK1Freq
 .text.HAL_RCC_GetClockConfig
                0x08001dd0       0x64 ./Drivers/STM32F4xx_HAL_Driver/Src/stm32f4xx_hal_rcc.o
                0x08001dd0                HAL_RCC_GetClockConfig
 .text.HAL_SPI_Init
                0x08001e34      0x112 ./Drivers/STM32F4xx_HAL_Driver/Src/stm32f4xx_hal_spi.o
                0x08001e34                HAL_SPI_Init
 .text.HAL_SPI_Transmit
                0x08001f46      0x288 ./Drivers/STM32F4xx_HAL_Driver/Src/stm32f4xx_hal_spi.o
                0x08001f46                HAL_SPI_Transmit
 .text.HAL_SPI_Receive
                0x080021ce      0x232 ./Drivers/STM32F4xx_HAL_Driver/Src/stm32f4xx_hal_spi.o
                0x080021ce                HAL_SPI_Receive
 .text.HAL_SPI_TransmitReceive
                0x08002400      0x352 ./Drivers/STM32F4xx_HAL_Driver/Src/stm32f4xx_hal_spi.o
                0x08002400                HAL_SPI_TransmitReceive
 *fill*         0x08002752        0x2 
 .text.SPI_WaitFlagStateUntilTimeout
                0x08002754      0x110 ./Drivers/STM32F4xx_HAL_Driver/Src/stm32f4xx_hal_spi.o
 .text.SPI_EndRxTransaction
                0x08002864       0xca ./Drivers/STM32F4xx_HAL_Driver/Src/stm32f4xx_hal_spi.o
 *fill*         0x0800292e        0x2 
 .text.SPI_EndRxTxTransaction
                0x08002930       0xa8 ./Drivers/STM32F4xx_HAL_Driver/Src/stm32f4xx_hal_spi.o
 .text.HAL_TIM_Base_Init
                0x080029d8       0x9e ./Drivers/STM32F4xx_HAL_Driver/Src/stm32f4xx_hal_tim.o
                0x080029d8                HAL_TIM_Base_Init
 .text.HAL_TIM_Base_MspInit
                0x08002a76       0x14 ./Drivers/STM32F4xx_HAL_Driver/Src/stm32f4xx_hal_tim.o
                0x08002a76                HAL_TIM_Base_MspInit
 *fill*         0x08002a8a        0x2 
 .text.HAL_TIM_Base_Start_IT
                0x08002a8c       0xe0 ./Drivers/STM32F4xx_HAL_Driver/Src/stm32f4xx_hal_tim.o
                0x08002a8c                HAL_TIM_Base_Start_IT
 .text.HAL_TIM_IRQHandler
                0x08002b6c      0x1e0 ./Drivers/STM32F4xx_HAL_Driver/Src/stm32f4xx_hal_tim.o
                0x08002b6c                HAL_TIM_IRQHandler
 .text.HAL_TIM_OC_DelayElapsedCallback
                0x08002d4c       0x14 ./Drivers/STM32F4xx_HAL_Driver/Src/stm32f4xx_hal_tim.o
                0x08002d4c                HAL_TIM_OC_DelayElapsedCallback
 .text.HAL_TIM_IC_CaptureCallback
                0x08002d60       0x14 ./Drivers/STM32F4xx_HAL_Driver/Src/stm32f4xx_hal_tim.o
                0x08002d60                HAL_TIM_IC_CaptureCallback
 .text.HAL_TIM_PWM_PulseFinishedCallback
                0x08002d74       0x14 ./Drivers/STM32F4xx_HAL_Driver/Src/stm32f4xx_hal_tim.o
                0x08002d74                HAL_TIM_PWM_PulseFinishedCallback
 .text.HAL_TIM_TriggerCallback
                0x08002d88       0x14 ./Drivers/STM32F4xx_HAL_Driver/Src/stm32f4xx_hal_tim.o
                0x08002d88                HAL_TIM_TriggerCallback
 .text.TIM_Base_SetConfig
                0x08002d9c      0x14c ./Drivers/STM32F4xx_HAL_Driver/Src/stm32f4xx_hal_tim.o
                0x08002d9c                TIM_Base_SetConfig
 .text.HAL_TIMEx_CommutCallback
                0x08002ee8       0x14 ./Drivers/STM32F4xx_HAL_Driver/Src/stm32f4xx_hal_tim_ex.o
                0x08002ee8                HAL_TIMEx_CommutCallback
 .text.HAL_TIMEx_BreakCallback
                0x08002efc       0x14 ./Drivers/STM32F4xx_HAL_Driver/Src/stm32f4xx_hal_tim_ex.o
                0x08002efc                HAL_TIMEx_BreakCallback
 .text.vListInitialise
                0x08002f10       0x40 ./FreeRTOS/list.o
                0x08002f10                vListInitialise
 .text.vListInitialiseItem
                0x08002f50       0x1a ./FreeRTOS/list.o
                0x08002f50                vListInitialiseItem
 .text.vListInsertEnd
                0x08002f6a       0x48 ./FreeRTOS/list.o
                0x08002f6a                vListInsertEnd
 .text.vListInsert
                0x08002fb2       0x72 ./FreeRTOS/list.o
                0x08002fb2                vListInsert
 .text.uxListRemove
                0x08003024       0x54 ./FreeRTOS/list.o
                0x08003024                uxListRemove
 .text.xQueueGenericReset
                0x08003078       0xd4 ./FreeRTOS/queue.o
                0x08003078                xQueueGenericReset
 .text.xQueueGenericCreate
                0x0800314c       0x7a ./FreeRTOS/queue.o
                0x0800314c                xQueueGenericCreate
 .text.prvInitialiseNewQueue
                0x080031c6       0x46 ./FreeRTOS/queue.o
 .text.xQueueGenericSend
                0x0800320c      0x204 ./FreeRTOS/queue.o
                0x0800320c                xQueueGenericSend
 .text.xQueueGenericSendFromISR
                0x08003410      0x136 ./FreeRTOS/queue.o
                0x08003410                xQueueGenericSendFromISR
 .text.xQueueGiveFromISR
                0x08003546      0x120 ./FreeRTOS/queue.o
                0x08003546                xQueueGiveFromISR
 *fill*         0x08003666        0x2 
 .text.xQueueReceive
                0x08003668      0x1c4 ./FreeRTOS/queue.o
                0x08003668                xQueueReceive
 .text.xQueueSemaphoreTake
                0x0800382c      0x220 ./FreeRTOS/queue.o
                0x0800382c                xQueueSemaphoreTake
 .text.prvGetDisinheritPriorityAfterTimeout
                0x08003a4c       0x30 ./FreeRTOS/queue.o
 .text.prvCopyDataToQueue
                0x08003a7c       0xd4 ./FreeRTOS/queue.o
 .text.prvCopyDataFromQueue
                0x08003b50       0x4c ./FreeRTOS/queue.o
 .text.prvUnlockQueue
                0x08003b9c       0xa4 ./FreeRTOS/queue.o
 .text.prvIsQueueEmpty
                0x08003c40       0x2c ./FreeRTOS/queue.o
 .text.prvIsQueueFull
                0x08003c6c       0x30 ./FreeRTOS/queue.o
 .text.vQueueAddToRegistry
                0x08003c9c       0x54 ./FreeRTOS/queue.o
                0x08003c9c                vQueueAddToRegistry
 .text.vQueueWaitForMessageRestricted
                0x08003cf0       0x68 ./FreeRTOS/queue.o
                0x08003cf0                vQueueWaitForMessageRestricted
 .text.xTaskCreate
                0x08003d58       0x82 ./FreeRTOS/tasks.o
                0x08003d58                xTaskCreate
 .text.prvInitialiseNewTask
                0x08003dda      0x120 ./FreeRTOS/tasks.o
 *fill*         0x08003efa        0x2 
 .text.prvAddNewTaskToReadyList
                0x08003efc       0xdc ./FreeRTOS/tasks.o
 .text.vTaskDelay
                0x08003fd8       0x6c ./FreeRTOS/tasks.o
                0x08003fd8                vTaskDelay
 .text.vTaskStartScheduler
                0x08004044       0x9c ./FreeRTOS/tasks.o
                0x08004044                vTaskStartScheduler
 .text.vTaskSuspendAll
                0x080040e0       0x1c ./FreeRTOS/tasks.o
                0x080040e0                vTaskSuspendAll
 .text.xTaskResumeAll
                0x080040fc      0x13c ./FreeRTOS/tasks.o
                0x080040fc                xTaskResumeAll
 .text.xTaskGetTickCount
                0x08004238       0x20 ./FreeRTOS/tasks.o
                0x08004238                xTaskGetTickCount
 .text.xTaskIncrementTick
                0x08004258      0x174 ./FreeRTOS/tasks.o
                0x08004258                xTaskIncrementTick
 .text.vTaskSwitchContext
                0x080043cc       0xb8 ./FreeRTOS/tasks.o
                0x080043cc                vTaskSwitchContext
 .text.vTaskPlaceOnEventList
                0x08004484       0x4c ./FreeRTOS/tasks.o
                0x08004484                vTaskPlaceOnEventList
 .text.vTaskPlaceOnEventListRestricted
                0x080044d0       0x58 ./FreeRTOS/tasks.o
                0x080044d0                vTaskPlaceOnEventListRestricted
 .text.xTaskRemoveFromEventList
                0x08004528       0xc8 ./FreeRTOS/tasks.o
                0x08004528                xTaskRemoveFromEventList
 .text.vTaskInternalSetTimeOutState
                0x080045f0       0x2c ./FreeRTOS/tasks.o
                0x080045f0                vTaskInternalSetTimeOutState
 .text.xTaskCheckForTimeOut
                0x0800461c       0xc8 ./FreeRTOS/tasks.o
                0x0800461c                xTaskCheckForTimeOut
 .text.vTaskMissedYield
                0x080046e4       0x18 ./FreeRTOS/tasks.o
                0x080046e4                vTaskMissedYield
 .text.prvIdleTask
                0x080046fc       0x30 ./FreeRTOS/tasks.o
 .text.prvInitialiseTaskLists
                0x0800472c       0x80 ./FreeRTOS/tasks.o
 .text.prvCheckTasksWaitingTermination
                0x080047ac       0x5c ./FreeRTOS/tasks.o
 .text.prvDeleteTCB
                0x08004808       0x20 ./FreeRTOS/tasks.o
 .text.prvResetNextTaskUnblockTime
                0x08004828       0x40 ./FreeRTOS/tasks.o
 .text.xTaskGetSchedulerState
                0x08004868       0x3c ./FreeRTOS/tasks.o
                0x08004868                xTaskGetSchedulerState
 .text.xTaskPriorityInherit
                0x080048a4      0x100 ./FreeRTOS/tasks.o
                0x080048a4                xTaskPriorityInherit
 .text.xTaskPriorityDisinherit
                0x080049a4      0x110 ./FreeRTOS/tasks.o
                0x080049a4                xTaskPriorityDisinherit
 .text.vTaskPriorityDisinheritAfterTimeout
                0x08004ab4      0x138 ./FreeRTOS/tasks.o
                0x08004ab4                vTaskPriorityDisinheritAfterTimeout
 .text.pvTaskIncrementMutexHeldCount
                0x08004bec       0x28 ./FreeRTOS/tasks.o
                0x08004bec                pvTaskIncrementMutexHeldCount
 .text.prvAddCurrentTaskToDelayedList
                0x08004c14       0xcc ./FreeRTOS/tasks.o
 .text.xTimerCreateTimerTask
                0x08004ce0       0x68 ./FreeRTOS/timers.o
                0x08004ce0                xTimerCreateTimerTask
 .text.xTimerGenericCommand
                0x08004d48       0x9c ./FreeRTOS/timers.o
                0x08004d48                xTimerGenericCommand
 .text.prvProcessExpiredTimer
                0x08004de4       0x9c ./FreeRTOS/timers.o
 .text.prvTimerTask
                0x08004e80       0x26 ./FreeRTOS/timers.o
 *fill*         0x08004ea6        0x2 
 .text.prvProcessTimerOrBlockTask
                0x08004ea8       0x9c ./FreeRTOS/timers.o
 .text.prvGetNextExpireTime
                0x08004f44       0x48 ./FreeRTOS/timers.o
 .text.prvSampleTimeNow
                0x08004f8c       0x40 ./FreeRTOS/timers.o
 .text.prvInsertTimerInActiveList
                0x08004fcc       0x84 ./FreeRTOS/timers.o
 .text.prvProcessReceivedCommands
                0x08005050      0x194 ./FreeRTOS/timers.o
 .text.prvSwitchTimerLists
                0x080051e4       0xcc ./FreeRTOS/timers.o
 .text.prvCheckForValidListAndQueue
                0x080052b0       0x6c ./FreeRTOS/timers.o
 .text.pxPortInitialiseStack
                0x0800531c       0x68 ./FreeRTOS/portable/ARM_CM4F/port.o
                0x0800531c                pxPortInitialiseStack
 .text.prvTaskExitError
                0x08005384       0x5c ./FreeRTOS/portable/ARM_CM4F/port.o
 .text.SVC_Handler
                0x080053e0       0x28 ./FreeRTOS/portable/ARM_CM4F/port.o
                0x080053e0                SVC_Handler
 .text.prvPortStartFirstTask
                0x08005408       0x28 ./FreeRTOS/portable/ARM_CM4F/port.o
 .text.xPortStartScheduler
                0x08005430      0x148 ./FreeRTOS/portable/ARM_CM4F/port.o
                0x08005430                xPortStartScheduler
 .text.vPortEnterCritical
                0x08005578       0x64 ./FreeRTOS/portable/ARM_CM4F/port.o
                0x08005578                vPortEnterCritical
 .text.vPortExitCritical
                0x080055dc       0x54 ./FreeRTOS/portable/ARM_CM4F/port.o
                0x080055dc                vPortExitCritical
 .text.PendSV_Handler
                0x08005630       0x68 ./FreeRTOS/portable/ARM_CM4F/port.o
                0x08005630                PendSV_Handler
 .text.SysTick_Handler
                0x08005698       0x44 ./FreeRTOS/portable/ARM_CM4F/port.o
                0x08005698                SysTick_Handler
 .text.vPortSetupTimerInterrupt
                0x080056dc       0x48 ./FreeRTOS/portable/ARM_CM4F/port.o
                0x080056dc                vPortSetupTimerInterrupt
 .text.vPortEnableVFP
                0x08005724       0x14 ./FreeRTOS/portable/ARM_CM4F/port.o
 .text.vPortValidateInterruptPriority
                0x08005738       0x84 ./FreeRTOS/portable/ARM_CM4F/port.o
                0x08005738                vPortValidateInterruptPriority
 .text.pvPortMalloc
                0x080057bc      0x190 ./FreeRTOS/portable/MemMang/heap_4.o
                0x080057bc                pvPortMalloc
 .text.vPortFree
                0x0800594c       0xb8 ./FreeRTOS/portable/MemMang/heap_4.o
                0x0800594c                vPortFree
 .text.prvHeapInit
                0x08005a04       0xc4 ./FreeRTOS/portable/MemMang/heap_4.o
 .text.prvInsertBlockIntoFreeList
                0x08005ac8       0xb4 ./FreeRTOS/portable/MemMang/heap_4.o
 .text.memset   0x08005b7c       0x10 /Users/chenguanming/Desktop/Course/Embedded/STM32CubeIDE.app/Contents/Eclipse/plugins/com.st.stm32cube.ide.mcu.externaltools.gnu-tools-for-stm32.12.3.rel1.macos64_1.1.0.202410301201/tools/bin/../lib/gcc/arm-none-eabi/12.3.1/../../../../arm-none-eabi/lib/thumb/v7e-m+fp/hard/libc_nano.a(libc_a-memset.o)
                0x08005b7c                memset
 .text.__libc_init_array
                0x08005b8c       0x48 /Users/chenguanming/Desktop/Course/Embedded/STM32CubeIDE.app/Contents/Eclipse/plugins/com.st.stm32cube.ide.mcu.externaltools.gnu-tools-for-stm32.12.3.rel1.macos64_1.1.0.202410301201/tools/bin/../lib/gcc/arm-none-eabi/12.3.1/../../../../arm-none-eabi/lib/thumb/v7e-m+fp/hard/libc_nano.a(libc_a-init.o)
                0x08005b8c                __libc_init_array
 .text.memcpy   0x08005bd4       0x1c /Users/chenguanming/Desktop/Course/Embedded/STM32CubeIDE.app/Contents/Eclipse/plugins/com.st.stm32cube.ide.mcu.externaltools.gnu-tools-for-stm32.12.3.rel1.macos64_1.1.0.202410301201/tools/bin/../lib/gcc/arm-none-eabi/12.3.1/../../../../arm-none-eabi/lib/thumb/v7e-m+fp/hard/libc_nano.a(libc_a-memcpy-stub.o)
                0x08005bd4                memcpy
 *(.glue_7)
 .glue_7        0x08005bf0        0x0 linker stubs
 *(.glue_7t)
 .glue_7t       0x08005bf0        0x0 linker stubs
 *(.eh_frame)
 .eh_frame      0x08005bf0        0x0 /Users/chenguanming/Desktop/Course/Embedded/STM32CubeIDE.app/Contents/Eclipse/plugins/com.st.stm32cube.ide.mcu.externaltools.gnu-tools-for-stm32.12.3.rel1.macos64_1.1.0.202410301201/tools/bin/../lib/gcc/arm-none-eabi/12.3.1/thumb/v7e-m+fp/hard/crtbegin.o
 *(.init)
 .init          0x08005bf0        0x4 /Users/chenguanming/Desktop/Course/Embedded/STM32CubeIDE.app/Contents/Eclipse/plugins/com.st.stm32cube.ide.mcu.externaltools.gnu-tools-for-stm32.12.3.rel1.macos64_1.1.0.202410301201/tools/bin/../lib/gcc/arm-none-eabi/12.3.1/thumb/v7e-m+fp/hard/crti.o
                0x08005bf0                _init
 .init          0x08005bf4        0x8 /Users/chenguanming/Desktop/Course/Embedded/STM32CubeIDE.app/Contents/Eclipse/plugins/com.st.stm32cube.ide.mcu.externaltools.gnu-tools-for-stm32.12.3.rel1.macos64_1.1.0.202410301201/tools/bin/../lib/gcc/arm-none-eabi/12.3.1/thumb/v7e-m+fp/hard/crtn.o
 *(.fini)
 .fini          0x08005bfc        0x4 /Users/chenguanming/Desktop/Course/Embedded/STM32CubeIDE.app/Contents/Eclipse/plugins/com.st.stm32cube.ide.mcu.externaltools.gnu-tools-for-stm32.12.3.rel1.macos64_1.1.0.202410301201/tools/bin/../lib/gcc/arm-none-eabi/12.3.1/thumb/v7e-m+fp/hard/crti.o
                0x08005bfc                _fini
 .fini          0x08005c00        0x8 /Users/chenguanming/Desktop/Course/Embedded/STM32CubeIDE.app/Contents/Eclipse/plugins/com.st.stm32cube.ide.mcu.externaltools.gnu-tools-for-stm32.12.3.rel1.macos64_1.1.0.202410301201/tools/bin/../lib/gcc/arm-none-eabi/12.3.1/thumb/v7e-m+fp/hard/crtn.o
                0x08005c08                        . = ALIGN (0x4)
                0x08005c08                        _etext = .

.vfp11_veneer   0x08005c08        0x0
 .vfp11_veneer  0x08005c08        0x0 linker stubs

.v4_bx          0x08005c08        0x0
 .v4_bx         0x08005c08        0x0 linker stubs

.iplt           0x08005c08        0x0
 .iplt          0x08005c08        0x0 /Users/chenguanming/Desktop/Course/Embedded/STM32CubeIDE.app/Contents/Eclipse/plugins/com.st.stm32cube.ide.mcu.externaltools.gnu-tools-for-stm32.12.3.rel1.macos64_1.1.0.202410301201/tools/bin/../lib/gcc/arm-none-eabi/12.3.1/thumb/v7e-m+fp/hard/crtbegin.o

.rodata         0x08005c08       0x4c
                0x08005c08                        . = ALIGN (0x4)
 *(.rodata)
 .rodata        0x08005c08       0x19 ./Core/Src/main.o
 *fill*         0x08005c21        0x3 
 .rodata        0x08005c24        0x5 ./FreeRTOS/tasks.o
 *fill*         0x08005c29        0x3 
 .rodata        0x08005c2c        0xd ./FreeRTOS/timers.o
 *(.rodata*)
 *fill*         0x08005c39        0x3 
 .rodata.AHBPrescTable
                0x08005c3c       0x10 ./Core/Src/system_stm32f4xx.o
                0x08005c3c                AHBPrescTable
 .rodata.APBPrescTable
                0x08005c4c        0x8 ./Core/Src/system_stm32f4xx.o
                0x08005c4c                APBPrescTable
                0x08005c54                        . = ALIGN (0x4)

.ARM.extab      0x08005c54        0x0
                0x08005c54                        . = ALIGN (0x4)
 *(.ARM.extab* .gnu.linkonce.armextab.*)
                0x08005c54                        . = ALIGN (0x4)

.ARM            0x08005c54        0x8
                0x08005c54                        . = ALIGN (0x4)
                0x08005c54                        __exidx_start = .
 *(.ARM.exidx*)
 .ARM.exidx     0x08005c54        0x8 /Users/chenguanming/Desktop/Course/Embedded/STM32CubeIDE.app/Contents/Eclipse/plugins/com.st.stm32cube.ide.mcu.externaltools.gnu-tools-for-stm32.12.3.rel1.macos64_1.1.0.202410301201/tools/bin/../lib/gcc/arm-none-eabi/12.3.1/thumb/v7e-m+fp/hard/libgcc.a(_udivmoddi4.o)
                0x08005c5c                        __exidx_end = .
                0x08005c5c                        . = ALIGN (0x4)

.preinit_array  0x08005c5c        0x0
                0x08005c5c                        . = ALIGN (0x4)
                0x08005c5c                        PROVIDE (__preinit_array_start = .)
 *(.preinit_array*)
                0x08005c5c                        PROVIDE (__preinit_array_end = .)
                0x08005c5c                        . = ALIGN (0x4)

.init_array     0x08005c5c        0x4
                0x08005c5c                        . = ALIGN (0x4)
                0x08005c5c                        PROVIDE (__init_array_start = .)
 *(SORT_BY_NAME(.init_array.*))
 *(.init_array*)
 .init_array    0x08005c5c        0x4 /Users/chenguanming/Desktop/Course/Embedded/STM32CubeIDE.app/Contents/Eclipse/plugins/com.st.stm32cube.ide.mcu.externaltools.gnu-tools-for-stm32.12.3.rel1.macos64_1.1.0.202410301201/tools/bin/../lib/gcc/arm-none-eabi/12.3.1/thumb/v7e-m+fp/hard/crtbegin.o
                0x08005c60                        PROVIDE (__init_array_end = .)
                0x08005c60                        . = ALIGN (0x4)

.fini_array     0x08005c60        0x4
                0x08005c60                        . = ALIGN (0x4)
                [!provide]                        PROVIDE (__fini_array_start = .)
 *(SORT_BY_NAME(.fini_array.*))
 *(.fini_array*)
 .fini_array    0x08005c60        0x4 /Users/chenguanming/Desktop/Course/Embedded/STM32CubeIDE.app/Contents/Eclipse/plugins/com.st.stm32cube.ide.mcu.externaltools.gnu-tools-for-stm32.12.3.rel1.macos64_1.1.0.202410301201/tools/bin/../lib/gcc/arm-none-eabi/12.3.1/thumb/v7e-m+fp/hard/crtbegin.o
                [!provide]                        PROVIDE (__fini_array_end = .)
                0x08005c64                        . = ALIGN (0x4)
                0x08005c64                        _sidata = LOADADDR (.data)

.rel.dyn        0x08005c64        0x0
 .rel.iplt      0x08005c64        0x0 /Users/chenguanming/Desktop/Course/Embedded/STM32CubeIDE.app/Contents/Eclipse/plugins/com.st.stm32cube.ide.mcu.externaltools.gnu-tools-for-stm32.12.3.rel1.macos64_1.1.0.202410301201/tools/bin/../lib/gcc/arm-none-eabi/12.3.1/thumb/v7e-m+fp/hard/crtbegin.o

.data           0x20000000       0x10 load address 0x08005c64
                0x20000000                        . = ALIGN (0x4)
                0x20000000                        _sdata = .
 *(.data)
 *(.data*)
 .data.SystemCoreClock
                0x20000000        0x4 ./Core/Src/system_stm32f4xx.o
                0x20000000                SystemCoreClock
 .data.uwTickPrio
                0x20000004        0x4 ./Drivers/STM32F4xx_HAL_Driver/Src/stm32f4xx_hal.o
                0x20000004                uwTickPrio
 .data.uwTickFreq
                0x20000008        0x1 ./Drivers/STM32F4xx_HAL_Driver/Src/stm32f4xx_hal.o
                0x20000008                uwTickFreq
 *fill*         0x20000009        0x3 
 .data.uxCriticalNesting
                0x2000000c        0x4 ./FreeRTOS/portable/ARM_CM4F/port.o
 *(.RamFunc)
 *(.RamFunc*)
                0x20000010                        . = ALIGN (0x4)
                0x20000010                        _edata = .
                0x08005c74                        _siccmram = LOADADDR (.ccmram)

.igot.plt       0x20000010        0x0 load address 0x08005c74
 .igot.plt      0x20000010        0x0 /Users/chenguanming/Desktop/Course/Embedded/STM32CubeIDE.app/Contents/Eclipse/plugins/com.st.stm32cube.ide.mcu.externaltools.gnu-tools-for-stm32.12.3.rel1.macos64_1.1.0.202410301201/tools/bin/../lib/gcc/arm-none-eabi/12.3.1/thumb/v7e-m+fp/hard/crtbegin.o

.ccmram         0x10000000        0x0 load address 0x08005c74
                0x10000000                        . = ALIGN (0x4)
                0x10000000                        _sccmram = .
 *(.ccmram)
 *(.ccmram*)
                0x10000000                        . = ALIGN (0x4)
                0x10000000                        _eccmram = .
                0x10000000                        . = ALIGN (0x4)

.bss            0x20000010    0x12e64
                0x20000010                        _sbss = .
                0x20000010                        __bss_start__ = _sbss
 *(.bss)
 .bss           0x20000010       0x1c /Users/chenguanming/Desktop/Course/Embedded/STM32CubeIDE.app/Contents/Eclipse/plugins/com.st.stm32cube.ide.mcu.externaltools.gnu-tools-for-stm32.12.3.rel1.macos64_1.1.0.202410301201/tools/bin/../lib/gcc/arm-none-eabi/12.3.1/thumb/v7e-m+fp/hard/crtbegin.o
 *(.bss*)
 .bss.hspi1     0x2000002c       0x58 ./Core/Src/main.o
                0x2000002c                hspi1
 .bss.xSemaphore
                0x20000084        0x4 ./Core/Src/main.o
                0x20000084                xSemaphore
 .bss.htim7     0x20000088       0x48 ./Core/Src/stm32f4xx_hal_timebase_tim.o
                0x20000088                htim7
 .bss.uwTick    0x200000d0        0x4 ./Drivers/STM32F4xx_HAL_Driver/Src/stm32f4xx_hal.o
                0x200000d0                uwTick
 .bss.xQueueRegistry
                0x200000d4       0x40 ./FreeRTOS/queue.o
                0x200000d4                xQueueRegistry
 .bss.pxCurrentTCB
                0x20000114        0x4 ./FreeRTOS/tasks.o
                0x20000114                pxCurrentTCB
 .bss.pxReadyTasksLists
                0x20000118       0x64 ./FreeRTOS/tasks.o
 .bss.xDelayedTaskList1
                0x2000017c       0x14 ./FreeRTOS/tasks.o
 .bss.xDelayedTaskList2
                0x20000190       0x14 ./FreeRTOS/tasks.o
 .bss.pxDelayedTaskList
                0x200001a4        0x4 ./FreeRTOS/tasks.o
 .bss.pxOverflowDelayedTaskList
                0x200001a8        0x4 ./FreeRTOS/tasks.o
 .bss.xPendingReadyList
                0x200001ac       0x14 ./FreeRTOS/tasks.o
 .bss.xTasksWaitingTermination
                0x200001c0       0x14 ./FreeRTOS/tasks.o
 .bss.uxDeletedTasksWaitingCleanUp
                0x200001d4        0x4 ./FreeRTOS/tasks.o
 .bss.xSuspendedTaskList
                0x200001d8       0x14 ./FreeRTOS/tasks.o
 .bss.uxCurrentNumberOfTasks
                0x200001ec        0x4 ./FreeRTOS/tasks.o
 .bss.xTickCount
                0x200001f0        0x4 ./FreeRTOS/tasks.o
 .bss.uxTopReadyPriority
                0x200001f4        0x4 ./FreeRTOS/tasks.o
 .bss.xSchedulerRunning
                0x200001f8        0x4 ./FreeRTOS/tasks.o
 .bss.uxPendedTicks
                0x200001fc        0x4 ./FreeRTOS/tasks.o
 .bss.xYieldPending
                0x20000200        0x4 ./FreeRTOS/tasks.o
 .bss.xNumOfOverflows
                0x20000204        0x4 ./FreeRTOS/tasks.o
 .bss.uxTaskNumber
                0x20000208        0x4 ./FreeRTOS/tasks.o
 .bss.xNextTaskUnblockTime
                0x2000020c        0x4 ./FreeRTOS/tasks.o
 .bss.xIdleTaskHandle
                0x20000210        0x4 ./FreeRTOS/tasks.o
 .bss.uxSchedulerSuspended
                0x20000214        0x4 ./FreeRTOS/tasks.o
 .bss.xActiveTimerList1
                0x20000218       0x14 ./FreeRTOS/timers.o
 .bss.xActiveTimerList2
                0x2000022c       0x14 ./FreeRTOS/timers.o
 .bss.pxCurrentTimerList
                0x20000240        0x4 ./FreeRTOS/timers.o
 .bss.pxOverflowTimerList
                0x20000244        0x4 ./FreeRTOS/timers.o
 .bss.xTimerQueue
                0x20000248        0x4 ./FreeRTOS/timers.o
 .bss.xTimerTaskHandle
                0x2000024c        0x4 ./FreeRTOS/timers.o
 .bss.xLastTime.0
                0x20000250        0x4 ./FreeRTOS/timers.o
 .bss.ucMaxSysCallPriority
                0x20000254        0x1 ./FreeRTOS/portable/ARM_CM4F/port.o
 *fill*         0x20000255        0x3 
 .bss.ulMaxPRIGROUPValue
                0x20000258        0x4 ./FreeRTOS/portable/ARM_CM4F/port.o
 .bss.ucHeap    0x2000025c    0x12c00 ./FreeRTOS/portable/MemMang/heap_4.o
 .bss.xStart    0x20012e5c        0x8 ./FreeRTOS/portable/MemMang/heap_4.o
 .bss.pxEnd     0x20012e64        0x4 ./FreeRTOS/portable/MemMang/heap_4.o
 .bss.xFreeBytesRemaining
                0x20012e68        0x4 ./FreeRTOS/portable/MemMang/heap_4.o
 .bss.xMinimumEverFreeBytesRemaining
                0x20012e6c        0x4 ./FreeRTOS/portable/MemMang/heap_4.o
 .bss.xBlockAllocatedBit
                0x20012e70        0x4 ./FreeRTOS/portable/MemMang/heap_4.o
 *(COMMON)
                0x20012e74                        . = ALIGN (0x4)
                0x20012e74                        _ebss = .
                0x20012e74                        __bss_end__ = _ebss

._user_heap_stack
                0x20012e74      0x604
                0x20012e78                        . = ALIGN (0x8)
 *fill*         0x20012e74        0x4 
                [!provide]                        PROVIDE (end = .)
                0x20012e78                        PROVIDE (_end = .)
                0x20013078                        . = (. + _Min_Heap_Size)
 *fill*         0x20012e78      0x200 
                0x20013478                        . = (. + _Min_Stack_Size)
 *fill*         0x20013078      0x400 
                0x20013478                        . = ALIGN (0x8)

/DISCARD/
 libc.a(*)
 libm.a(*)
 libgcc.a(*)

.ARM.attributes
                0x00000000       0x30
 *(.ARM.attributes)
 .ARM.attributes
                0x00000000       0x22 /Users/chenguanming/Desktop/Course/Embedded/STM32CubeIDE.app/Contents/Eclipse/plugins/com.st.stm32cube.ide.mcu.externaltools.gnu-tools-for-stm32.12.3.rel1.macos64_1.1.0.202410301201/tools/bin/../lib/gcc/arm-none-eabi/12.3.1/thumb/v7e-m+fp/hard/crti.o
 .ARM.attributes
                0x00000022       0x34 /Users/chenguanming/Desktop/Course/Embedded/STM32CubeIDE.app/Contents/Eclipse/plugins/com.st.stm32cube.ide.mcu.externaltools.gnu-tools-for-stm32.12.3.rel1.macos64_1.1.0.202410301201/tools/bin/../lib/gcc/arm-none-eabi/12.3.1/thumb/v7e-m+fp/hard/crtbegin.o
 .ARM.attributes
                0x00000056       0x34 ./Core/Src/main.o
 .ARM.attributes
                0x0000008a       0x34 ./Core/Src/stm32f4xx_hal_msp.o
 .ARM.attributes
                0x000000be       0x34 ./Core/Src/stm32f4xx_hal_timebase_tim.o
 .ARM.attributes
                0x000000f2       0x34 ./Core/Src/stm32f4xx_it.o
 .ARM.attributes
                0x00000126       0x34 ./Core/Src/system_stm32f4xx.o
 .ARM.attributes
                0x0000015a       0x21 ./Core/Startup/startup_stm32f407vgtx.o
 .ARM.attributes
                0x0000017b       0x34 ./Drivers/STM32F4xx_HAL_Driver/Src/stm32f4xx_hal.o
 .ARM.attributes
                0x000001af       0x34 ./Drivers/STM32F4xx_HAL_Driver/Src/stm32f4xx_hal_cortex.o
 .ARM.attributes
                0x000001e3       0x34 ./Drivers/STM32F4xx_HAL_Driver/Src/stm32f4xx_hal_gpio.o
 .ARM.attributes
                0x00000217       0x34 ./Drivers/STM32F4xx_HAL_Driver/Src/stm32f4xx_hal_rcc.o
 .ARM.attributes
                0x0000024b       0x34 ./Drivers/STM32F4xx_HAL_Driver/Src/stm32f4xx_hal_spi.o
 .ARM.attributes
                0x0000027f       0x34 ./Drivers/STM32F4xx_HAL_Driver/Src/stm32f4xx_hal_tim.o
 .ARM.attributes
                0x000002b3       0x34 ./Drivers/STM32F4xx_HAL_Driver/Src/stm32f4xx_hal_tim_ex.o
 .ARM.attributes
                0x000002e7       0x34 ./FreeRTOS/list.o
 .ARM.attributes
                0x0000031b       0x34 ./FreeRTOS/queue.o
 .ARM.attributes
                0x0000034f       0x34 ./FreeRTOS/tasks.o
 .ARM.attributes
                0x00000383       0x34 ./FreeRTOS/timers.o
 .ARM.attributes
                0x000003b7       0x34 ./FreeRTOS/portable/ARM_CM4F/port.o
 .ARM.attributes
                0x000003eb       0x34 ./FreeRTOS/portable/MemMang/heap_4.o
 .ARM.attributes
                0x0000041f       0x34 /Users/chenguanming/Desktop/Course/Embedded/STM32CubeIDE.app/Contents/Eclipse/plugins/com.st.stm32cube.ide.mcu.externaltools.gnu-tools-for-stm32.12.3.rel1.macos64_1.1.0.202410301201/tools/bin/../lib/gcc/arm-none-eabi/12.3.1/../../../../arm-none-eabi/lib/thumb/v7e-m+fp/hard/libc_nano.a(libc_a-memset.o)
 .ARM.attributes
                0x00000453       0x34 /Users/chenguanming/Desktop/Course/Embedded/STM32CubeIDE.app/Contents/Eclipse/plugins/com.st.stm32cube.ide.mcu.externaltools.gnu-tools-for-stm32.12.3.rel1.macos64_1.1.0.202410301201/tools/bin/../lib/gcc/arm-none-eabi/12.3.1/../../../../arm-none-eabi/lib/thumb/v7e-m+fp/hard/libc_nano.a(libc_a-init.o)
 .ARM.attributes
                0x00000487       0x34 /Users/chenguanming/Desktop/Course/Embedded/STM32CubeIDE.app/Contents/Eclipse/plugins/com.st.stm32cube.ide.mcu.externaltools.gnu-tools-for-stm32.12.3.rel1.macos64_1.1.0.202410301201/tools/bin/../lib/gcc/arm-none-eabi/12.3.1/../../../../arm-none-eabi/lib/thumb/v7e-m+fp/hard/libc_nano.a(libc_a-memcpy-stub.o)
 .ARM.attributes
                0x000004bb       0x22 /Users/chenguanming/Desktop/Course/Embedded/STM32CubeIDE.app/Contents/Eclipse/plugins/com.st.stm32cube.ide.mcu.externaltools.gnu-tools-for-stm32.12.3.rel1.macos64_1.1.0.202410301201/tools/bin/../lib/gcc/arm-none-eabi/12.3.1/thumb/v7e-m+fp/hard/libgcc.a(_aeabi_uldivmod.o)
 .ARM.attributes
                0x000004dd       0x34 /Users/chenguanming/Desktop/Course/Embedded/STM32CubeIDE.app/Contents/Eclipse/plugins/com.st.stm32cube.ide.mcu.externaltools.gnu-tools-for-stm32.12.3.rel1.macos64_1.1.0.202410301201/tools/bin/../lib/gcc/arm-none-eabi/12.3.1/thumb/v7e-m+fp/hard/libgcc.a(_udivmoddi4.o)
 .ARM.attributes
                0x00000511       0x22 /Users/chenguanming/Desktop/Course/Embedded/STM32CubeIDE.app/Contents/Eclipse/plugins/com.st.stm32cube.ide.mcu.externaltools.gnu-tools-for-stm32.12.3.rel1.macos64_1.1.0.202410301201/tools/bin/../lib/gcc/arm-none-eabi/12.3.1/thumb/v7e-m+fp/hard/libgcc.a(_dvmd_tls.o)
 .ARM.attributes
                0x00000533       0x22 /Users/chenguanming/Desktop/Course/Embedded/STM32CubeIDE.app/Contents/Eclipse/plugins/com.st.stm32cube.ide.mcu.externaltools.gnu-tools-for-stm32.12.3.rel1.macos64_1.1.0.202410301201/tools/bin/../lib/gcc/arm-none-eabi/12.3.1/thumb/v7e-m+fp/hard/crtn.o
OUTPUT(Lab_3.elf elf32-littlearm)
LOAD linker stubs
LOAD /Users/chenguanming/Desktop/Course/Embedded/STM32CubeIDE.app/Contents/Eclipse/plugins/com.st.stm32cube.ide.mcu.externaltools.gnu-tools-for-stm32.12.3.rel1.macos64_1.1.0.202410301201/tools/bin/../lib/gcc/arm-none-eabi/12.3.1/../../../../arm-none-eabi/lib/thumb/v7e-m+fp/hard/libc.a
LOAD /Users/chenguanming/Desktop/Course/Embedded/STM32CubeIDE.app/Contents/Eclipse/plugins/com.st.stm32cube.ide.mcu.externaltools.gnu-tools-for-stm32.12.3.rel1.macos64_1.1.0.202410301201/tools/bin/../lib/gcc/arm-none-eabi/12.3.1/../../../../arm-none-eabi/lib/thumb/v7e-m+fp/hard/libm.a
LOAD /Users/chenguanming/Desktop/Course/Embedded/STM32CubeIDE.app/Contents/Eclipse/plugins/com.st.stm32cube.ide.mcu.externaltools.gnu-tools-for-stm32.12.3.rel1.macos64_1.1.0.202410301201/tools/bin/../lib/gcc/arm-none-eabi/12.3.1/thumb/v7e-m+fp/hard/libgcc.a

.debug_info     0x00000000     0xffd9
 .debug_info    0x00000000     0x15df ./Core/Src/main.o
 .debug_info    0x000015df      0x920 ./Core/Src/stm32f4xx_hal_msp.o
 .debug_info    0x00001eff      0xbee ./Core/Src/stm32f4xx_hal_timebase_tim.o
 .debug_info    0x00002aed      0x6ea ./Core/Src/stm32f4xx_it.o
 .debug_info    0x000031d7      0x512 ./Core/Src/system_stm32f4xx.o
 .debug_info    0x000036e9       0x30 ./Core/Startup/startup_stm32f407vgtx.o
 .debug_info    0x00003719      0x944 ./Drivers/STM32F4xx_HAL_Driver/Src/stm32f4xx_hal.o
 .debug_info    0x0000405d      0xd8c ./Drivers/STM32F4xx_HAL_Driver/Src/stm32f4xx_hal_cortex.o
 .debug_info    0x00004de9      0x6c3 ./Drivers/STM32F4xx_HAL_Driver/Src/stm32f4xx_hal_gpio.o
 .debug_info    0x000054ac      0x8c3 ./Drivers/STM32F4xx_HAL_Driver/Src/stm32f4xx_hal_rcc.o
 .debug_info    0x00005d6f     0x1525 ./Drivers/STM32F4xx_HAL_Driver/Src/stm32f4xx_hal_spi.o
 .debug_info    0x00007294     0x299d ./Drivers/STM32F4xx_HAL_Driver/Src/stm32f4xx_hal_tim.o
 .debug_info    0x00009c31     0x14db ./Drivers/STM32F4xx_HAL_Driver/Src/stm32f4xx_hal_tim_ex.o
 .debug_info    0x0000b10c      0x2af ./FreeRTOS/list.o
 .debug_info    0x0000b3bb     0x1740 ./FreeRTOS/queue.o
 .debug_info    0x0000cafb     0x1e4f ./FreeRTOS/tasks.o
 .debug_info    0x0000e94a      0xdec ./FreeRTOS/timers.o
 .debug_info    0x0000f736      0x4de ./FreeRTOS/portable/ARM_CM4F/port.o
 .debug_info    0x0000fc14      0x3c5 ./FreeRTOS/portable/MemMang/heap_4.o

.debug_abbrev   0x00000000     0x29d0
 .debug_abbrev  0x00000000      0x327 ./Core/Src/main.o
 .debug_abbrev  0x00000327      0x1ae ./Core/Src/stm32f4xx_hal_msp.o
 .debug_abbrev  0x000004d5      0x1f4 ./Core/Src/stm32f4xx_hal_timebase_tim.o
 .debug_abbrev  0x000006c9      0x194 ./Core/Src/stm32f4xx_it.o
 .debug_abbrev  0x0000085d      0x11a ./Core/Src/system_stm32f4xx.o
 .debug_abbrev  0x00000977       0x24 ./Core/Startup/startup_stm32f407vgtx.o
 .debug_abbrev  0x0000099b      0x214 ./Drivers/STM32F4xx_HAL_Driver/Src/stm32f4xx_hal.o
 .debug_abbrev  0x00000baf      0x31d ./Drivers/STM32F4xx_HAL_Driver/Src/stm32f4xx_hal_cortex.o
 .debug_abbrev  0x00000ecc      0x1d4 ./Drivers/STM32F4xx_HAL_Driver/Src/stm32f4xx_hal_gpio.o
 .debug_abbrev  0x000010a0      0x2b7 ./Drivers/STM32F4xx_HAL_Driver/Src/stm32f4xx_hal_rcc.o
 .debug_abbrev  0x00001357      0x27a ./Drivers/STM32F4xx_HAL_Driver/Src/stm32f4xx_hal_spi.o
 .debug_abbrev  0x000015d1      0x278 ./Drivers/STM32F4xx_HAL_Driver/Src/stm32f4xx_hal_tim.o
 .debug_abbrev  0x00001849      0x283 ./Drivers/STM32F4xx_HAL_Driver/Src/stm32f4xx_hal_tim_ex.o
 .debug_abbrev  0x00001acc       0xf5 ./FreeRTOS/list.o
 .debug_abbrev  0x00001bc1      0x352 ./FreeRTOS/queue.o
 .debug_abbrev  0x00001f13      0x37e ./FreeRTOS/tasks.o
 .debug_abbrev  0x00002291      0x2de ./FreeRTOS/timers.o
 .debug_abbrev  0x0000256f      0x25c ./FreeRTOS/portable/ARM_CM4F/port.o
 .debug_abbrev  0x000027cb      0x205 ./FreeRTOS/portable/MemMang/heap_4.o

.debug_aranges  0x00000000     0x1088
 .debug_aranges
                0x00000000       0x80 ./Core/Src/main.o
 .debug_aranges
                0x00000080       0x30 ./Core/Src/stm32f4xx_hal_msp.o
 .debug_aranges
                0x000000b0       0x30 ./Core/Src/stm32f4xx_hal_timebase_tim.o
 .debug_aranges
                0x000000e0       0x58 ./Core/Src/stm32f4xx_it.o
 .debug_aranges
                0x00000138       0x28 ./Core/Src/system_stm32f4xx.o
 .debug_aranges
                0x00000160       0x28 ./Core/Startup/startup_stm32f407vgtx.o
 .debug_aranges
                0x00000188       0xf0 ./Drivers/STM32F4xx_HAL_Driver/Src/stm32f4xx_hal.o
 .debug_aranges
                0x00000278      0x130 ./Drivers/STM32F4xx_HAL_Driver/Src/stm32f4xx_hal_cortex.o
 .debug_aranges
                0x000003a8       0x58 ./Drivers/STM32F4xx_HAL_Driver/Src/stm32f4xx_hal_gpio.o
 .debug_aranges
                0x00000400       0x88 ./Drivers/STM32F4xx_HAL_Driver/Src/stm32f4xx_hal_rcc.o
 .debug_aranges
                0x00000488      0x1d0 ./Drivers/STM32F4xx_HAL_Driver/Src/stm32f4xx_hal_spi.o
 .debug_aranges
                0x00000658      0x3d0 ./Drivers/STM32F4xx_HAL_Driver/Src/stm32f4xx_hal_tim.o
 .debug_aranges
                0x00000a28      0x168 ./Drivers/STM32F4xx_HAL_Driver/Src/stm32f4xx_hal_tim_ex.o
 .debug_aranges
                0x00000b90       0x40 ./FreeRTOS/list.o
 .debug_aranges
                0x00000bd0      0x130 ./FreeRTOS/queue.o
 .debug_aranges
                0x00000d00      0x1e8 ./FreeRTOS/tasks.o
 .debug_aranges
                0x00000ee8       0xd0 ./FreeRTOS/timers.o
 .debug_aranges
                0x00000fb8       0x80 ./FreeRTOS/portable/ARM_CM4F/port.o
 .debug_aranges
                0x00001038       0x50 ./FreeRTOS/portable/MemMang/heap_4.o

.debug_rnglists
                0x00000000      0xcc0
 .debug_rnglists
                0x00000000       0x5d ./Core/Src/main.o
 .debug_rnglists
                0x0000005d       0x20 ./Core/Src/stm32f4xx_hal_msp.o
 .debug_rnglists
                0x0000007d       0x20 ./Core/Src/stm32f4xx_hal_timebase_tim.o
 .debug_rnglists
                0x0000009d       0x3d ./Core/Src/stm32f4xx_it.o
 .debug_rnglists
                0x000000da       0x1a ./Core/Src/system_stm32f4xx.o
 .debug_rnglists
                0x000000f4       0x19 ./Core/Startup/startup_stm32f407vgtx.o
 .debug_rnglists
                0x0000010d       0xaf ./Drivers/STM32F4xx_HAL_Driver/Src/stm32f4xx_hal.o
 .debug_rnglists
                0x000001bc       0xe0 ./Drivers/STM32F4xx_HAL_Driver/Src/stm32f4xx_hal_cortex.o
 .debug_rnglists
                0x0000029c       0x3f ./Drivers/STM32F4xx_HAL_Driver/Src/stm32f4xx_hal_gpio.o
 .debug_rnglists
                0x000002db       0x66 ./Drivers/STM32F4xx_HAL_Driver/Src/stm32f4xx_hal_rcc.o
 .debug_rnglists
                0x00000341      0x16f ./Drivers/STM32F4xx_HAL_Driver/Src/stm32f4xx_hal_spi.o
 .debug_rnglists
                0x000004b0      0x31a ./Drivers/STM32F4xx_HAL_Driver/Src/stm32f4xx_hal_tim.o
 .debug_rnglists
                0x000007ca      0x125 ./Drivers/STM32F4xx_HAL_Driver/Src/stm32f4xx_hal_tim_ex.o
 .debug_rnglists
                0x000008ef       0x2b ./FreeRTOS/list.o
 .debug_rnglists
                0x0000091a       0xea ./FreeRTOS/queue.o
 .debug_rnglists
                0x00000a04      0x187 ./FreeRTOS/tasks.o
 .debug_rnglists
                0x00000b8b       0x9d ./FreeRTOS/timers.o
 .debug_rnglists
                0x00000c28       0x5d ./FreeRTOS/portable/ARM_CM4F/port.o
 .debug_rnglists
                0x00000c85       0x3b ./FreeRTOS/portable/MemMang/heap_4.o

.debug_macro    0x00000000    0x21c00
 .debug_macro   0x00000000      0x267 ./Core/Src/main.o
 .debug_macro   0x00000267      0xab4 ./Core/Src/main.o
 .debug_macro   0x00000d1b      0x29b ./Core/Src/main.o
 .debug_macro   0x00000fb6       0x2e ./Core/Src/main.o
 .debug_macro   0x00000fe4       0x2f ./Core/Src/main.o
 .debug_macro   0x00001013       0x22 ./Core/Src/main.o
 .debug_macro   0x00001035       0x8e ./Core/Src/main.o
 .debug_macro   0x000010c3       0x51 ./Core/Src/main.o
 .debug_macro   0x00001114      0x103 ./Core/Src/main.o
 .debug_macro   0x00001217       0x6a ./Core/Src/main.o
 .debug_macro   0x00001281      0x1df ./Core/Src/main.o
 .debug_macro   0x00001460       0x1c ./Core/Src/main.o
 .debug_macro   0x0000147c       0x22 ./Core/Src/main.o
 .debug_macro   0x0000149e       0xfb ./Core/Src/main.o
 .debug_macro   0x00001599     0x1011 ./Core/Src/main.o
 .debug_macro   0x000025aa      0x11f ./Core/Src/main.o
 .debug_macro   0x000026c9    0x15ea5 ./Core/Src/main.o
 .debug_macro   0x0001856e       0x6d ./Core/Src/main.o
 .debug_macro   0x000185db     0x3693 ./Core/Src/main.o
 .debug_macro   0x0001bc6e      0x189 ./Core/Src/main.o
 .debug_macro   0x0001bdf7       0x5c ./Core/Src/main.o
 .debug_macro   0x0001be53      0x980 ./Core/Src/main.o
 .debug_macro   0x0001c7d3      0x9e9 ./Core/Src/main.o
 .debug_macro   0x0001d1bc      0x115 ./Core/Src/main.o
 .debug_macro   0x0001d2d1      0x13e ./Core/Src/main.o
 .debug_macro   0x0001d40f       0xa5 ./Core/Src/main.o
 .debug_macro   0x0001d4b4      0x174 ./Core/Src/main.o
 .debug_macro   0x0001d628      0x287 ./Core/Src/main.o
 .debug_macro   0x0001d8af       0x5f ./Core/Src/main.o
 .debug_macro   0x0001d90e      0x236 ./Core/Src/main.o
 .debug_macro   0x0001db44      0x12c ./Core/Src/main.o
 .debug_macro   0x0001dc70      0x21e ./Core/Src/main.o
 .debug_macro   0x0001de8e       0x2e ./Core/Src/main.o
 .debug_macro   0x0001debc      0x127 ./Core/Src/main.o
 .debug_macro   0x0001dfe3       0x7e ./Core/Src/main.o
 .debug_macro   0x0001e061       0x89 ./Core/Src/main.o
 .debug_macro   0x0001e0ea      0x225 ./Core/Src/main.o
 .debug_macro   0x0001e30f      0x8ed ./Core/Src/main.o
 .debug_macro   0x0001ebfc       0x4d ./Core/Src/main.o
 .debug_macro   0x0001ec49      0x12d ./Core/Src/main.o
 .debug_macro   0x0001ed76      0x106 ./Core/Src/main.o
 .debug_macro   0x0001ee7c      0x15a ./Core/Src/main.o
 .debug_macro   0x0001efd6       0xe4 ./Core/Src/main.o
 .debug_macro   0x0001f0ba       0x1c ./Core/Src/main.o
 .debug_macro   0x0001f0d6       0x26 ./Core/Src/main.o
 .debug_macro   0x0001f0fc      0x4d3 ./Core/Src/main.o
 .debug_macro   0x0001f5cf       0xb5 ./Core/Src/main.o
 .debug_macro   0x0001f684       0xaa ./Core/Src/main.o
 .debug_macro   0x0001f72e       0x80 ./Core/Src/main.o
 .debug_macro   0x0001f7ae       0x7e ./Core/Src/main.o
 .debug_macro   0x0001f82c      0x211 ./Core/Src/main.o
 .debug_macro   0x0001fa3d      0x267 ./Core/Src/stm32f4xx_hal_msp.o
 .debug_macro   0x0001fca4      0x1ce ./Core/Src/stm32f4xx_hal_timebase_tim.o
 .debug_macro   0x0001fe72      0x271 ./Core/Src/stm32f4xx_it.o
 .debug_macro   0x000200e3      0x1ce ./Core/Src/system_stm32f4xx.o
 .debug_macro   0x000202b1      0x22e ./Drivers/STM32F4xx_HAL_Driver/Src/stm32f4xx_hal.o
 .debug_macro   0x000204df      0x1ce ./Drivers/STM32F4xx_HAL_Driver/Src/stm32f4xx_hal_cortex.o
 .debug_macro   0x000206ad      0x1d4 ./Drivers/STM32F4xx_HAL_Driver/Src/stm32f4xx_hal_gpio.o
 .debug_macro   0x00020881      0x1f2 ./Drivers/STM32F4xx_HAL_Driver/Src/stm32f4xx_hal_rcc.o
 .debug_macro   0x00020a73      0x1dd ./Drivers/STM32F4xx_HAL_Driver/Src/stm32f4xx_hal_spi.o
 .debug_macro   0x00020c50      0x1cf ./Drivers/STM32F4xx_HAL_Driver/Src/stm32f4xx_hal_tim.o
 .debug_macro   0x00020e1f      0x1ce ./Drivers/STM32F4xx_HAL_Driver/Src/stm32f4xx_hal_tim_ex.o
 .debug_macro   0x00020fed      0x187 ./FreeRTOS/list.o
 .debug_macro   0x00021174      0x216 ./FreeRTOS/queue.o
 .debug_macro   0x0002138a       0x16 ./FreeRTOS/queue.o
 .debug_macro   0x000213a0       0x20 ./FreeRTOS/queue.o
 .debug_macro   0x000213c0      0x279 ./FreeRTOS/tasks.o
 .debug_macro   0x00021639       0x10 ./FreeRTOS/tasks.o
 .debug_macro   0x00021649      0x1dc ./FreeRTOS/timers.o
 .debug_macro   0x00021825       0x97 ./FreeRTOS/timers.o
 .debug_macro   0x000218bc      0x196 ./FreeRTOS/portable/ARM_CM4F/port.o
 .debug_macro   0x00021a52      0x1ae ./FreeRTOS/portable/MemMang/heap_4.o

.debug_line     0x00000000    0x12631
 .debug_line    0x00000000      0xb71 ./Core/Src/main.o
 .debug_line    0x00000b71      0x8d5 ./Core/Src/stm32f4xx_hal_msp.o
 .debug_line    0x00001446      0x7ce ./Core/Src/stm32f4xx_hal_timebase_tim.o
 .debug_line    0x00001c14      0x93d ./Core/Src/stm32f4xx_it.o
 .debug_line    0x00002551      0x7c8 ./Core/Src/system_stm32f4xx.o
 .debug_line    0x00002d19       0x7a ./Core/Startup/startup_stm32f407vgtx.o
 .debug_line    0x00002d93      0xa40 ./Drivers/STM32F4xx_HAL_Driver/Src/stm32f4xx_hal.o
 .debug_line    0x000037d3      0xd32 ./Drivers/STM32F4xx_HAL_Driver/Src/stm32f4xx_hal_cortex.o
 .debug_line    0x00004505      0xbcc ./Drivers/STM32F4xx_HAL_Driver/Src/stm32f4xx_hal_gpio.o
 .debug_line    0x000050d1      0xdcb ./Drivers/STM32F4xx_HAL_Driver/Src/stm32f4xx_hal_rcc.o
 .debug_line    0x00005e9c     0x1d64 ./Drivers/STM32F4xx_HAL_Driver/Src/stm32f4xx_hal_spi.o
 .debug_line    0x00007c00     0x37dc ./Drivers/STM32F4xx_HAL_Driver/Src/stm32f4xx_hal_tim.o
 .debug_line    0x0000b3dc     0x1a36 ./Drivers/STM32F4xx_HAL_Driver/Src/stm32f4xx_hal_tim_ex.o
 .debug_line    0x0000ce12      0x7ac ./FreeRTOS/list.o
 .debug_line    0x0000d5be     0x15bc ./FreeRTOS/queue.o
 .debug_line    0x0000eb7a     0x1bee ./FreeRTOS/tasks.o
 .debug_line    0x00010768      0xcec ./FreeRTOS/timers.o
 .debug_line    0x00011454      0x86c ./FreeRTOS/portable/ARM_CM4F/port.o
 .debug_line    0x00011cc0      0x971 ./FreeRTOS/portable/MemMang/heap_4.o

.debug_str      0x00000000    0xd256a
 .debug_str     0x00000000    0xc97ba ./Core/Src/main.o
                              0xc9bae (size before relaxing)
 .debug_str     0x000c97ba       0x63 ./Core/Src/stm32f4xx_hal_msp.o
                              0xc8f81 (size before relaxing)
 .debug_str     0x000c981d      0x107 ./Core/Src/stm32f4xx_hal_timebase_tim.o
                              0xc41cd (size before relaxing)
 .debug_str     0x000c9924       0xdf ./Core/Src/stm32f4xx_it.o
                              0xc8f71 (size before relaxing)
 .debug_str     0x000c9a03       0xdb ./Core/Src/system_stm32f4xx.o
                              0xc36d6 (size before relaxing)
 .debug_str     0x000c9ade       0x44 ./Core/Startup/startup_stm32f407vgtx.o
                                 0x7c (size before relaxing)
 .debug_str     0x000c9b22      0x5bd ./Drivers/STM32F4xx_HAL_Driver/Src/stm32f4xx_hal.o
                              0xc425a (size before relaxing)
 .debug_str     0x000ca0df      0x352 ./Drivers/STM32F4xx_HAL_Driver/Src/stm32f4xx_hal_cortex.o
                              0xc3fd6 (size before relaxing)
 .debug_str     0x000ca431       0xb8 ./Drivers/STM32F4xx_HAL_Driver/Src/stm32f4xx_hal_gpio.o
                              0xc3851 (size before relaxing)
 .debug_str     0x000ca4e9      0x1fd ./Drivers/STM32F4xx_HAL_Driver/Src/stm32f4xx_hal_rcc.o
                              0xc3b0a (size before relaxing)
 .debug_str     0x000ca6e6      0x576 ./Drivers/STM32F4xx_HAL_Driver/Src/stm32f4xx_hal_spi.o
                              0xc3f94 (size before relaxing)
 .debug_str     0x000cac5c      0xe41 ./Drivers/STM32F4xx_HAL_Driver/Src/stm32f4xx_hal_tim.o
                              0xc4a60 (size before relaxing)
 .debug_str     0x000cba9d      0x503 ./Drivers/STM32F4xx_HAL_Driver/Src/stm32f4xx_hal_tim_ex.o
                              0xc426c (size before relaxing)
 .debug_str     0x000cbfa0     0x32dc ./FreeRTOS/list.o
                               0xaae7 (size before relaxing)
 .debug_str     0x000cf27c      0xaaf ./FreeRTOS/queue.o
                               0xc3b0 (size before relaxing)
 .debug_str     0x000cfd2b     0x19dd ./FreeRTOS/tasks.o
                               0xcf88 (size before relaxing)
 .debug_str     0x000d1708      0x4e7 ./FreeRTOS/timers.o
                               0xc761 (size before relaxing)
 .debug_str     0x000d1bef      0x760 ./FreeRTOS/portable/ARM_CM4F/port.o
                               0x8728 (size before relaxing)
 .debug_str     0x000d234f      0x21b ./FreeRTOS/portable/MemMang/heap_4.o
                               0xb304 (size before relaxing)

.comment        0x00000000       0x43
 .comment       0x00000000       0x43 ./Core/Src/main.o
                                 0x44 (size before relaxing)
 .comment       0x00000043       0x44 ./Core/Src/stm32f4xx_hal_msp.o
 .comment       0x00000043       0x44 ./Core/Src/stm32f4xx_hal_timebase_tim.o
 .comment       0x00000043       0x44 ./Core/Src/stm32f4xx_it.o
 .comment       0x00000043       0x44 ./Core/Src/system_stm32f4xx.o
 .comment       0x00000043       0x44 ./Drivers/STM32F4xx_HAL_Driver/Src/stm32f4xx_hal.o
 .comment       0x00000043       0x44 ./Drivers/STM32F4xx_HAL_Driver/Src/stm32f4xx_hal_cortex.o
 .comment       0x00000043       0x44 ./Drivers/STM32F4xx_HAL_Driver/Src/stm32f4xx_hal_gpio.o
 .comment       0x00000043       0x44 ./Drivers/STM32F4xx_HAL_Driver/Src/stm32f4xx_hal_rcc.o
 .comment       0x00000043       0x44 ./Drivers/STM32F4xx_HAL_Driver/Src/stm32f4xx_hal_spi.o
 .comment       0x00000043       0x44 ./Drivers/STM32F4xx_HAL_Driver/Src/stm32f4xx_hal_tim.o
 .comment       0x00000043       0x44 ./Drivers/STM32F4xx_HAL_Driver/Src/stm32f4xx_hal_tim_ex.o
 .comment       0x00000043       0x44 ./FreeRTOS/list.o
 .comment       0x00000043       0x44 ./FreeRTOS/queue.o
 .comment       0x00000043       0x44 ./FreeRTOS/tasks.o
 .comment       0x00000043       0x44 ./FreeRTOS/timers.o
 .comment       0x00000043       0x44 ./FreeRTOS/portable/ARM_CM4F/port.o
 .comment       0x00000043       0x44 ./FreeRTOS/portable/MemMang/heap_4.o

.debug_frame    0x00000000     0x450c
 .debug_frame   0x00000000      0x1bc ./Core/Src/main.o
 .debug_frame   0x000001bc       0x80 ./Core/Src/stm32f4xx_hal_msp.o
 .debug_frame   0x0000023c       0x74 ./Core/Src/stm32f4xx_hal_timebase_tim.o
 .debug_frame   0x000002b0       0xe0 ./Core/Src/stm32f4xx_it.o
 .debug_frame   0x00000390       0x58 ./Core/Src/system_stm32f4xx.o
 .debug_frame   0x000003e8      0x374 ./Drivers/STM32F4xx_HAL_Driver/Src/stm32f4xx_hal.o
 .debug_frame   0x0000075c      0x508 ./Drivers/STM32F4xx_HAL_Driver/Src/stm32f4xx_hal_cortex.o
 .debug_frame   0x00000c64      0x14c ./Drivers/STM32F4xx_HAL_Driver/Src/stm32f4xx_hal_gpio.o
 .debug_frame   0x00000db0      0x1f4 ./Drivers/STM32F4xx_HAL_Driver/Src/stm32f4xx_hal_rcc.o
 .debug_frame   0x00000fa4      0x828 ./Drivers/STM32F4xx_HAL_Driver/Src/stm32f4xx_hal_spi.o
 .debug_frame   0x000017cc     0x11c0 ./Drivers/STM32F4xx_HAL_Driver/Src/stm32f4xx_hal_tim.o
 .debug_frame   0x0000298c      0x638 ./Drivers/STM32F4xx_HAL_Driver/Src/stm32f4xx_hal_tim_ex.o
 .debug_frame   0x00002fc4       0xd8 ./FreeRTOS/list.o
 .debug_frame   0x0000309c      0x530 ./FreeRTOS/queue.o
 .debug_frame   0x000035cc      0x854 ./FreeRTOS/tasks.o
 .debug_frame   0x00003e20      0x368 ./FreeRTOS/timers.o
 .debug_frame   0x00004188      0x1a8 ./FreeRTOS/portable/ARM_CM4F/port.o
 .debug_frame   0x00004330      0x108 ./FreeRTOS/portable/MemMang/heap_4.o
 .debug_frame   0x00004438       0x20 /Users/chenguanming/Desktop/Course/Embedded/STM32CubeIDE.app/Contents/Eclipse/plugins/com.st.stm32cube.ide.mcu.externaltools.gnu-tools-for-stm32.12.3.rel1.macos64_1.1.0.202410301201/tools/bin/../lib/gcc/arm-none-eabi/12.3.1/../../../../arm-none-eabi/lib/thumb/v7e-m+fp/hard/libc_nano.a(libc_a-memset.o)
 .debug_frame   0x00004458       0x2c /Users/chenguanming/Desktop/Course/Embedded/STM32CubeIDE.app/Contents/Eclipse/plugins/com.st.stm32cube.ide.mcu.externaltools.gnu-tools-for-stm32.12.3.rel1.macos64_1.1.0.202410301201/tools/bin/../lib/gcc/arm-none-eabi/12.3.1/../../../../arm-none-eabi/lib/thumb/v7e-m+fp/hard/libc_nano.a(libc_a-init.o)
 .debug_frame   0x00004484       0x28 /Users/chenguanming/Desktop/Course/Embedded/STM32CubeIDE.app/Contents/Eclipse/plugins/com.st.stm32cube.ide.mcu.externaltools.gnu-tools-for-stm32.12.3.rel1.macos64_1.1.0.202410301201/tools/bin/../lib/gcc/arm-none-eabi/12.3.1/../../../../arm-none-eabi/lib/thumb/v7e-m+fp/hard/libc_nano.a(libc_a-memcpy-stub.o)
 .debug_frame   0x000044ac       0x2c /Users/chenguanming/Desktop/Course/Embedded/STM32CubeIDE.app/Contents/Eclipse/plugins/com.st.stm32cube.ide.mcu.externaltools.gnu-tools-for-stm32.12.3.rel1.macos64_1.1.0.202410301201/tools/bin/../lib/gcc/arm-none-eabi/12.3.1/thumb/v7e-m+fp/hard/libgcc.a(_aeabi_uldivmod.o)
 .debug_frame   0x000044d8       0x34 /Users/chenguanming/Desktop/Course/Embedded/STM32CubeIDE.app/Contents/Eclipse/plugins/com.st.stm32cube.ide.mcu.externaltools.gnu-tools-for-stm32.12.3.rel1.macos64_1.1.0.202410301201/tools/bin/../lib/gcc/arm-none-eabi/12.3.1/thumb/v7e-m+fp/hard/libgcc.a(_udivmoddi4.o)

.debug_line_str
                0x00000000       0x60
 .debug_line_str
                0x00000000       0x60 ./Core/Startup/startup_stm32f407vgtx.o
