../Core/Src/main.c:57:6:USART_Test	72	static
../Core/Src/main.c:75:6:TaskMonitor_App	16	static
../Core/Src/main.c:82:6:Red_LED_App	24	static
../Core/Src/main.c:91:6:Green_LED_App	24	static
../Core/Src/main.c:99:6:Delay_App	24	static
../Core/Src/main.c:124:5:main	16	static
../Core/Src/main.c:174:6:SystemClock_Config	88	static
../Core/Src/main.c:221:13:MX_USART2_UART_Init	8	static
../Core/Src/main.c:254:13:MX_GPIO_Init	56	static
../Core/Src/main.c:403:6:HAL_TIM_PeriodElapsedCallback	16	static
../Core/Src/main.c:420:6:Error_Handler	4	static,ignoring_inline_asm
