../Core/Src/main.c:60:6:MEMS_Write	16	static
../Core/Src/main.c:67:6:MEMS_Read	16	static
../Core/Src/main.c:75:6:LED_Task	24	static
../Core/Src/main.c:88:6:Green_LED_Task	16	static
../Core/Src/main.c:98:6:vHandlerTask	32	static
../Core/Src/main.c:130:6:Motion_Interrupt_Init	8	static
../Core/Src/main.c:163:5:main	16	static
../Core/Src/main.c:218:6:SystemClock_Config	88	static
../Core/Src/main.c:265:13:MX_SPI1_Init	8	static
../Core/Src/main.c:303:13:MX_GPIO_Init	56	static
../Core/Src/main.c:437:6:HAL_GPIO_EXTI_Callback	24	static,ignoring_inline_asm
../Core/Src/main.c:467:6:HAL_TIM_PeriodElapsedCallback	16	static
../Core/Src/main.c:484:6:Error_Handler	4	static,ignoring_inline_asm
